******************************************************************************
                  TI ARM Linker PC v18.12.3                    
******************************************************************************
>> Linked Fri Oct  9 13:44:17 2020

OUTPUT FILE NAME:   <PR13.out>
ENTRY POINT SYMBOL: "_c_int00"  address: 00005485


MEMORY CONFIGURATION

         name            origin    length      used     unused   attr    fill
----------------------  --------  ---------  --------  --------  ----  --------
  FLASH                 00000000   00040000  00009da1  0003625f  R  X
  SRAM                  20000000   00008000  00005d28  000022d8  RW X


SEGMENT ALLOCATION MAP

run origin  load origin   length   init length attrs members
----------  ----------- ---------- ----------- ----- -------
00000000    00000000    00009da8   00009da8    r-x
  00000000    00000000    0000003c   0000003c    r-- .resetVecs
  00000040    00000040    0000708a   0000708a    r-x .text
  000070cc    000070cc    00002a63   00002a63    r-- .const
  00009b30    00009b30    00000278   00000278    r-- .cinit
20000380    20000380    000059c8   00000000    rw-
  20000380    20000380    00004fb0   00000000    rw- .bss
  20005330    20005330    00000618   00000000    rw- .data
  20005948    20005948    00000400   00000000    rw- .stack


SECTION ALLOCATION MAP

 output                                  attributes/
section   page    origin      length       input sections
--------  ----  ----------  ----------   ----------------
.text      0    00000040    0000708a     
                  00000040    00000430     sysbios.aem4f : BIOS.obj (.text:ti_sysbios_family_arm_m3_Hwi_excDumpRegs__I)
                  00000470    0000032c     ti.targets.arm.rtsarm.aem4f : System.oem4f (.text:xdc_runtime_System_doPrint__I)
                  0000079c    00000004     rtsv7M4_T_le_v4SPD16_eabi.lib : exit.c.obj (.text:abort:abort)
                  000007a0    000002f0     sysbios.aem4f : BIOS.obj (.text:ti_sysbios_knl_Semaphore_pend__E)
                  00000a90    0000023c                   : BIOS.obj (.text:ti_sysbios_heaps_HeapMem_freeUnprotected__E)
                  00000ccc    00000004     app_pem4f.oem4f (.text:ti_sysbios_BIOS_RtsGateProxy_enter__E)
                  00000cd0    00000234     sysbios.aem4f : BIOS.obj (.text:ti_sysbios_knl_Task_Instance_finalize__E)
                  00000f04    00000004     app_pem4f.oem4f (.text:ti_sysbios_BIOS_RtsGateProxy_leave__E)
                  00000f08    00000200     sysbios.aem4f : BIOS.obj (.text:ti_sysbios_heaps_HeapMem_allocUnprotected__E)
                  00001108    000001f4                   : BIOS.obj (.text:ti_sysbios_family_arm_m3_Hwi_excHandlerMax__I)
                  000012fc    00000004                   : BIOS.obj (.text:ti_sysbios_family_arm_lm4_Timer_masterEnable__I)
                  00001300    000001c8                   : BIOS.obj (.text:ti_sysbios_knl_Task_Instance_init__E)
                  000014c8    000001b0                   : BIOS.obj (.text:ti_sysbios_gates_GateMutexPri_enter__E)
                  00001678    000001a0                   : BIOS.obj (.text:ti_sysbios_family_arm_m3_Hwi_excUsageFault__I)
                  00001818    00000188                   : BIOS.obj (.text:ti_sysbios_knl_Task_setPri__E)
                  000019a0    00000178                   : BIOS.obj (.text:ti_sysbios_family_arm_lm4_TimestampProvider_get64__E)
                  00001b18    00000174                   : BIOS.obj (.text:ti_sysbios_family_arm_m3_Hwi_excBusFault__I)
                  00001c8c    00000004     app_pem4f.oem4f (.text:ti_sysbios_family_arm_m3_TaskSupport_Module__startupDone__S)
                  00001c90    00000170     sysbios.aem4f : BIOS.obj (.text:ti_sysbios_family_arm_lm4_Timer_start__E)
                  00001e00    00000148                   : BIOS.obj (.text:ti_sysbios_family_arm_m3_Hwi_excMemFault__I)
                  00001f48    00000144                   : BIOS.obj (.text:ti_sysbios_knl_Clock_workFunc__E)
                  0000208c    00000004     app_pem4f.oem4f (.text:ti_sysbios_heaps_HeapMem_Module_GateProxy_enter__E)
                  00002090    00000140     sysbios.aem4f : BIOS.obj (.text:ti_sysbios_family_arm_m3_Hwi_dispatchC__I)
                  000021d0    0000013c                   : BIOS.obj (.text:ti_sysbios_heaps_HeapMem_Instance_init__E)
                  0000230c    00000004     app_pem4f.oem4f (.text:ti_sysbios_heaps_HeapMem_Module_GateProxy_leave__E)
                  00002310    0000013c     sysbios.aem4f : BIOS.obj (.text:ti_sysbios_knl_Semaphore_post__E)
                  0000244c    0000013c     ti.targets.arm.rtsarm.aem4f : LoggerBuf.oem4f (.text:xdc_runtime_LoggerBuf_write8__E)
                  00002588    00000138     app_pem4f.oem4f (.text:ti_uia_loggers_LoggerStopMode_writeMemoryRange__E)
                  000026c0    00000130     ti.targets.arm.rtsarm.aem4f : Error.oem4f (.text:xdc_runtime_Error_policyDefault__E)
                  000027f0    00000124     comun.obj (.text:main)
                  00002914    00000004     app_pem4f.oem4f (.text:ti_sysbios_knl_Clock_TimerProxy_getMaxTicks__E)
                  00002918    00000120     sysbios.aem4f : BIOS.obj (.text:ti_sysbios_knl_Swi_run__I)
                  00002a38    0000011c                   : BIOS.obj (.text:ti_sysbios_knl_Clock_Instance_init__E)
                  00002b54    0000010c     app_pem4f.oem4f (.text:ti_uia_loggers_LoggerStopMode_write8__E)
                  00002c60    00000106     app_pem4f.oem4f (.text:xdc_runtime_System_printfExtend__I)
                  00002d66    00000002     rtsv7M4_T_le_v4SPD16_eabi.lib : _lock.c.obj (.text:_nop)
                  00002d68    00000100     Boot.aem4f : Boot_sysctl.oem4f (.text:ti_catalog_arm_cortexm4_tiva_ce_Boot_sysCtlClockSetI__I)
                  00002e68    000000f8     ti.targets.arm.rtsarm.aem4f : Startup.oem4f (.text:xdc_runtime_Startup_startMods__I)
                  00002f60    000000f4     sysbios.aem4f : m3_Hwi_asm.obj (.text:ti_sysbios_family_arm_m3_Hwi_dispatch__I)
                  00003054    000000f4     app_pem4f.oem4f (.text:ti_uia_loggers_LoggerStopMode_write4__E)
                  00003148    000000e8     sysbios.aem4f : BIOS.obj (.text:ti_sysbios_family_arm_m3_TaskSupport_start__E)
                  00003230    000000e8     app_pem4f.oem4f (.text:ti_uia_loggers_LoggerStopMode_write1__E)
                  00003318    000000e8     app_pem4f.oem4f (.text:ti_uia_loggers_LoggerStopMode_write2__E)
                  00003400    000000e8     ti.targets.arm.rtsarm.aem4f : Core-mem.oem4f (.text:xdc_runtime_Core_createObject__I)
                  000034e8    000000dc                                 : LoggerBuf.oem4f (.text:xdc_runtime_LoggerBuf_write4__E)
                  000035c4    00000004     app_pem4f.oem4f (.text:ti_sysbios_knl_Clock_TimerProxy_getPeriod__E)
                  000035c8    000000d8     sysbios.aem4f : BIOS.obj (.text:ti_sysbios_family_arm_lm4_TimestampProvider_get32__E)
                  000036a0    000000d8     app_pem4f.oem4f (.text:ti_uia_loggers_LoggerStopMode_write0__E)
                  00003778    000000d4     servidores.obj (.text:S11)
                  0000384c    000000d4     servidores.obj (.text:S12)
                  00003920    000000d4     servidores.obj (.text:S21)
                  000039f4    000000d4     servidores.obj (.text:S22)
                  00003ac8    000000d0     sysbios.aem4f : BIOS.obj (.text:ti_sysbios_knl_Task_schedule__I)
                  00003b98    000000cc     ti.targets.arm.rtsarm.aem4f : Core-smem.oem4f (.text:xdc_runtime_Core_constructObject__I)
                  00003c64    00000004     ti.uia.loggers.aem4f : LoggerStopMode.oem4f (.text:ti_uia_loggers_LoggerStopMode_getContents__E)
                  00003c68    000000bc     sysbios.aem4f : BIOS.obj (.text:ti_sysbios_family_arm_m3_Hwi_excDebugMon__I)
                  00003d24    00000004     app_pem4f.oem4f (.text:ti_uia_loggers_LoggerStopMode_getFilterLevel__E)
                  00003d28    000000bc     sysbios.aem4f : BIOS.obj (.text:ti_sysbios_family_arm_m3_Hwi_excHardFault__I)
                  00003de4    00000004     ti.uia.loggers.aem4f : LoggerStopMode.oem4f (.text:ti_uia_loggers_LoggerStopMode_getInstanceId__E)
                  00003de8    000000bc     sysbios.aem4f : BIOS.obj (.text:ti_sysbios_knl_Task_startCore__E)
                  00003ea4    00000004     ti.uia.loggers.aem4f : LoggerStopMode.oem4f (.text:ti_uia_loggers_LoggerStopMode_getMaxLength__E)
                  00003ea8    000000bc     sysbios.aem4f : BIOS.obj (.text:ti_sysbios_utils_Load_updateLoads__E)
                  00003f64    00000004     ti.uia.loggers.aem4f : LoggerStopMode.oem4f (.text:ti_uia_loggers_LoggerStopMode_getPriority__E)
                  00003f68    000000b4     sysbios.aem4f : BIOS.obj (.text:ti_sysbios_gates_GateMutex_enter__E)
                  0000401c    00000004     ti.uia.loggers.aem4f : LoggerStopMode.oem4f (.text:ti_uia_loggers_LoggerStopMode_getTransferType__E)
                  00004020    000000b4     sysbios.aem4f : BIOS.obj (.text:ti_sysbios_knl_Task_checkStacks__E)
                  000040d4    00000004     ti.targets.arm.rtsarm.aem4f : Error.oem4f (.text:xdc_runtime_Error_getSite__E)
                  000040d8    000000b0     sysbios.aem4f : BIOS.obj (.text:ti_sysbios_family_arm_lm4_Timer_enableTiva__I)
                  00004188    000000b0                   : BIOS.obj (.text:ti_sysbios_knl_Task_postInit__I)
                  00004238    000000b0                   : BIOS.obj (.text:ti_sysbios_utils_Load_idleFxn__E)
                  000042e8    000000ac                   : BIOS.obj (.text:ti_sysbios_knl_Swi_post__E)
                  00004394    00000004     app_pem4f.oem4f (.text:xdc_runtime_LoggerBuf_Module_GateProxy_enter__E)
                  00004398    000000a8     sysbios.aem4f : BIOS.obj (.text:ti_sysbios_family_arm_lm4_Timer_enableTimers__I)
                  00004440    000000a8                   : BIOS.obj (.text:ti_sysbios_knl_Task_blockI__E)
                  000044e8    000000a2     ti.targets.arm.rtsarm.aem4f : Text.oem4f (.text:xdc_runtime_Text_putSite__E)
                  0000458a    00000002     rtsv7M4_T_le_v4SPD16_eabi.lib : div0.asm.obj (.text)
                  0000458c    000000a0     auto_init.aem4f : auto_init.oem4f (.text)
                  0000462c    0000009c     rtsv7M4_T_le_v4SPD16_eabi.lib : memcpy_t2.asm.obj (.text)
                  000046c8    0000009c     sysbios.aem4f : BIOS.obj (.text:ti_sysbios_knl_Semaphore_Instance_init__E)
                  00004764    0000009c     ti.targets.arm.rtsarm.aem4f : LoggerBuf.oem4f (.text:xdc_runtime_LoggerBuf_setFilterLevel__E)
                  00004800    00000098     Boot.aem4f : Boot.oem4f (.text:ti_catalog_arm_cortexm4_tiva_ce_Boot_sysCtlClockSet__E)
                  00004898    00000098     sysbios.aem4f : BIOS.obj (.text:ti_sysbios_knl_Task_exit__E)
                  00004930    00000098     ti.targets.arm.rtsarm.aem4f : Text.oem4f (.text:xdc_runtime_Text_putMod__E)
                  000049c8    00000094     sysbios.aem4f : BIOS.obj (.text:ti_sysbios_family_arm_m3_Hwi_initNVIC__E)
                  00004a5c    00000004     app_pem4f.oem4f (.text:xdc_runtime_LoggerBuf_Module_GateProxy_leave__E)
                  00004a60    00000094     sysbios.aem4f : BIOS.obj (.text:ti_sysbios_knl_Task_unblockI__E)
                  00004af4    00000090     ti.uia.loggers.aem4f : LoggerStopMode.oem4f (.text:ti_uia_loggers_LoggerStopMode_initQueueDescriptor__E)
                  00004b84    00000004     app_pem4f.oem4f (.text:xdc_runtime_System_Module_GateProxy_enter__E)
                  00004b88    00000088     sysbios.aem4f : BIOS.obj (.text:ti_sysbios_knl_Mailbox_Module_startup__E)
                  00004c10    00000084                   : BIOS.obj (.text:ti_sysbios_family_arm_m3_Hwi_postInit__I)
                  00004c94    0000007a     rtsv7M4_T_le_v4SPD16_eabi.lib : memset_t2.asm.obj (.text)
                  00004d0e    00000002     app_pem4f.oem4f (.text:ti_sysbios_BIOS_nullFunc__I)
                  00004d10    00000074     sysbios.aem4f : BIOS.obj (.text:ti_sysbios_knl_Clock_start__E)
                  00004d84    00000074     ti.uia.runtime.aem4f : QueueDescriptor.oem4f (.text:ti_uia_runtime_QueueDescriptor_addToList__E)
                  00004df8    00000074     ti.targets.arm.rtsarm.aem4f : LoggerBuf.oem4f (.text:xdc_runtime_LoggerBuf_getFilterLevel__E)
                  00004e6c    00000070                                 : Error.oem4f (.text:xdc_runtime_Error_print__E)
                  00004edc    00000070                                 : Memory.oem4f (.text:xdc_runtime_Memory_alloc__E)
                  00004f4c    0000006d                                 : System.oem4f (.text:xdc_runtime_System_formatNum__I)
                  00004fb9    00000001     --HOLE-- [fill = 0]
                  00004fba    00000006     Boot.aem4f : Boot_sysctl.oem4f (.text:ti_catalog_arm_cortexm4_tiva_ce_Boot_sysCtlDelayI__I)
                  00004fc0    0000006c     sysbios.aem4f : BIOS.obj (.text:ti_sysbios_gates_GateMutexPri_leave__E)
                  0000502c    00000004     app_pem4f.oem4f (.text:xdc_runtime_System_Module_GateProxy_leave__E)
                  00005030    0000006c     sysbios.aem4f : BIOS.obj (.text:ti_sysbios_knl_Swi_restoreHwi__E)
                  0000509c    00000068     rtsv7M4_T_le_v4SPD16_eabi.lib : copy_decompress_lzss.c.obj (.text:decompress:lzss:__TI_decompress_lzss)
                  00005104    00000066     ti.uia.loggers.aem4f : LoggerStopMode.oem4f (.text:ti_uia_loggers_LoggerStopMode_flush__E)
                  0000516a    00000066     ti.targets.arm.rtsarm.aem4f : Core-mem.oem4f (.text:xdc_runtime_Core_deleteObject__I)
                  000051d0    00000064     sysbios.aem4f : BIOS.obj (.text:ti_sysbios_family_arm_lm4_Timer_Module_startup__E)
                  00005234    00000004     ti.targets.arm.rtsarm.aem4f : System.oem4f (.text:xdc_runtime_System_aprintf_va__F)
                  00005238    00000064     sysbios.aem4f : BIOS.obj (.text:ti_sysbios_knl_Clock_logTick__E)
                  0000529c    00000004     ti.targets.arm.rtsarm.aem4f : System.oem4f (.text:xdc_runtime_System_printf_va__F)
                  000052a0    00000064     sysbios.aem4f : BIOS.obj (.text:ti_sysbios_utils_Load_logCPULoad__I)
                  00005304    00000002     app_pem4f.oem4f (.text:ti_uia_loggers_LoggerStopMode_setFilterLevel__E)
                  00005306    00000002     ti.uia.loggers.aem4f : LoggerStopMode.oem4f (.text:ti_uia_loggers_LoggerStopMode_setPriority__E)
                  00005308    00000060     sysbios.aem4f : BIOS.obj (.text:ti_sysbios_family_arm_lm4_Timer_isrStub__E)
                  00005368    0000005f     ti.targets.arm.rtsarm.aem4f : Text.oem4f (.text:xdc_runtime_Text_putLab__E)
                  000053c7    00000001     --HOLE-- [fill = 0]
                  000053c8    0000005c     sysbios.aem4f : BIOS.obj (.text:ti_sysbios_knl_Swi_schedule__I)
                  00005424    00000002     app_pem4f.oem4f (.text:xdc_runtime_Startup_reset__I)
                  00005426    00000002     --HOLE-- [fill = 0]
                  00005428    0000005c     sysbios.aem4f : BIOS.obj (.text:ti_sysbios_knl_Task_Module_startup__E)
                  00005484    00000058     boot.aem4f : boot.oem4f (.text)
                  000054dc    00000058     rtsv7M4_T_le_v4SPD16_eabi.lib : hostwrite.c.obj (.text:HOSTwrite)
                  00005534    00000058     sysbios.aem4f : m3_Hwi_asm_switch.obj (.text:ti_sysbios_family_arm_m3_Hwi_initStacks__E)
                  0000558c    00000004     --HOLE-- [fill = 0]
                  00005590    00000058                   : BIOS.obj (.text:ti_sysbios_heaps_HeapMem_alloc__E)
                  000055e8    00000050                   : BIOS.obj (.text:ti_sysbios_family_arm_m3_Hwi_Module_startup__E)
                  00005638    00000050     app_pem4f.oem4f (.text:ti_sysbios_knl_Task_create)
                  00005688    00000050     ti.targets.arm.rtsarm.aem4f : Startup.oem4f (.text:xdc_runtime_Startup_exec__E)
                  000056d8    00000050                                 : Text.oem4f (.text:xdc_runtime_Text_visitRope2__I)
                  00005728    0000004c     rtsv7M4_T_le_v4SPD16_eabi.lib : cpy_tbl.c.obj (.text:copy_in)
                  00005774    00000004     --HOLE-- [fill = 0]
                  00005778    0000004c     sysbios.aem4f : BIOS.obj (.text:ti_sysbios_heaps_HeapMem_getStats__E)
                  000057c4    00000004     --HOLE-- [fill = 0]
                  000057c8    0000004c                   : BIOS.obj (.text:ti_sysbios_knl_Swi_runLoop__I)
                  00005814    00000004     --HOLE-- [fill = 0]
                  00005818    0000004c                   : BIOS.obj (.text:ti_sysbios_knl_Task_allBlockedFunction__I)
                  00005864    0000004c     ti.uia.loggers.aem4f : LoggerStopMode.oem4f (.text:ti_uia_loggers_LoggerStopMode_Module_startup__E)
                  000058b0    0000004c     ti.targets.arm.rtsarm.aem4f : Assert.oem4f (.text:xdc_runtime_Assert_raise__I)
                  000058fc    00000004     --HOLE-- [fill = 0]
                  00005900    00000048     sysbios.aem4f : BIOS.obj (.text:ti_sysbios_family_arm_m3_Hwi_disableInterrupt__E)
                  00005948    00000048                   : BIOS.obj (.text:ti_sysbios_family_arm_m3_Hwi_enableInterrupt__E)
                  00005990    00000048                   : BIOS.obj (.text:ti_sysbios_family_arm_m3_Hwi_excReserved__I)
                  000059d8    00000048     ti.targets.arm.rtsarm.aem4f : Core-params.oem4f (.text:xdc_runtime_Core_assignParams__I)
                  00005a20    00000048     app_pem4f.oem4f (.text:xdc_runtime_LoggerBuf_Object__create__S)
                  00005a68    00000044     sysbios.aem4f : BIOS.obj (.text:ti_sysbios_family_arm_lm4_Timer_stop__E)
                  00005aac    00000004     --HOLE-- [fill = 0]
                  00005ab0    00000044                   : BIOS.obj (.text:ti_sysbios_family_arm_m3_Hwi_getStackInfo__E)
                  00005af4    00000044     ti.uia.loggers.aem4f : LoggerStopMode.oem4f (.text:ti_uia_loggers_LoggerStopMode_initBuffer__I)
                  00005b38    00000044     ti.targets.arm.rtsarm.aem4f : Error.oem4f (.text:xdc_runtime_Error_setX__E)
                  00005b7c    00000044                                 : LoggerBuf.oem4f (.text:xdc_runtime_LoggerBuf_filterOutEvent__I)
                  00005bc0    00000044                                 : SysMin.oem4f (.text:xdc_runtime_SysMin_flush__E)
                  00005c04    00000044                                 : Text.oem4f (.text:xdc_runtime_Text_xprintf__I)
                  00005c48    00000042     computos.obj (.text:CS)
                  00005c8a    00000040     rtsv7M4_T_le_v4SPD16_eabi.lib : u_divt2.asm.obj (.text)
                  00005cca    00000006     ti.targets.arm.rtsarm.aem4f : System.oem4f (.text:xdc_runtime_System_Module_startup__E)
                  00005cd0    00000040     sysbios.aem4f : BIOS.obj (.text:ti_sysbios_family_arm_lm4_Timer_startup__E)
                  00005d10    0000003c                   : BIOS.obj (.text:ti_sysbios_family_arm_m3_Hwi_excSvCall__I)
                  00005d4c    00000004     --HOLE-- [fill = 0]
                  00005d50    0000003c                   : BIOS.obj (.text:ti_sysbios_heaps_HeapMem_init__I)
                  00005d8c    0000003c     app_pem4f.oem4f (.text:ti_sysbios_knl_Clock_create)
                  00005dc8    0000003c     sysbios.aem4f : BIOS.obj (.text:ti_sysbios_knl_Swi_restore__E)
                  00005e04    0000003a     ti.targets.arm.rtsarm.aem4f : LoggerBuf.oem4f (.text:xdc_runtime_LoggerBuf_Instance_init__E)
                  00005e3e    00000002     --HOLE-- [fill = 0]
                  00005e40    00000038     rtsv7M4_T_le_v4SPD16_eabi.lib : trgmsg.c.obj (.text:__TI_writemsg)
                  00005e78    00000038     sysbios.aem4f : BIOS.obj (.text:ti_sysbios_family_arm_m3_Hwi_excNoIsr__I)
                  00005eb0    00000038                   : BIOS.obj (.text:ti_sysbios_knl_Task_processVitalTaskFlag__I)
                  00005ee8    00000038     ti.targets.arm.rtsarm.aem4f : System.oem4f (.text:xdc_runtime_System_atexit__E)
                  00005f20    00000034     rtsv7M4_T_le_v4SPD16_eabi.lib : trgmsg.c.obj (.text:__TI_readmsg)
                  00005f54    00000004     --HOLE-- [fill = 0]
                  00005f58    00000034     sysbios.aem4f : BIOS.obj (.text:ti_sysbios_family_arm_m3_Hwi_excNmi__I)
                  00005f8c    00000004     --HOLE-- [fill = 0]
                  00005f90    00000034                   : BIOS.obj (.text:ti_sysbios_hal_Hwi_checkStack)
                  00005fc4    00000034     app_pem4f.oem4f (.text:ti_sysbios_knl_Semaphore_create)
                  00005ff8    00000034     ti.uia.loggers.aem4f : LoggerStopMode.oem4f (.text:ti_uia_loggers_LoggerStopMode_reset__E)
                  0000602c    00000034     ti.targets.arm.rtsarm.aem4f : SysMin.oem4f (.text:xdc_runtime_SysMin_abort__E)
                  00006060    00000034                                 : SysMin.oem4f (.text:xdc_runtime_SysMin_putch__E)
                  00006094    00000004     --HOLE-- [fill = 0]
                  00006098    00000032     sysbios.aem4f : BIOS.obj (.text:ti_sysbios_hal_Hwi_initStack)
                  000060ca    00000006     --HOLE-- [fill = 0]
                  000060d0    00000032                   : BIOS.obj (.text:ti_sysbios_knl_Semaphore_pendTimeout__I)
                  00006102    00000002     --HOLE-- [fill = 0]
                  00006104    00000030     servidores.obj (.text:Crear_Servidores)
                  00006134    00000030     app_pem4f.oem4f (.text:ti_sysbios_BIOS_atExitFunc__I)
                  00006164    00000030     app_pem4f.oem4f (.text:ti_sysbios_BIOS_startFunc__I)
                  00006194    00000030     app_pem4f.oem4f (.text:ti_sysbios_gates_GateHwi_Object__create__S)
                  000061c4    00000030     app_pem4f.oem4f (.text:ti_sysbios_gates_GateMutexPri_Object__create__S)
                  000061f4    00000030     app_pem4f.oem4f (.text:ti_sysbios_gates_GateMutexPri_create)
                  00006224    00000030     app_pem4f.oem4f (.text:ti_sysbios_gates_GateMutex_Object__create__S)
                  00006254    00000030     app_pem4f.oem4f (.text:ti_sysbios_heaps_HeapMem_Object__create__S)
                  00006284    00000004     --HOLE-- [fill = 0]
                  00006288    00000030     sysbios.aem4f : BIOS.obj (.text:ti_sysbios_heaps_HeapMem_free__E)
                  000062b8    00000030     app_pem4f.oem4f (.text:ti_sysbios_knl_Semaphore_construct)
                  000062e8    00000030     sysbios.aem4f : BIOS.obj (.text:ti_sysbios_knl_Task_restore__E)
                  00006318    00000030                   : BIOS.obj (.text:ti_sysbios_utils_Load_updateCurrentThreadTime__E)
                  00006348    00000030     app_pem4f.oem4f (.text:ti_uia_loggers_LoggerStopMode_Object__create__S)
                  00006378    00000030     ti.targets.arm.rtsarm.aem4f : System.oem4f (.text:xdc_runtime_System_processAtExit__E)
                  000063a8    0000002f                                 : Text.oem4f (.text:xdc_runtime_Text_printVisFxn__I)
                  000063d7    00000001     --HOLE-- [fill = 0]
                  000063d8    0000002c     app_pem4f.oem4f (.text:ti_sysbios_family_arm_m3_Hwi_Handle__label__S)
                  00006404    0000002c     app_pem4f.oem4f (.text:ti_sysbios_gates_GateHwi_Handle__label__S)
                  00006430    0000002c     app_pem4f.oem4f (.text:ti_sysbios_gates_GateMutexPri_Handle__label__S)
                  0000645c    0000002c     app_pem4f.oem4f (.text:ti_sysbios_gates_GateMutex_Handle__label__S)
                  00006488    0000002c     app_pem4f.oem4f (.text:ti_sysbios_heaps_HeapMem_Handle__label__S)
                  000064b4    0000002c     app_pem4f.oem4f (.text:ti_sysbios_knl_Clock_doTick__I)
                  000064e0    0000002c     app_pem4f.oem4f (.text:ti_sysbios_knl_Queue_construct)
                  0000650c    0000002c     app_pem4f.oem4f (.text:ti_sysbios_knl_Swi_Handle__label__S)
                  00006538    0000002c     app_pem4f.oem4f (.text:ti_sysbios_knl_Task_Handle__label__S)
                  00006564    0000002c     app_pem4f.oem4f (.text:ti_uia_loggers_LoggerStopMode_Handle__label__S)
                  00006590    0000002c     app_pem4f.oem4f (.text:xdc_runtime_LoggerBuf_Handle__label__S)
                  000065bc    0000002a     ti.targets.arm.rtsarm.aem4f : System.oem4f (.text:xdc_runtime_System_putchar__I)
                  000065e6    00000002     --HOLE-- [fill = 0]
                  000065e8    00000028     comun.obj (.text:task3)
                  00006610    00000028     sysbios.aem4f : m3_Hwi_asm.obj (.text:ti_sysbios_family_arm_m3_Hwi_excHandlerAsm__I)
                  00006638    00000028                   : BIOS.obj (.text:ti_sysbios_knl_Swi_Module_startup__E)
                  00006660    00000028     ti.targets.arm.rtsarm.aem4f : LoggerBuf.oem4f (.text:xdc_runtime_LoggerBuf_Module_startup__E)
                  00006688    00000028                                 : System.oem4f (.text:xdc_runtime_System_avprintf__E)
                  000066b0    00000026     sysbios.aem4f : m3_Hwi_asm.obj (.text:ti_sysbios_family_arm_m3_Hwi_pendSV__I)
                  000066d6    00000026     ti.targets.arm.rtsarm.aem4f : System.oem4f (.text:xdc_runtime_System_vprintf__E)
                  000066fc    00000024     comun.obj (.text:task1)
                  00006720    00000024     comun.obj (.text:task2)
                  00006744    00000024     app_pem4f.oem4f (.text:ti_sysbios_BIOS_errorRaiseHook__I)
                  00006768    00000024     app_pem4f.oem4f (.text:ti_sysbios_BIOS_registerRTSLock__I)
                  0000678c    00000024     app_pem4f.oem4f (.text:ti_sysbios_BIOS_removeRTSLock__I)
                  000067b0    00000024     app_pem4f.oem4f (.text:ti_sysbios_gates_GateMutexPri_Object__delete__S)
                  000067d4    00000024     app_pem4f.oem4f (.text:ti_sysbios_gates_GateMutex_Object__delete__S)
                  000067f8    00000024     sysbios.aem4f : BIOS.obj (.text:ti_sysbios_knl_Clock_Module_startup__E)
                  0000681c    00000004     --HOLE-- [fill = 0]
                  00006820    00000024                   : BIOS.obj (.text:ti_sysbios_knl_Task_restoreHwi__E)
                  00006844    00000004     --HOLE-- [fill = 0]
                  00006848    00000022                   : BIOS.obj (.text:ti_sysbios_family_arm_lm4_Timer_write__I)
                  0000686a    00000022     app_pem4f.oem4f (.text:xdc_runtime_SysMin_output__I)
                  0000688c    00000020     app_pem4f.oem4f (.text:ti_sysbios_BIOS_rtsLock__I)
                  000068ac    00000020     app_pem4f.oem4f (.text:ti_sysbios_gates_GateHwi_Object__delete__S)
                  000068cc    00000020     app_pem4f.oem4f (.text:ti_sysbios_heaps_HeapMem_Object__delete__S)
                  000068ec    00000004     --HOLE-- [fill = 0]
                  000068f0    00000020     sysbios.aem4f : BIOS.obj (.text:ti_sysbios_knl_Idle_run__E)
                  00006910    00000020     app_pem4f.oem4f (.text:ti_sysbios_knl_Semaphore_destruct)
                  00006930    00000020     app_pem4f.oem4f (.text:ti_uia_loggers_LoggerStopMode_Object__delete__S)
                  00006950    00000020     app_pem4f.oem4f (.text:xdc_runtime_LoggerBuf_Object__delete__S)
                  00006970    00000020     ti.targets.arm.rtsarm.aem4f : SysMin.oem4f (.text:xdc_runtime_SysMin_Module_startup__E)
                  00006990    0000001e     sysbios.aem4f : m3_Hwi_asm_switch.obj (.text:ti_sysbios_family_xxx_Hwi_switchAndRunFunc)
                  000069ae    0000001e     ti.targets.arm.rtsarm.aem4f : LoggerBuf.oem4f (.text:xdc_runtime_LoggerBuf_reset__E)
                  000069cc    00000004     --HOLE-- [fill = 0]
                  000069d0    0000001c     sysbios.aem4f : BIOS.obj (.text:ti_sysbios_family_arm_m3_Hwi_excHandler__I)
                  000069ec    0000001c                   : m3_TaskSupport_asm.obj (.text:ti_sysbios_family_arm_m3_TaskSupport_swap__E)
                  00006a08    0000001c                   : BIOS.obj (.text:ti_sysbios_gates_GateMutexPri_Instance_init__E)
                  00006a24    00000004     --HOLE-- [fill = 0]
                  00006a28    0000001c                   : BIOS.obj (.text:ti_sysbios_gates_GateMutex_Instance_init__E)
                  00006a44    0000001c     app_pem4f.oem4f (.text:ti_sysbios_knl_Queue_destruct)
                  00006a60    0000001c     sysbios.aem4f : BIOS.obj (.text:ti_sysbios_knl_Task_enter__I)
                  00006a7c    0000001c     ti.uia.loggers.aem4f : LoggerStopMode.oem4f (.text:ti_uia_loggers_LoggerStopMode_Instance_init__E)
                  00006a98    0000001c     ti.targets.arm.rtsarm.aem4f : Error.oem4f (.text:xdc_runtime_Error_check__E)
                  00006ab4    0000001c                                 : Error.oem4f (.text:xdc_runtime_Error_raiseX__E)
                  00006ad0    0000001c                                 : Memory.oem4f (.text:xdc_runtime_Memory_valloc__E)
                  00006aec    0000001c                                 : Registry.oem4f (.text:xdc_runtime_Registry_findById__E)
                  00006b08    0000001c                                 : SysMin.oem4f (.text:xdc_runtime_SysMin_exit__E)
                  00006b24    0000001c                                 : System.oem4f (.text:xdc_runtime_System_abort__E)
                  00006b40    0000001c                                 : Text.oem4f (.text:xdc_runtime_Text_ropeText__E)
                  00006b5c    0000001a     app_pem4f.oem4f (.text:xdc_runtime_System_aprintf__E)
                  00006b76    0000001a     app_pem4f.oem4f (.text:xdc_runtime_System_printf__E)
                  00006b90    00000018     rtsv7M4_T_le_v4SPD16_eabi.lib : args_main.c.obj (.text:_args_main)
                  00006ba8    00000018     app_pem4f.oem4f (.text:ti_sysbios_BIOS_rtsUnlock__I)
                  00006bc0    00000018     app_pem4f.oem4f (.text:ti_sysbios_family_arm_lm4_Timer_Module__startupDone__F)
                  00006bd8    00000018     app_pem4f.oem4f (.text:ti_sysbios_family_arm_m3_Hwi_Module__startupDone__F)
                  00006bf0    00000018     sysbios.aem4f : BIOS.obj (.text:ti_sysbios_gates_GateMutex_leave__E)
                  00006c08    00000018     ti.targets.arm.rtsarm.aem4f : Error.oem4f (.text:xdc_runtime_Error_init__E)
                  00006c20    00000018                                 : System.oem4f (.text:xdc_runtime_System_exit__E)
                  00006c38    00000016     app_pem4f.oem4f (.text:ti_sysbios_BIOS_exitFunc__I)
                  00006c4e    00000016     servidores.obj (.text:ti_sysbios_gates_GateMutexPri_Params_init)
                  00006c64    00000016     comun.obj (.text:ti_sysbios_knl_Clock_Params_init)
                  00006c7a    00000016     comun.obj (.text:ti_sysbios_knl_Task_Params_init)
                  00006c90    00000016     ti.uia.loggers.aem4f : LoggerStopMode.oem4f (.text:ti_uia_loggers_LoggerStopMode_disable__E)
                  00006ca6    00000016                          : LoggerStopMode.oem4f (.text:ti_uia_loggers_LoggerStopMode_enable__E)
                  00006cbc    00000014     rtsv7M4_T_le_v4SPD16_eabi.lib : strlen.c.obj (.text:strlen)
                  00006cd0    00000014     app_pem4f.oem4f (.text:ti_sysbios_family_arm_m3_Hwi_Object__get__S)
                  00006ce4    00000004     --HOLE-- [fill = 0]
                  00006ce8    00000014     sysbios.aem4f : BIOS.obj (.text:ti_sysbios_family_arm_m3_Hwi_switchFromBootStack__E)
                  00006cfc    00000014     app_pem4f.oem4f (.text:ti_sysbios_heaps_HeapMem_Object__get__S)
                  00006d10    00000014     app_pem4f.oem4f (.text:ti_sysbios_knl_Swi_Object__get__S)
                  00006d24    00000014     app_pem4f.oem4f (.text:xdc_runtime_LoggerBuf_Object__get__S)
                  00006d38    00000012     sysbios.aem4f : BIOS.obj (.text:ti_sysbios_hal_Hwi_Module_startup__E)
                  00006d4a    00000012     ti.targets.arm.rtsarm.aem4f : LoggerBuf.oem4f (.text:xdc_runtime_LoggerBuf_write1__E)
                  00006d5c    00000012                                 : LoggerBuf.oem4f (.text:xdc_runtime_LoggerBuf_write2__E)
                  00006d6e    00000012     app_pem4f.oem4f (.text:xdc_runtime_Startup_exec__I)
                  00006d80    00000010     comun.obj (.text:task1_release)
                  00006d90    00000010     comun.obj (.text:task2_release)
                  00006da0    00000010     comun.obj (.text:task3_release)
                  00006db0    00000010     sysbios.aem4f : BIOS.obj (.text:ti_sysbios_BIOS_getCpuFreq__E)
                  00006dc0    00000010                   : BIOS.obj (.text:ti_sysbios_BIOS_setThreadType__E)
                  00006dd0    00000010                   : BIOS.obj (.text:ti_sysbios_BIOS_start__E)
                  00006de0    00000010                   : BIOS.obj (.text:ti_sysbios_family_arm_lm4_TimestampProvider_rolloverFunc__E)
                  00006df0    00000010                   : m3_TaskSupport_asm.obj (.text:ti_sysbios_family_arm_m3_TaskSupport_glue)
                  00006e00    00000010                   : BIOS.obj (.text:ti_sysbios_gates_GateMutexPri_Instance_finalize__E)
                  00006e10    00000010                   : BIOS.obj (.text:ti_sysbios_gates_GateMutex_Instance_finalize__E)
                  00006e20    00000010     app_pem4f.oem4f (.text:ti_sysbios_knl_Mailbox_Object__get__S)
                  00006e30    00000010     sysbios.aem4f : BIOS.obj (.text:ti_sysbios_knl_Semaphore_Instance_finalize__E)
                  00006e40    00000010                   : BIOS.obj (.text:ti_sysbios_knl_Swi_disable__E)
                  00006e50    00000010     app_pem4f.oem4f (.text:ti_sysbios_knl_Task_Object__get__S)
                  00006e60    00000010     sysbios.aem4f : BIOS.obj (.text:ti_sysbios_knl_Task_disable__E)
                  00006e70    00000010     app_pem4f.oem4f (.text:ti_uia_loggers_LoggerStopMode_Object__get__S)
                  00006e80    00000010     ti.uia.loggers.aem4f : LoggerStopMode.oem4f (.text:ti_uia_loggers_LoggerStopMode_isEmpty__E)
                  00006e90    00000010     ti.targets.arm.rtsarm.aem4f : Gate.oem4f (.text:xdc_runtime_Gate_leaveSystem__E)
                  00006ea0    00000010                                 : LoggerBuf.oem4f (.text:xdc_runtime_LoggerBuf_Instance_finalize__E)
                  00006eb0    00000010                                 : LoggerBuf.oem4f (.text:xdc_runtime_LoggerBuf_write0__E)
                  00006ec0    00000010                                 : Memory.oem4f (.text:xdc_runtime_Memory_free__E)
                  00006ed0    00000010                                 : SysMin.oem4f (.text:xdc_runtime_SysMin_ready__E)
                  00006ee0    00000010                                 : System.oem4f (.text:xdc_runtime_System_vsnprintf__E)
                  00006ef0    00000010     app_pem4f.oem4f (.text:xdc_runtime_Text_visitRope__I)
                  00006f00    0000000e     rtsv7M4_T_le_v4SPD16_eabi.lib : copy_decompress_none.c.obj (.text:decompress:none:__TI_decompress_none)
                  00006f0e    00000002     --HOLE-- [fill = 0]
                  00006f10    0000000e     sysbios.aem4f : BIOS.obj (.text:ti_sysbios_knl_Idle_loop__E)
                  00006f1e    00000002     --HOLE-- [fill = 0]
                  00006f20    0000000e                   : BIOS.obj (.text:ti_sysbios_knl_Queue_empty__E)
                  00006f2e    00000002     --HOLE-- [fill = 0]
                  00006f30    0000000c     app_pem4f.oem4f (.text:.bootCodeSection:ti_catalog_arm_cortexm4_tiva_ce_Boot_init__I)
                  00006f3c    0000000c     rtsv7M4_T_le_v4SPD16_eabi.lib : _lock.c.obj (.text:_register_lock)
                  00006f48    0000000c                                   : _lock.c.obj (.text:_register_unlock)
                  00006f54    0000000c                                   : copy_zero_init.c.obj (.text:decompress:ZI:__TI_zero_init)
                  00006f60    0000000c     sysbios.aem4f : BIOS.obj (.text:ti_sysbios_family_arm_lm4_Timer_getMaxTicks__E)
                  00006f6c    00000004     --HOLE-- [fill = 0]
                  00006f70    0000000c                   : BIOS.obj (.text:ti_sysbios_family_arm_lm4_TimestampProvider_startTimer__E)
                  00006f7c    00000004     --HOLE-- [fill = 0]
                  00006f80    0000000c                   : BIOS.obj (.text:ti_sysbios_family_arm_m3_Hwi_disableFxn__E)
                  00006f8c    00000004     --HOLE-- [fill = 0]
                  00006f90    0000000c                   : BIOS.obj (.text:ti_sysbios_family_arm_m3_TaskSupport_checkStack__E)
                  00006f9c    00000004     --HOLE-- [fill = 0]
                  00006fa0    0000000c                   : BIOS.obj (.text:ti_sysbios_family_arm_m3_TaskSupport_getStackAlignment__E)
                  00006fac    00000004     --HOLE-- [fill = 0]
                  00006fb0    0000000c                   : BIOS.obj (.text:ti_sysbios_gates_GateHwi_enter__E)
                  00006fbc    0000000c     app_pem4f.oem4f (.text:ti_sysbios_gates_GateMutexPri_Params__init__S)
                  00006fc8    0000000c     app_pem4f.oem4f (.text:ti_sysbios_knl_Clock_Params__init__S)
                  00006fd4    0000000c     app_pem4f.oem4f (.text:ti_sysbios_knl_Queue_Object__get__S)
                  00006fe0    0000000c     app_pem4f.oem4f (.text:ti_sysbios_knl_Task_Params__init__S)
                  00006fec    0000000c     ti.targets.arm.rtsarm.aem4f : Gate.oem4f (.text:xdc_runtime_Gate_enterSystem__E)
                  00006ff8    0000000c                                 : Memory.oem4f (.text:xdc_runtime_Memory_calloc__E)
                  00007004    0000000c                                 : Memory.oem4f (.text:xdc_runtime_Memory_getMaxDefaultTypeAlign__E)
                  00007010    0000000c                                 : Startup.oem4f (.text:xdc_runtime_Startup_rtsDone__E)
                  0000701c    0000000a     app_pem4f.oem4f (.text:xdc_runtime_IHeap_alloc)
                  00007026    0000000a     app_pem4f.oem4f (.text:xdc_runtime_IHeap_free)
                  00007030    0000000a     ti.targets.arm.rtsarm.aem4f : LoggerBuf.oem4f (.text:xdc_runtime_LoggerBuf_disable__E)
                  0000703a    0000000a                                 : LoggerBuf.oem4f (.text:xdc_runtime_LoggerBuf_enable__E)
                  00007044    00000008     sysbios.aem4f : BIOS.obj (.text:ti_sysbios_family_arm_lm4_Timer_masterDisable__I)
                  0000704c    00000004     --HOLE-- [fill = 0]
                  00007050    00000008                   : BIOS.obj (.text:ti_sysbios_family_arm_m3_Hwi_doSwiRestore__I)
                  00007058    00000008                   : BIOS.obj (.text:ti_sysbios_family_arm_m3_Hwi_startup__E)
                  00007060    00000006                   : BIOS.obj (.text:ti_sysbios_family_arm_lm4_TimestampProvider_Module_startup__E)
                  00007066    00000002     --HOLE-- [fill = 0]
                  00007068    00000006                   : BIOS.obj (.text:ti_sysbios_family_arm_m3_Hwi_doTaskRestore__I)
                  0000706e    00000002     --HOLE-- [fill = 0]
                  00007070    00000006                   : BIOS.obj (.text:ti_sysbios_family_arm_m3_Hwi_restoreFxn__E)
                  00007076    00000002     --HOLE-- [fill = 0]
                  00007078    00000006                   : BIOS.obj (.text:ti_sysbios_gates_GateHwi_leave__E)
                  0000707e    00000002     --HOLE-- [fill = 0]
                  00007080    00000006                   : BIOS.obj (.text:ti_sysbios_heaps_HeapMem_isBlocking__E)
                  00007086    00000002     --HOLE-- [fill = 0]
                  00007088    00000006                   : BIOS.obj (.text:ti_sysbios_knl_Queue_Instance_init__E)
                  0000708e    00000002     --HOLE-- [fill = 0]
                  00007090    00000006                   : BIOS.obj (.text:ti_sysbios_knl_Swi_startup__E)
                  00007096    00000002     --HOLE-- [fill = 0]
                  00007098    00000004                   : BIOS.obj (.text:ti_sysbios_family_arm_lm4_Timer_getPeriod__E)
                  0000709c    00000004     --HOLE-- [fill = 0]
                  000070a0    00000004                   : BIOS.obj (.text:ti_sysbios_gates_GateHwi_query__E)
                  000070a4    00000004     --HOLE-- [fill = 0]
                  000070a8    00000004                   : BIOS.obj (.text:ti_sysbios_gates_GateMutexPri_query__E)
                  000070ac    00000004     --HOLE-- [fill = 0]
                  000070b0    00000004                   : BIOS.obj (.text:ti_sysbios_gates_GateMutex_query__E)
                  000070b4    00000004     --HOLE-- [fill = 0]
                  000070b8    00000004                   : BIOS.obj (.text:ti_sysbios_knl_Task_startup__E)
                  000070bc    00000004     --HOLE-- [fill = 0]
                  000070c0    00000002                   : BIOS.obj (.text:ti_sysbios_BIOS_linkedWithIncorrectBootLibrary__E)
                  000070c2    00000006     --HOLE-- [fill = 0]
                  000070c8    00000002                   : BIOS.obj (.text:ti_sysbios_gates_GateHwi_Instance_init__E)

.const     0    000070cc    00002a63     
                  000070cc    00002200     app_pem4f.oem4f (.const:xdc_runtime_Text_charTab__A)
                  000092cc    00000114     app_pem4f.oem4f (.const:xdc_runtime_Text_nodeTab__A)
                  000093e0    00000060     app_pem4f.oem4f (.const:ti_uia_loggers_LoggerStopMode_Module__FXNS__C)
                  00009440    00000044     app_pem4f.oem4f (.const:ti_sysbios_knl_Task_Object__PARAMS__C)
                  00009484    0000003c     app_pem4f.oem4f (.const:xdc_runtime_LoggerBuf_Module__FXNS__C)
                  000094c0    00000030     app_pem4f.oem4f (.const:xdc_runtime_Startup_sfxnTab__A)
                  000094f0    00000028     app_pem4f.oem4f (.const:ti_sysbios_heaps_HeapMem_Module__FXNS__C)
                  00009518    00000028     app_pem4f.oem4f (.const:ti_uia_loggers_LoggerStopMode_Object__PARAMS__C)
                  00009540    00000024     app_pem4f.oem4f (.const:ti_sysbios_gates_GateHwi_Module__FXNS__C)
                  00009564    00000024     app_pem4f.oem4f (.const:ti_sysbios_gates_GateMutexPri_Module__FXNS__C)
                  00009588    00000024     app_pem4f.oem4f (.const:ti_sysbios_gates_GateMutex_Module__FXNS__C)
                  000095ac    00000024     app_pem4f.oem4f (.const:ti_sysbios_heaps_HeapMem_Object__PARAMS__C)
                  000095d0    00000024     app_pem4f.oem4f (.const:ti_sysbios_knl_Clock_Object__PARAMS__C)
                  000095f4    00000024     app_pem4f.oem4f (.const:ti_sysbios_knl_Semaphore_Object__PARAMS__C)
                  00009618    00000024     app_pem4f.oem4f (.const:xdc_runtime_LoggerBuf_Object__PARAMS__C)
                  0000963c    00000020     app_pem4f.oem4f (.const:ti_sysbios_gates_GateHwi_Object__DESC__C)
                  0000965c    00000020     app_pem4f.oem4f (.const:ti_sysbios_gates_GateMutexPri_Object__DESC__C)
                  0000967c    00000020     app_pem4f.oem4f (.const:ti_sysbios_gates_GateMutex_Object__DESC__C)
                  0000969c    00000020     app_pem4f.oem4f (.const:ti_sysbios_heaps_HeapMem_Object__DESC__C)
                  000096bc    00000020     app_pem4f.oem4f (.const:ti_sysbios_knl_Clock_Object__DESC__C)
                  000096dc    00000020     app_pem4f.oem4f (.const:ti_sysbios_knl_Queue_Object__DESC__C)
                  000096fc    00000020     app_pem4f.oem4f (.const:ti_sysbios_knl_Semaphore_Object__DESC__C)
                  0000971c    00000020     app_pem4f.oem4f (.const:ti_sysbios_knl_Task_Object__DESC__C)
                  0000973c    00000020     app_pem4f.oem4f (.const:ti_uia_loggers_LoggerStopMode_Object__DESC__C)
                  0000975c    00000020     app_pem4f.oem4f (.const:xdc_runtime_LoggerBuf_Object__DESC__C)
                  0000977c    00000018     app_pem4f.oem4f (.const:ti_sysbios_gates_GateHwi_Object__PARAMS__C)
                  00009794    00000018     app_pem4f.oem4f (.const:ti_sysbios_gates_GateMutexPri_Object__PARAMS__C)
                  000097ac    00000018     app_pem4f.oem4f (.const:ti_sysbios_gates_GateMutex_Object__PARAMS__C)
                  000097c4    00000018     app_pem4f.oem4f (.const:ti_sysbios_knl_Queue_Object__PARAMS__C)
                  000097dc    00000018     app_pem4f.oem4f (.const:xdc_runtime_Startup_sfxnRts__A)
                  000097f4    00000014     app_pem4f.oem4f (.const:xdc_runtime_Startup_firstFxns__A)
                  00009808    00000008     app_pem4f.oem4f (.const:ti_sysbios_family_arm_m3_Hwi_excHookFuncs__A)
                  00009810    00000008     app_pem4f.oem4f (.const:ti_sysbios_knl_Idle_funcList__A)
                  00009818    00000008     app_pem4f.oem4f (.const:ti_sysbios_knl_Idle_funcList__C)
                  00009820    00000008     app_pem4f.oem4f (.const:xdc_runtime_Startup_firstFxns__C)
                  00009828    00000008     app_pem4f.oem4f (.const:xdc_runtime_Startup_lastFxns__C)
                  00009830    00000004     app_pem4f.oem4f (.const:ti_catalog_arm_cortexm4_tiva_ce_Boot_A_mustUseEnhancedClockMode__C)
                  00009834    00000004     app_pem4f.oem4f (.const:ti_catalog_arm_cortexm4_tiva_ce_Boot_Module__diagsEnabled__C)
                  00009838    00000004     app_pem4f.oem4f (.const:ti_catalog_arm_cortexm4_tiva_ce_Boot_Module__diagsIncluded__C)
                  0000983c    00000004     app_pem4f.oem4f (.const:ti_catalog_arm_cortexm4_tiva_ce_Boot_Module__diagsMask__C)
                  00009840    00000004     app_pem4f.oem4f (.const:ti_sysbios_family_arm_lm4_Timer_enableFunc__C)
                  00009844    00000004     app_pem4f.oem4f (.const:ti_sysbios_family_arm_lm4_Timer_numTimerDevices__C)
                  00009848    00000004     app_pem4f.oem4f (.const:ti_sysbios_family_arm_lm4_Timer_startupNeeded__C)
                  0000984c    00000004     app_pem4f.oem4f (.const:ti_sysbios_family_arm_m3_Hwi_E_NMI__C)
                  00009850    00000004     app_pem4f.oem4f (.const:ti_sysbios_family_arm_m3_Hwi_E_busFault__C)
                  00009854    00000004     app_pem4f.oem4f (.const:ti_sysbios_family_arm_m3_Hwi_E_debugMon__C)
                  00009858    00000004     app_pem4f.oem4f (.const:ti_sysbios_family_arm_m3_Hwi_E_hardFault__C)
                  0000985c    00000004     app_pem4f.oem4f (.const:ti_sysbios_family_arm_m3_Hwi_E_memFault__C)
                  00009860    00000004     app_pem4f.oem4f (.const:ti_sysbios_family_arm_m3_Hwi_E_noIsr__C)
                  00009864    00000004     app_pem4f.oem4f (.const:ti_sysbios_family_arm_m3_Hwi_E_reserved__C)
                  00009868    00000004     app_pem4f.oem4f (.const:ti_sysbios_family_arm_m3_Hwi_E_svCall__C)
                  0000986c    00000004     app_pem4f.oem4f (.const:ti_sysbios_family_arm_m3_Hwi_E_usageFault__C)
                  00009870    00000004     app_pem4f.oem4f (.const:ti_sysbios_family_arm_m3_Hwi_LD_end__C)
                  00009874    00000004     app_pem4f.oem4f (.const:ti_sysbios_family_arm_m3_Hwi_LM_begin__C)
                  00009878    00000004     app_pem4f.oem4f (.const:ti_sysbios_family_arm_m3_Hwi_Module__diagsEnabled__C)
                  0000987c    00000004     app_pem4f.oem4f (.const:ti_sysbios_family_arm_m3_Hwi_Module__diagsIncluded__C)
                  00009880    00000004     app_pem4f.oem4f (.const:ti_sysbios_family_arm_m3_Hwi_Module__diagsMask__C)
                  00009884    00000004     app_pem4f.oem4f (.const:ti_sysbios_family_arm_m3_Hwi_Module__loggerFxn1__C)
                  00009888    00000004     app_pem4f.oem4f (.const:ti_sysbios_family_arm_m3_Hwi_Module__loggerFxn8__C)
                  0000988c    00000004     app_pem4f.oem4f (.const:ti_sysbios_family_arm_m3_Hwi_Module__loggerObj__C)
                  00009890    00000004     app_pem4f.oem4f (.const:ti_sysbios_family_arm_m3_Hwi_NUM_INTERRUPTS__C)
                  00009894    00000004     app_pem4f.oem4f (.const:ti_sysbios_family_arm_m3_Hwi_Object__count__C)
                  00009898    00000004     app_pem4f.oem4f (.const:ti_sysbios_family_arm_m3_Hwi_ccr__C)
                  0000989c    00000004     app_pem4f.oem4f (.const:ti_sysbios_family_arm_m3_Hwi_excHandlerFunc__C)
                  000098a0    00000004     app_pem4f.oem4f (.const:ti_sysbios_family_arm_m3_Hwi_excHookFuncs__C)
                  000098a4    00000004     app_pem4f.oem4f (.const:ti_sysbios_family_arm_m3_Hwi_nullIsrFunc__C)
                  000098a8    00000004     app_pem4f.oem4f (.const:ti_sysbios_family_arm_m3_Hwi_priGroup__C)
                  000098ac    00000004     app_pem4f.oem4f (.const:ti_sysbios_family_arm_m3_TaskSupport_stackAlignment__C)
                  000098b0    00000004     app_pem4f.oem4f (.const:ti_sysbios_gates_GateMutexPri_A_badContext__C)
                  000098b4    00000004     app_pem4f.oem4f (.const:ti_sysbios_gates_GateMutexPri_A_enterTaskDisabled__C)
                  000098b8    00000004     app_pem4f.oem4f (.const:ti_sysbios_gates_GateMutexPri_Instance_State_pendQ__O)
                  000098bc    00000004     app_pem4f.oem4f (.const:ti_sysbios_gates_GateMutexPri_Module__diagsEnabled__C)
                  000098c0    00000004     app_pem4f.oem4f (.const:ti_sysbios_gates_GateMutexPri_Module__diagsIncluded__C)
                  000098c4    00000004     app_pem4f.oem4f (.const:ti_sysbios_gates_GateMutexPri_Module__diagsMask__C)
                  000098c8    00000004     app_pem4f.oem4f (.const:ti_sysbios_gates_GateMutex_A_badContext__C)
                  000098cc    00000004     app_pem4f.oem4f (.const:ti_sysbios_gates_GateMutex_Instance_State_sem__O)
                  000098d0    00000004     app_pem4f.oem4f (.const:ti_sysbios_gates_GateMutex_Module__diagsEnabled__C)
                  000098d4    00000004     app_pem4f.oem4f (.const:ti_sysbios_gates_GateMutex_Module__diagsIncluded__C)
                  000098d8    00000004     app_pem4f.oem4f (.const:ti_sysbios_gates_GateMutex_Module__diagsMask__C)
                  000098dc    00000004     app_pem4f.oem4f (.const:ti_sysbios_hal_Hwi_E_stackOverflow__C)
                  000098e0    00000004     app_pem4f.oem4f (.const:ti_sysbios_heaps_HeapMem_A_align__C)
                  000098e4    00000004     app_pem4f.oem4f (.const:ti_sysbios_heaps_HeapMem_A_heapSize__C)
                  000098e8    00000004     app_pem4f.oem4f (.const:ti_sysbios_heaps_HeapMem_A_invalidFree__C)
                  000098ec    00000004     app_pem4f.oem4f (.const:ti_sysbios_heaps_HeapMem_A_zeroBlock__C)
                  000098f0    00000004     app_pem4f.oem4f (.const:ti_sysbios_heaps_HeapMem_E_memory__C)
                  000098f4    00000004     app_pem4f.oem4f (.const:ti_sysbios_heaps_HeapMem_Module__diagsEnabled__C)
                  000098f8    00000004     app_pem4f.oem4f (.const:ti_sysbios_heaps_HeapMem_Module__diagsIncluded__C)
                  000098fc    00000004     app_pem4f.oem4f (.const:ti_sysbios_heaps_HeapMem_Module__diagsMask__C)
                  00009900    00000004     app_pem4f.oem4f (.const:ti_sysbios_heaps_HeapMem_Module__gateObj__C)
                  00009904    00000004     app_pem4f.oem4f (.const:ti_sysbios_heaps_HeapMem_Object__count__C)
                  00009908    00000004     app_pem4f.oem4f (.const:ti_sysbios_heaps_HeapMem_reqAlign__C)
                  0000990c    00000004     app_pem4f.oem4f (.const:ti_sysbios_knl_Clock_A_badThreadType__C)
                  00009910    00000004     app_pem4f.oem4f (.const:ti_sysbios_knl_Clock_LM_begin__C)
                  00009914    00000004     app_pem4f.oem4f (.const:ti_sysbios_knl_Clock_LM_tick__C)
                  00009918    00000004     app_pem4f.oem4f (.const:ti_sysbios_knl_Clock_LW_delayed__C)
                  0000991c    00000004     app_pem4f.oem4f (.const:ti_sysbios_knl_Clock_Module_State_clockQ__O)
                  00009920    00000004     app_pem4f.oem4f (.const:ti_sysbios_knl_Clock_Module__diagsEnabled__C)
                  00009924    00000004     app_pem4f.oem4f (.const:ti_sysbios_knl_Clock_Module__diagsIncluded__C)
                  00009928    00000004     app_pem4f.oem4f (.const:ti_sysbios_knl_Clock_Module__diagsMask__C)
                  0000992c    00000004     app_pem4f.oem4f (.const:ti_sysbios_knl_Clock_Module__loggerFxn1__C)
                  00009930    00000004     app_pem4f.oem4f (.const:ti_sysbios_knl_Clock_Module__loggerFxn2__C)
                  00009934    00000004     app_pem4f.oem4f (.const:ti_sysbios_knl_Clock_Module__loggerObj__C)
                  00009938    00000004     app_pem4f.oem4f (.const:ti_sysbios_knl_Mailbox_Instance_State_freeQue__O)
                  0000993c    00000004     app_pem4f.oem4f (.const:ti_sysbios_knl_Mailbox_Object__count__C)
                  00009940    00000004     app_pem4f.oem4f (.const:ti_sysbios_knl_Mailbox_maxTypeAlign__C)
                  00009944    00000004     app_pem4f.oem4f (.const:ti_sysbios_knl_Semaphore_A_badContext__C)
                  00009948    00000004     app_pem4f.oem4f (.const:ti_sysbios_knl_Semaphore_A_noEvents__C)
                  0000994c    00000004     app_pem4f.oem4f (.const:ti_sysbios_knl_Semaphore_A_overflow__C)
                  00009950    00000004     app_pem4f.oem4f (.const:ti_sysbios_knl_Semaphore_A_pendTaskDisabled__C)
                  00009954    00000004     app_pem4f.oem4f (.const:ti_sysbios_knl_Semaphore_Instance_State_pendQ__O)
                  00009958    00000004     app_pem4f.oem4f (.const:ti_sysbios_knl_Semaphore_LM_pend__C)
                  0000995c    00000004     app_pem4f.oem4f (.const:ti_sysbios_knl_Semaphore_LM_post__C)
                  00009960    00000004     app_pem4f.oem4f (.const:ti_sysbios_knl_Semaphore_Module__diagsEnabled__C)
                  00009964    00000004     app_pem4f.oem4f (.const:ti_sysbios_knl_Semaphore_Module__diagsIncluded__C)
                  00009968    00000004     app_pem4f.oem4f (.const:ti_sysbios_knl_Semaphore_Module__diagsMask__C)
                  0000996c    00000004     app_pem4f.oem4f (.const:ti_sysbios_knl_Semaphore_Module__loggerFxn2__C)
                  00009970    00000004     app_pem4f.oem4f (.const:ti_sysbios_knl_Semaphore_Module__loggerFxn4__C)
                  00009974    00000004     app_pem4f.oem4f (.const:ti_sysbios_knl_Semaphore_Module__loggerObj__C)
                  00009978    00000004     app_pem4f.oem4f (.const:ti_sysbios_knl_Swi_LD_end__C)
                  0000997c    00000004     app_pem4f.oem4f (.const:ti_sysbios_knl_Swi_LM_begin__C)
                  00009980    00000004     app_pem4f.oem4f (.const:ti_sysbios_knl_Swi_LM_post__C)
                  00009984    00000004     app_pem4f.oem4f (.const:ti_sysbios_knl_Swi_Module__diagsEnabled__C)
                  00009988    00000004     app_pem4f.oem4f (.const:ti_sysbios_knl_Swi_Module__diagsIncluded__C)
                  0000998c    00000004     app_pem4f.oem4f (.const:ti_sysbios_knl_Swi_Module__diagsMask__C)
                  00009990    00000004     app_pem4f.oem4f (.const:ti_sysbios_knl_Swi_Module__loggerFxn1__C)
                  00009994    00000004     app_pem4f.oem4f (.const:ti_sysbios_knl_Swi_Module__loggerFxn4__C)
                  00009998    00000004     app_pem4f.oem4f (.const:ti_sysbios_knl_Swi_Module__loggerObj__C)
                  0000999c    00000004     app_pem4f.oem4f (.const:ti_sysbios_knl_Swi_Object__count__C)
                  000099a0    00000004     app_pem4f.oem4f (.const:ti_sysbios_knl_Task_A_badPriority__C)
                  000099a4    00000004     app_pem4f.oem4f (.const:ti_sysbios_knl_Task_A_badTaskState__C)
                  000099a8    00000004     app_pem4f.oem4f (.const:ti_sysbios_knl_Task_A_badThreadType__C)
                  000099ac    00000004     app_pem4f.oem4f (.const:ti_sysbios_knl_Task_A_noPendElem__C)
                  000099b0    00000004     app_pem4f.oem4f (.const:ti_sysbios_knl_Task_E_spOutOfBounds__C)
                  000099b4    00000004     app_pem4f.oem4f (.const:ti_sysbios_knl_Task_E_stackOverflow__C)
                  000099b8    00000004     app_pem4f.oem4f (.const:ti_sysbios_knl_Task_LD_block__C)
                  000099bc    00000004     app_pem4f.oem4f (.const:ti_sysbios_knl_Task_LD_exit__C)
                  000099c0    00000004     app_pem4f.oem4f (.const:ti_sysbios_knl_Task_LD_ready__C)
                  000099c4    00000004     app_pem4f.oem4f (.const:ti_sysbios_knl_Task_LM_setPri__C)
                  000099c8    00000004     app_pem4f.oem4f (.const:ti_sysbios_knl_Task_LM_switch__C)
                  000099cc    00000004     app_pem4f.oem4f (.const:ti_sysbios_knl_Task_Module_State_inactiveQ__O)
                  000099d0    00000004     app_pem4f.oem4f (.const:ti_sysbios_knl_Task_Module__diagsEnabled__C)
                  000099d4    00000004     app_pem4f.oem4f (.const:ti_sysbios_knl_Task_Module__diagsIncluded__C)
                  000099d8    00000004     app_pem4f.oem4f (.const:ti_sysbios_knl_Task_Module__diagsMask__C)
                  000099dc    00000004     app_pem4f.oem4f (.const:ti_sysbios_knl_Task_Module__loggerFxn2__C)
                  000099e0    00000004     app_pem4f.oem4f (.const:ti_sysbios_knl_Task_Module__loggerFxn4__C)
                  000099e4    00000004     app_pem4f.oem4f (.const:ti_sysbios_knl_Task_Module__loggerObj__C)
                  000099e8    00000004     app_pem4f.oem4f (.const:ti_sysbios_knl_Task_Object__count__C)
                  000099ec    00000004     app_pem4f.oem4f (.const:ti_sysbios_knl_Task_allBlockedFunc__C)
                  000099f0    00000004     app_pem4f.oem4f (.const:ti_sysbios_knl_Task_defaultStackHeap__C)
                  000099f4    00000004     app_pem4f.oem4f (.const:ti_sysbios_knl_Task_defaultStackSize__C)
                  000099f8    00000004     app_pem4f.oem4f (.const:ti_sysbios_knl_Task_numConstructedTasks__C)
                  000099fc    00000004     app_pem4f.oem4f (.const:ti_sysbios_utils_Load_LS_cpuLoad__C)
                  00009a00    00000004     app_pem4f.oem4f (.const:ti_sysbios_utils_Load_Module__diagsEnabled__C)
                  00009a04    00000004     app_pem4f.oem4f (.const:ti_sysbios_utils_Load_Module__diagsIncluded__C)
                  00009a08    00000004     app_pem4f.oem4f (.const:ti_sysbios_utils_Load_Module__diagsMask__C)
                  00009a0c    00000004     app_pem4f.oem4f (.const:ti_sysbios_utils_Load_Module__loggerFxn1__C)
                  00009a10    00000004     app_pem4f.oem4f (.const:ti_sysbios_utils_Load_Module__loggerObj__C)
                  00009a14    00000004     app_pem4f.oem4f (.const:ti_sysbios_utils_Load_postUpdate__C)
                  00009a18    00000004     app_pem4f.oem4f (.const:ti_sysbios_utils_Load_windowInMs__C)
                  00009a1c    00000004     app_pem4f.oem4f (.const:ti_uia_events_UIABenchmark_start__C)
                  00009a20    00000004     app_pem4f.oem4f (.const:ti_uia_events_UIABenchmark_stop__C)
                  00009a24    00000004     app_pem4f.oem4f (.const:ti_uia_loggers_LoggerStopMode_Module__diagsEnabled__C)
                  00009a28    00000004     app_pem4f.oem4f (.const:ti_uia_loggers_LoggerStopMode_Module__diagsIncluded__C)
                  00009a2c    00000004     app_pem4f.oem4f (.const:ti_uia_loggers_LoggerStopMode_Module__diagsMask__C)
                  00009a30    00000004     app_pem4f.oem4f (.const:ti_uia_loggers_LoggerStopMode_Object__count__C)
                  00009a34    00000004     app_pem4f.oem4f (.const:ti_uia_runtime_ILoggerSnapshot_Interface__BASE__C)
                  00009a38    00000004     app_pem4f.oem4f (.const:ti_uia_runtime_IUIATransfer_Interface__BASE__C)
                  00009a3c    00000004     app_pem4f.oem4f (.const:xdc_runtime_Assert_E_assertFailed__C)
                  00009a40    00000004     app_pem4f.oem4f (.const:xdc_runtime_Core_A_initializedParams__C)
                  00009a44    00000004     app_pem4f.oem4f (.const:xdc_runtime_Core_Module__diagsEnabled__C)
                  00009a48    00000004     app_pem4f.oem4f (.const:xdc_runtime_Core_Module__diagsIncluded__C)
                  00009a4c    00000004     app_pem4f.oem4f (.const:xdc_runtime_Core_Module__diagsMask__C)
                  00009a50    00000004     app_pem4f.oem4f (.const:xdc_runtime_Error_E_memory__C)
                  00009a54    00000004     app_pem4f.oem4f (.const:xdc_runtime_Error_Module__diagsEnabled__C)
                  00009a58    00000004     app_pem4f.oem4f (.const:xdc_runtime_Error_Module__diagsIncluded__C)
                  00009a5c    00000004     app_pem4f.oem4f (.const:xdc_runtime_Error_Module__diagsMask__C)
                  00009a60    00000004     app_pem4f.oem4f (.const:xdc_runtime_Error_Module__loggerFxn8__C)
                  00009a64    00000004     app_pem4f.oem4f (.const:xdc_runtime_Error_Module__loggerObj__C)
                  00009a68    00000004     app_pem4f.oem4f (.const:xdc_runtime_Error_policyFxn__C)
                  00009a6c    00000004     app_pem4f.oem4f (.const:xdc_runtime_Error_raiseHook__C)
                  00009a70    00000004     app_pem4f.oem4f (.const:xdc_runtime_IFilterLogger_Interface__BASE__C)
                  00009a74    00000004     app_pem4f.oem4f (.const:xdc_runtime_IGateProvider_Interface__BASE__C)
                  00009a78    00000004     app_pem4f.oem4f (.const:xdc_runtime_IHeap_Interface__BASE__C)
                  00009a7c    00000004     app_pem4f.oem4f (.const:xdc_runtime_ILogger_Interface__BASE__C)
                  00009a80    00000004     app_pem4f.oem4f (.const:xdc_runtime_IModule_Interface__BASE__C)
                  00009a84    00000004     app_pem4f.oem4f (.const:xdc_runtime_Log_L_error__C)
                  00009a88    00000004     app_pem4f.oem4f (.const:xdc_runtime_LoggerBuf_E_badLevel__C)
                  00009a8c    00000004     app_pem4f.oem4f (.const:xdc_runtime_LoggerBuf_Module__gateObj__C)
                  00009a90    00000004     app_pem4f.oem4f (.const:xdc_runtime_LoggerBuf_Object__count__C)
                  00009a94    00000004     app_pem4f.oem4f (.const:xdc_runtime_LoggerBuf_statusLogger__C)
                  00009a98    00000004     app_pem4f.oem4f (.const:xdc_runtime_Main_Module__diagsEnabled__C)
                  00009a9c    00000004     app_pem4f.oem4f (.const:xdc_runtime_Main_Module__diagsIncluded__C)
                  00009aa0    00000004     app_pem4f.oem4f (.const:xdc_runtime_Main_Module__diagsMask__C)
                  00009aa4    00000004     app_pem4f.oem4f (.const:xdc_runtime_Main_Module__loggerFxn1__C)
                  00009aa8    00000004     app_pem4f.oem4f (.const:xdc_runtime_Main_Module__loggerObj__C)
                  00009aac    00000004     app_pem4f.oem4f (.const:xdc_runtime_Memory_defaultHeapInstance__C)
                  00009ab0    00000004     app_pem4f.oem4f (.const:xdc_runtime_Startup_execImpl__C)
                  00009ab4    00000004     app_pem4f.oem4f (.const:xdc_runtime_Startup_lastFxns__A)
                  00009ab8    00000004     app_pem4f.oem4f (.const:xdc_runtime_Startup_maxPasses__C)
                  00009abc    00000004     app_pem4f.oem4f (.const:xdc_runtime_Startup_sfxnRts__C)
                  00009ac0    00000004     app_pem4f.oem4f (.const:xdc_runtime_Startup_sfxnTab__C)
                  00009ac4    00000004     app_pem4f.oem4f (.const:xdc_runtime_SysMin_bufSize__C)
                  00009ac8    00000004     app_pem4f.oem4f (.const:xdc_runtime_SysMin_outputFunc__C)
                  00009acc    00000004     app_pem4f.oem4f (.const:xdc_runtime_System_Module__gateObj__C)
                  00009ad0    00000004     app_pem4f.oem4f (.const:xdc_runtime_System_abortFxn__C)
                  00009ad4    00000004     app_pem4f.oem4f (.const:xdc_runtime_System_exitFxn__C)
                  00009ad8    00000004     app_pem4f.oem4f (.const:xdc_runtime_System_extendFxn__C)
                  00009adc    00000004     app_pem4f.oem4f (.const:xdc_runtime_System_maxAtexitHandlers__C)
                  00009ae0    00000004     app_pem4f.oem4f (.const:xdc_runtime_Text_charTab__C)
                  00009ae4    00000004     app_pem4f.oem4f (.const:xdc_runtime_Text_nodeTab__C)
                  00009ae8    00000004     app_pem4f.oem4f (.const:xdc_runtime_Text_visitRopeFxn__C)
                  00009aec    00000002     app_pem4f.oem4f (.const:ti_catalog_arm_cortexm4_tiva_ce_Boot_Module__id__C)
                  00009aee    00000002     app_pem4f.oem4f (.const:ti_sysbios_family_arm_lm4_TimestampProvider_useClockTimer__C)
                  00009af0    00000002     app_pem4f.oem4f (.const:ti_sysbios_family_arm_m3_Hwi_Module__id__C)
                  00009af2    00000002     app_pem4f.oem4f (.const:ti_sysbios_family_arm_m3_Hwi_Module__loggerDefined__C)
                  00009af4    00000002     app_pem4f.oem4f (.const:ti_sysbios_gates_GateMutexPri_Module__id__C)
                  00009af6    00000002     app_pem4f.oem4f (.const:ti_sysbios_gates_GateMutex_Module__id__C)
                  00009af8    00000002     app_pem4f.oem4f (.const:ti_sysbios_hal_Hwi_Module__id__C)
                  00009afa    00000002     app_pem4f.oem4f (.const:ti_sysbios_heaps_HeapMem_Module__id__C)
                  00009afc    00000002     app_pem4f.oem4f (.const:ti_sysbios_knl_Clock_Module__id__C)
                  00009afe    00000002     app_pem4f.oem4f (.const:ti_sysbios_knl_Clock_Module__loggerDefined__C)
                  00009b00    00000002     app_pem4f.oem4f (.const:ti_sysbios_knl_Semaphore_Module__id__C)
                  00009b02    00000002     app_pem4f.oem4f (.const:ti_sysbios_knl_Semaphore_Module__loggerDefined__C)
                  00009b04    00000002     app_pem4f.oem4f (.const:ti_sysbios_knl_Swi_Module__id__C)
                  00009b06    00000002     app_pem4f.oem4f (.const:ti_sysbios_knl_Swi_Module__loggerDefined__C)
                  00009b08    00000002     app_pem4f.oem4f (.const:ti_sysbios_knl_Task_Module__id__C)
                  00009b0a    00000002     app_pem4f.oem4f (.const:ti_sysbios_knl_Task_Module__loggerDefined__C)
                  00009b0c    00000002     app_pem4f.oem4f (.const:ti_sysbios_utils_Load_Module__id__C)
                  00009b0e    00000002     app_pem4f.oem4f (.const:ti_sysbios_utils_Load_Module__loggerDefined__C)
                  00009b10    00000002     app_pem4f.oem4f (.const:ti_sysbios_utils_Load_updateInIdle__C)
                  00009b12    00000002     app_pem4f.oem4f (.const:ti_uia_loggers_LoggerStopMode_Module__id__C)
                  00009b14    00000002     app_pem4f.oem4f (.const:ti_uia_loggers_LoggerStopMode_isTimestampEnabled__C)
                  00009b16    00000002     app_pem4f.oem4f (.const:xdc_runtime_Core_Module__id__C)
                  00009b18    00000002     app_pem4f.oem4f (.const:xdc_runtime_Error_Module__loggerDefined__C)
                  00009b1a    00000002     app_pem4f.oem4f (.const:xdc_runtime_Error_maxDepth__C)
                  00009b1c    00000002     app_pem4f.oem4f (.const:xdc_runtime_LoggerBuf_Module__id__C)
                  00009b1e    00000002     app_pem4f.oem4f (.const:xdc_runtime_LoggerBuf_filterByLevel__C)
                  00009b20    00000002     app_pem4f.oem4f (.const:xdc_runtime_Main_Module__id__C)
                  00009b22    00000002     app_pem4f.oem4f (.const:xdc_runtime_Main_Module__loggerDefined__C)
                  00009b24    00000002     app_pem4f.oem4f (.const:xdc_runtime_Memory_Module__id__C)
                  00009b26    00000002     app_pem4f.oem4f (.const:xdc_runtime_SysMin_flushAtExit__C)
                  00009b28    00000002     app_pem4f.oem4f (.const:xdc_runtime_Text_isLoaded__C)
                  00009b2a    00000002     app_pem4f.oem4f (.const:xdc_runtime_Text_registryModsLastId__C)
                  00009b2c    00000002     app_pem4f.oem4f (.const:xdc_runtime_Text_unnamedModsLastId__C)
                  00009b2e    00000001     app_pem4f.oem4f (.const:xdc_runtime_Error_policy__C)

.cinit     0    00009b30    00000278     
                  00009b30    00000250     (.cinit..data.load) [load image, compression = lzss]
                  00009d80    0000000c     (__TI_handler_table)
                  00009d8c    00000004     --HOLE-- [fill = 0]
                  00009d90    00000008     (.cinit..bss.load) [load image, compression = zero_init]
                  00009d98    00000010     (__TI_cinit_table)

.init_array 
*          0    00000000    00000000     UNINITIALIZED

.bss       0    20000380    00004fb0     UNINITIALIZED
                  20000380    00002000     (.common:ti_sysbios_heaps_HeapMem_Instance_State_0_buf__A)
                  20002380    00001770     (.common:ti_uia_loggers_LoggerStopMode_Instance_State_2_packetArray__A)
                  20003af0    00000800     app_pem4f.oem4f (.bss:taskStackSection)
                  200042f0    00000008     (.common:parmbuf)
                  200042f8    00000004     (.common:S1)
                  200042fc    00000004     (.common:S2)
                  20004300    00000400     (.common:ti_uia_loggers_LoggerStopMode_Instance_State_1_packetArray__A)
                  20004700    00000360     (.common:ti_sysbios_family_arm_m3_Hwi_dispatchTable)
                  20004a60    00000018     (.common:prms)
                  20004a78    00000004     (.common:clocktask1)
                  20004a7c    00000004     (.common:clocktask2)
                  20004a80    00000200     (.common:ti_uia_loggers_LoggerStopMode_Instance_State_0_packetArray__A)
                  20004c80    00000200     (.common:xdc_runtime_LoggerBuf_Instance_State_0_entryArr__A)
                  20004e80    00000200     (.common:xdc_runtime_SysMin_Module_State_0_outbuf__A)
                  20005080    00000120     rtsv7M4_T_le_v4SPD16_eabi.lib : trgmsg.c.obj (.bss:_CIOBUF_)
                  200051a0    00000004     (.common:clocktask3)
                  200051a4    00000004     (.common:task1_sem)
                  200051a8    00000004     (.common:task2_sem)
                  200051ac    00000004     (.common:task3_sem)
                  200051b0    00000004     (.common:tsk1)
                  200051b4    00000004     (.common:tsk2)
                  200051b8    00000004     (.common:tsk3)
                  200051bc    00000044     --HOLE--
                  20005200    00000030     (.common:ti_uia_loggers_LoggerStopMode_Instance_State_0_hdr__A)
                  20005230    00000050     --HOLE--
                  20005280    00000030     (.common:ti_uia_loggers_LoggerStopMode_Instance_State_1_hdr__A)
                  200052b0    00000050     --HOLE--
                  20005300    00000030     (.common:ti_uia_loggers_LoggerStopMode_Instance_State_2_hdr__A)

.data      0    20005330    00000618     UNINITIALIZED
                  20005330    0000009c     app_pem4f.oem4f (.data:ti_uia_loggers_LoggerStopMode_Object__table__V)
                  200053cc    00000098     app_pem4f.oem4f (.data:ti_sysbios_utils_Load_Module__state__V)
                  20005464    00000080     app_pem4f.oem4f (.data:ti_sysbios_family_arm_lm4_Timer_Object__table__V)
                  200054e4    00000080     app_pem4f.oem4f (.data:ti_sysbios_knl_Swi_Module_State_0_readyQ__A)
                  20005564    00000080     app_pem4f.oem4f (.data:ti_sysbios_knl_Task_Module_State_0_readyQ__A)
                  200055e4    0000005c     app_pem4f.oem4f (.data:ti_sysbios_knl_Task_Object__table__V)
                  20005640    00000048     app_pem4f.oem4f (.data:ti_sysbios_knl_Task_Module__state__V)
                  20005688    00000038     app_pem4f.oem4f (.data:ti_sysbios_gates_GateMutex_Object__table__V)
                  200056c0    00000034     app_pem4f.oem4f (.data:ti_sysbios_family_arm_m3_Hwi_Module__state__V)
                  200056f4    00000030     app_pem4f.oem4f (.data:ti_sysbios_family_arm_lm4_Timer_Module_State_0_device__A)
                  20005724    00000030     app_pem4f.oem4f (.data:ti_sysbios_family_arm_m3_Hwi_Object__table__V)
                  20005754    00000030     app_pem4f.oem4f (.data:ti_sysbios_knl_Swi_Object__table__V)
                  20005784    0000002c     app_pem4f.oem4f (.data:ti_sysbios_knl_Clock_Module__state__V)
                  200057b0    00000024     app_pem4f.oem4f (.data:ti_sysbios_BIOS_Module__state__V)
                  200057d4    00000024     app_pem4f.oem4f (.data:xdc_runtime_LoggerBuf_Object__table__V)
                  200057f8    00000020     app_pem4f.oem4f (.data:xdc_runtime_Error_IgnoreBlock)
                  20005818    0000001c     app_pem4f.oem4f (.data:ti_sysbios_knl_Swi_Module__state__V)
                  20005834    00000018     app_pem4f.oem4f (.data:ti_sysbios_family_arm_lm4_Timer_Module_State_0_handles__A)
                  2000584c    00000018     app_pem4f.oem4f (.data:ti_sysbios_heaps_HeapMem_Object__table__V)
                  20005864    00000010     app_pem4f.oem4f (.data:xdc_runtime_System_Module_State_0_atexitHandlers__A)
                  20005874    0000000c     app_pem4f.oem4f (.data:ti_sysbios_family_arm_lm4_Timer_Module__state__V)
                  20005880    0000000c     app_pem4f.oem4f (.data:ti_sysbios_knl_Task_Module__root__V)
                  2000588c    0000000c     app_pem4f.oem4f (.data:ti_uia_runtime_QueueDescriptor_Module__state__V)
                  20005898    0000000c     app_pem4f.oem4f (.data:xdc_runtime_SysMin_Module__state__V)
                  200058a4    00000008     rtsv7M4_T_le_v4SPD16_eabi.lib : _lock.c.obj (.data:$O1$$)
                  200058ac    00000008     ti.uia.runtime.aem4f : QueueDescriptor.oem4f (.data)
                  200058b4    00000008     app_pem4f.oem4f (.data:ti_sysbios_family_arm_lm4_TimestampProvider_Module__state__V)
                  200058bc    00000008     app_pem4f.oem4f (.data:ti_sysbios_gates_GateHwi_Module__root__V)
                  200058c4    00000008     app_pem4f.oem4f (.data:ti_sysbios_gates_GateMutexPri_Module__root__V)
                  200058cc    00000008     app_pem4f.oem4f (.data:ti_sysbios_gates_GateMutex_Module__root__V)
                  200058d4    00000008     app_pem4f.oem4f (.data:ti_sysbios_heaps_HeapMem_Module__root__V)
                  200058dc    00000008     app_pem4f.oem4f (.data:ti_sysbios_knl_Clock_Module__root__V)
                  200058e4    00000008     app_pem4f.oem4f (.data:ti_sysbios_knl_Queue_Module__root__V)
                  200058ec    00000008     app_pem4f.oem4f (.data:ti_sysbios_knl_Semaphore_Module__root__V)
                  200058f4    00000008     app_pem4f.oem4f (.data:ti_uia_loggers_LoggerStopMode_Module__root__V)
                  200058fc    00000008     app_pem4f.oem4f (.data:xdc_runtime_LoggerBuf_Module__root__V)
                  20005904    00000008     app_pem4f.oem4f (.data:xdc_runtime_Registry_Module__state__V)
                  2000590c    00000008     app_pem4f.oem4f (.data:xdc_runtime_Startup_Module__state__V)
                  20005914    00000008     app_pem4f.oem4f (.data:xdc_runtime_System_Module__state__V)
                  2000591c    00000006     app_pem4f.oem4f (.data:xdc_runtime_LoggerBuf_Module__state__V)
                  20005922    00000002     app_pem4f.oem4f (.data:ti_sysbios_family_arm_m3_Hwi_Module_State_0_excActive__A)
                  20005924    00000004     rtsv7M4_T_le_v4SPD16_eabi.lib : stkdepth_vars.c.obj (.data)
                  20005928    00000004     app_pem4f.oem4f (.data:ti_sysbios_family_arm_m3_Hwi_Module_State_0_excContext__A)
                  2000592c    00000004     app_pem4f.oem4f (.data:ti_sysbios_family_arm_m3_Hwi_Module_State_0_excStack__A)
                  20005930    00000004     app_pem4f.oem4f (.data:ti_sysbios_gates_GateHwi_Object__table__V)
                  20005934    00000004     app_pem4f.oem4f (.data:ti_sysbios_knl_Task_Module_State_0_idleTask__A)
                  20005938    00000004     app_pem4f.oem4f (.data:ti_sysbios_utils_Load_Module_State_0_runningTask__A)
                  2000593c    00000004     app_pem4f.oem4f (.data:ti_sysbios_utils_Load_Module_State_0_taskStartTime__A)
                  20005940    00000004     app_pem4f.oem4f (.data:xdc_runtime_Memory_Module__state__V)
                  20005944    00000002     app_pem4f.oem4f (.data:xdc_runtime_Error_Module__state__V)
                  20005946    00000002     app_pem4f.oem4f (.data:xdc_runtime_Main_Module__root__V)

.stack     0    20005948    00000400     UNINITIALIZED
                  20005948    00000400     --HOLE--

.bootVecs 
*          0    00000000    00000008     DSECT
                  00000000    00000008     boot.aem4f : boot.oem4f (.bootVecs)

.resetVecs 
*          0    00000000    0000003c     
                  00000000    0000003c     app_pem4f.oem4f (.resetVecs)

.vecs      0    20000000    00000360     NOLOAD SECTION
                  20000000    00000360     app_pem4f.oem4f (.vecs)

xdc.meta   0    00000000    000000d8     COPY SECTION
                  00000000    000000d8     app_pem4f.oem4f (xdc.meta)

.binit     0    00000000    00000000     

MODULE SUMMARY

       Module                       code    ro data   rw data
       ------                       ----    -------   -------
    .\
       servidores.obj               918     0         32     
       comun.obj                    496     0         36     
       computos.obj                 66      0         0      
    +--+----------------------------+-------+---------+---------+
       Total:                       1480    0         68     
                                                             
    D:\GoogleDrive\TIVAWorkspace\PR13\Debug\configPkg\package\cfg\
       app_pem4f.oem4f              3822    10911     22212  
    +--+----------------------------+-------+---------+---------+
       Total:                       3822    10911     22212  
                                                             
    C:\ti\bios_6_76_04_02\packages\ti\catalog\arm\cortexm4\tiva\ce\lib\Boot.aem4f
       Boot_sysctl.oem4f            262     0         0      
       Boot.oem4f                   152     0         0      
    +--+----------------------------+-------+---------+---------+
       Total:                       414     0         0      
                                                             
    C:\ti\bios_6_76_04_02\packages\ti\targets\arm\rtsarm\lib\auto_init.aem4f
       auto_init.oem4f              160     0         0      
    +--+----------------------------+-------+---------+---------+
       Total:                       160     0         0      
                                                             
    C:\ti\bios_6_76_04_02\packages\ti\targets\arm\rtsarm\lib\boot.aem4f
       boot.oem4f                   88      0         0      
    +--+----------------------------+-------+---------+---------+
       Total:                       88      0         0      
                                                             
    C:\ti\bios_6_76_04_02\packages\ti\targets\arm\rtsarm\lib\ti.targets.arm.rtsarm.aem4f
       System.oem4f                 1227    0         0      
       LoggerBuf.oem4f              1092    0         0      
       Text.oem4f                   632     0         0      
       Error.oem4f                  568     0         0      
       Startup.oem4f                340     0         0      
       Core-mem.oem4f               334     0         0      
[...]
000098e4  ti_sysbios_heaps_HeapMem_A_heapSize__C                            
000098e8  ti_sysbios_heaps_HeapMem_A_invalidFree__C                         
000098ec  ti_sysbios_heaps_HeapMem_A_zeroBlock__C                           
000098f0  ti_sysbios_heaps_HeapMem_E_memory__C                              
000098f4  ti_sysbios_heaps_HeapMem_Module__diagsEnabled__C                  
000098f8  ti_sysbios_heaps_HeapMem_Module__diagsIncluded__C                 
000098fc  ti_sysbios_heaps_HeapMem_Module__diagsMask__C                     
00009900  ti_sysbios_heaps_HeapMem_Module__gateObj__C                       
00009904  ti_sysbios_heaps_HeapMem_Object__count__C                         
00009908  ti_sysbios_heaps_HeapMem_reqAlign__C                              
0000990c  ti_sysbios_knl_Clock_A_badThreadType__C                           
00009910  ti_sysbios_knl_Clock_LM_begin__C                                  
00009914  ti_sysbios_knl_Clock_LM_tick__C                                   
00009918  ti_sysbios_knl_Clock_LW_delayed__C                                
0000991c  ti_sysbios_knl_Clock_Module_State_clockQ__O                       
00009920  ti_sysbios_knl_Clock_Module__diagsEnabled__C                      
00009924  ti_sysbios_knl_Clock_Module__diagsIncluded__C                     
00009928  ti_sysbios_knl_Clock_Module__diagsMask__C                         
0000992c  ti_sysbios_knl_Clock_Module__loggerFxn1__C                        
00009930  ti_sysbios_knl_Clock_Module__loggerFxn2__C                        
00009934  ti_sysbios_knl_Clock_Module__loggerObj__C                         
00009938  ti_sysbios_knl_Mailbox_Instance_State_freeQue__O                  
0000993c  ti_sysbios_knl_Mailbox_Object__count__C                           
00009940  ti_sysbios_knl_Mailbox_maxTypeAlign__C                            
00009944  ti_sysbios_knl_Semaphore_A_badContext__C                          
00009948  ti_sysbios_knl_Semaphore_A_noEvents__C                            
0000994c  ti_sysbios_knl_Semaphore_A_overflow__C                            
00009950  ti_sysbios_knl_Semaphore_A_pendTaskDisabled__C                    
00009954  ti_sysbios_knl_Semaphore_Instance_State_pendQ__O                  
00009958  ti_sysbios_knl_Semaphore_LM_pend__C                               
0000995c  ti_sysbios_knl_Semaphore_LM_post__C                               
00009960  ti_sysbios_knl_Semaphore_Module__diagsEnabled__C                  
00009964  ti_sysbios_knl_Semaphore_Module__diagsIncluded__C                 
00009968  ti_sysbios_knl_Semaphore_Module__diagsMask__C                     
0000996c  ti_sysbios_knl_Semaphore_Module__loggerFxn2__C                    
00009970  ti_sysbios_knl_Semaphore_Module__loggerFxn4__C                    
00009974  ti_sysbios_knl_Semaphore_Module__loggerObj__C                     
00009978  ti_sysbios_knl_Swi_LD_end__C                                      
0000997c  ti_sysbios_knl_Swi_LM_begin__C                                    
00009980  ti_sysbios_knl_Swi_LM_post__C                                     
00009984  ti_sysbios_knl_Swi_Module__diagsEnabled__C                        
00009988  ti_sysbios_knl_Swi_Module__diagsIncluded__C                       
0000998c  ti_sysbios_knl_Swi_Module__diagsMask__C                           
00009990  ti_sysbios_knl_Swi_Module__loggerFxn1__C                          
00009994  ti_sysbios_knl_Swi_Module__loggerFxn4__C                          
00009998  ti_sysbios_knl_Swi_Module__loggerObj__C                           
0000999c  ti_sysbios_knl_Swi_Object__count__C                               
000099a0  ti_sysbios_knl_Task_A_badPriority__C                              
000099a4  ti_sysbios_knl_Task_A_badTaskState__C                             
000099a8  ti_sysbios_knl_Task_A_badThreadType__C                            
000099ac  ti_sysbios_knl_Task_A_noPendElem__C                               
000099b0  ti_sysbios_knl_Task_E_spOutOfBounds__C                            
000099b4  ti_sysbios_knl_Task_E_stackOverflow__C                            
000099b8  ti_sysbios_knl_Task_LD_block__C                                   
000099bc  ti_sysbios_knl_Task_LD_exit__C                                    
000099c0  ti_sysbios_knl_Task_LD_ready__C                                   
000099c4  ti_sysbios_knl_Task_LM_setPri__C                                  
000099c8  ti_sysbios_knl_Task_LM_switch__C                                  
000099cc  ti_sysbios_knl_Task_Module_State_inactiveQ__O                     
000099d0  ti_sysbios_knl_Task_Module__diagsEnabled__C                       
000099d4  ti_sysbios_knl_Task_Module__diagsIncluded__C                      
000099d8  ti_sysbios_knl_Task_Module__diagsMask__C                          
000099dc  ti_sysbios_knl_Task_Module__loggerFxn2__C                         
000099e0  ti_sysbios_knl_Task_Module__loggerFxn4__C                         
000099e4  ti_sysbios_knl_Task_Module__loggerObj__C                          
000099e8  ti_sysbios_knl_Task_Object__count__C                              
000099ec  ti_sysbios_knl_Task_allBlockedFunc__C                             
000099f0  ti_sysbios_knl_Task_defaultStackHeap__C                           
000099f4  ti_sysbios_knl_Task_defaultStackSize__C                           
000099f8  ti_sysbios_knl_Task_numConstructedTasks__C                        
000099fc  ti_sysbios_utils_Load_LS_cpuLoad__C                               
00009a00  ti_sysbios_utils_Load_Module__diagsEnabled__C                     
00009a04  ti_sysbios_utils_Load_Module__diagsIncluded__C                    
00009a08  ti_sysbios_utils_Load_Module__diagsMask__C                        
00009a0c  ti_sysbios_utils_Load_Module__loggerFxn1__C                       
00009a10  ti_sysbios_utils_Load_Module__loggerObj__C                        
00009a14  ti_sysbios_utils_Load_postUpdate__C                               
00009a18  ti_sysbios_utils_Load_windowInMs__C                               
00009a1c  ti_uia_events_UIABenchmark_start__C                               
00009a20  ti_uia_events_UIABenchmark_stop__C                                
00009a24  ti_uia_loggers_LoggerStopMode_Module__diagsEnabled__C             
00009a28  ti_uia_loggers_LoggerStopMode_Module__diagsIncluded__C            
00009a2c  ti_uia_loggers_LoggerStopMode_Module__diagsMask__C                
00009a30  ti_uia_loggers_LoggerStopMode_Object__count__C                    
00009a34  ti_uia_runtime_ILoggerSnapshot_Interface__BASE__C                 
00009a38  ti_uia_runtime_IUIATransfer_Interface__BASE__C                    
00009a3c  xdc_runtime_Assert_E_assertFailed__C                              
00009a40  xdc_runtime_Core_A_initializedParams__C                           
00009a44  xdc_runtime_Core_Module__diagsEnabled__C                          
00009a48  xdc_runtime_Core_Module__diagsIncluded__C                         
00009a4c  xdc_runtime_Core_Module__diagsMask__C                             
00009a50  xdc_runtime_Error_E_memory__C                                     
00009a54  xdc_runtime_Error_Module__diagsEnabled__C                         
00009a58  xdc_runtime_Error_Module__diagsIncluded__C                        
00009a5c  xdc_runtime_Error_Module__diagsMask__C                            
00009a60  xdc_runtime_Error_Module__loggerFxn8__C                           
00009a64  xdc_runtime_Error_Module__loggerObj__C                            
00009a68  xdc_runtime_Error_policyFxn__C                                    
00009a6c  xdc_runtime_Error_raiseHook__C                                    
00009a70  xdc_runtime_IFilterLogger_Interface__BASE__C                      
00009a74  xdc_runtime_IGateProvider_Interface__BASE__C                      
00009a78  xdc_runtime_IHeap_Interface__BASE__C                              
00009a7c  xdc_runtime_ILogger_Interface__BASE__C                            
00009a80  xdc_runtime_IModule_Interface__BASE__C                            
00009a84  xdc_runtime_Log_L_error__C                                        
00009a88  xdc_runtime_LoggerBuf_E_badLevel__C                               
00009a8c  xdc_runtime_LoggerBuf_Module__gateObj__C                          
00009a90  xdc_runtime_LoggerBuf_Object__count__C                            
00009a94  xdc_runtime_LoggerBuf_statusLogger__C                             
00009a98  xdc_runtime_Main_Module__diagsEnabled__C                          
00009a9c  xdc_runtime_Main_Module__diagsIncluded__C                         
00009aa0  xdc_runtime_Main_Module__diagsMask__C                             
00009aa4  xdc_runtime_Main_Module__loggerFxn1__C                            
00009aa8  xdc_runtime_Main_Module__loggerObj__C                             
00009aac  xdc_runtime_Memory_defaultHeapInstance__C                         
00009ab0  xdc_runtime_Startup_execImpl__C                                   
00009ab4  xdc_runtime_Startup_lastFxns__A                                   
00009ab8  xdc_runtime_Startup_maxPasses__C                                  
00009abc  xdc_runtime_Startup_sfxnRts__C                                    
00009ac0  xdc_runtime_Startup_sfxnTab__C                                    
00009ac4  xdc_runtime_SysMin_bufSize__C                                     
00009ac8  xdc_runtime_SysMin_outputFunc__C                                  
00009acc  xdc_runtime_System_Module__gateObj__C                             
00009ad0  xdc_runtime_System_abortFxn__C                                    
00009ad4  xdc_runtime_System_exitFxn__C                                     
00009ad8  xdc_runtime_System_extendFxn__C                                   
00009adc  xdc_runtime_System_maxAtexitHandlers__C                           
00009ae0  xdc_runtime_Text_charTab__C                                       
00009ae4  xdc_runtime_Text_nodeTab__C                                       
00009ae8  xdc_runtime_Text_visitRopeFxn__C                                  
00009aec  ti_catalog_arm_cortexm4_tiva_ce_Boot_Module__id__C                
00009aee  ti_sysbios_family_arm_lm4_TimestampProvider_useClockTimer__C      
00009af0  ti_sysbios_family_arm_m3_Hwi_Module__id__C                        
00009af2  ti_sysbios_family_arm_m3_Hwi_Module__loggerDefined__C             
00009af4  ti_sysbios_gates_GateMutexPri_Module__id__C                       
00009af6  ti_sysbios_gates_GateMutex_Module__id__C                          
00009af8  ti_sysbios_hal_Hwi_Module__id__C                                  
00009afa  ti_sysbios_heaps_HeapMem_Module__id__C                            
00009afc  ti_sysbios_knl_Clock_Module__id__C                                
00009afe  ti_sysbios_knl_Clock_Module__loggerDefined__C                     
00009b00  ti_sysbios_knl_Semaphore_Module__id__C                            
00009b02  ti_sysbios_knl_Semaphore_Module__loggerDefined__C                 
00009b04  ti_sysbios_knl_Swi_Module__id__C                                  
00009b06  ti_sysbios_knl_Swi_Module__loggerDefined__C                       
00009b08  ti_sysbios_knl_Task_Module__id__C                                 
00009b0a  ti_sysbios_knl_Task_Module__loggerDefined__C                      
00009b0c  ti_sysbios_utils_Load_Module__id__C                               
00009b0e  ti_sysbios_utils_Load_Module__loggerDefined__C                    
00009b10  ti_sysbios_utils_Load_updateInIdle__C                             
00009b12  ti_uia_loggers_LoggerStopMode_Module__id__C                       
00009b14  ti_uia_loggers_LoggerStopMode_isTimestampEnabled__C               
00009b16  xdc_runtime_Core_Module__id__C                                    
00009b18  xdc_runtime_Error_Module__loggerDefined__C                        
00009b1a  xdc_runtime_Error_maxDepth__C                                     
00009b1c  xdc_runtime_LoggerBuf_Module__id__C                               
00009b1e  xdc_runtime_LoggerBuf_filterByLevel__C                            
00009b20  xdc_runtime_Main_Module__id__C                                    
00009b22  xdc_runtime_Main_Module__loggerDefined__C                         
00009b24  xdc_runtime_Memory_Module__id__C                                  
00009b26  xdc_runtime_SysMin_flushAtExit__C                                 
00009b28  xdc_runtime_Text_isLoaded__C                                      
00009b2a  xdc_runtime_Text_registryModsLastId__C                            
00009b2c  xdc_runtime_Text_unnamedModsLastId__C                             
00009b2e  xdc_runtime_Error_policy__C                                       
00009b30  __TI_static_base__                                                
00009d80  __TI_Handler_Table_Base                                           
00009d8c  __TI_Handler_Table_Limit                                          
00009d98  __TI_CINIT_Base                                                   
00009da8  __TI_CINIT_Limit                                                  
20000000  ti_sysbios_family_arm_m3_Hwi_ramVectors                           
20000380  ti_sysbios_heaps_HeapMem_Instance_State_0_buf__A                  
20002380  ti_uia_loggers_LoggerStopMode_Instance_State_2_packetArray__A     
20003af0  ti_sysbios_knl_Task_Instance_State_0_stack__A                     
200042f0  parmbuf                                                           
200042f8  S1                                                                
200042fc  S2                                                                
20004300  ti_uia_loggers_LoggerStopMode_Instance_State_1_packetArray__A     
20004700  ti_sysbios_family_arm_m3_Hwi_dispatchTable                        
20004a60  prms                                                              
20004a78  clocktask1                                                        
20004a7c  clocktask2                                                        
20004a80  ti_uia_loggers_LoggerStopMode_Instance_State_0_packetArray__A     
20004c80  xdc_runtime_LoggerBuf_Instance_State_0_entryArr__A                
20004e80  xdc_runtime_SysMin_Module_State_0_outbuf__A                       
20005080  __CIOBUF_                                                         
200051a0  clocktask3                                                        
200051a4  task1_sem                                                         
200051a8  task2_sem                                                         
200051ac  task3_sem                                                         
200051b0  tsk1                                                              
200051b4  tsk2                                                              
200051b8  tsk3                                                              
20005200  ti_uia_loggers_LoggerStopMode_Instance_State_0_hdr__A             
20005280  ti_uia_loggers_LoggerStopMode_Instance_State_1_hdr__A             
20005300  ti_uia_loggers_LoggerStopMode_Instance_State_2_hdr__A             
20005330  ti_uia_loggers_LoggerStopMode_Object__table__V                    
200053cc  ti_sysbios_utils_Load_Module__state__V                            
20005464  ti_sysbios_family_arm_lm4_Timer_Object__table__V                  
200054e4  ti_sysbios_knl_Swi_Module_State_0_readyQ__A                       
20005564  ti_sysbios_knl_Task_Module_State_0_readyQ__A                      
200055e4  ti_sysbios_knl_Task_Object__table__V                              
20005640  ti_sysbios_knl_Task_Module__state__V                              
20005688  ti_sysbios_gates_GateMutex_Object__table__V                       
200056c0  ti_sysbios_family_arm_m3_Hwi_Module__state__V                     
200056f4  ti_sysbios_family_arm_lm4_Timer_Module_State_0_device__A          
20005724  ti_sysbios_family_arm_m3_Hwi_Object__table__V                     
20005754  ti_sysbios_knl_Swi_Object__table__V                               
20005784  ti_sysbios_knl_Clock_Module__state__V                             
200057b0  ti_sysbios_BIOS_Module__state__V                                  
200057d4  xdc_runtime_LoggerBuf_Object__table__V                            
200057f8  xdc_runtime_Error_IgnoreBlock                                     
20005818  ti_sysbios_knl_Swi_Module__state__V                               
20005834  ti_sysbios_family_arm_lm4_Timer_Module_State_0_handles__A         
2000584c  ti_sysbios_heaps_HeapMem_Object__table__V                         
20005864  xdc_runtime_System_Module_State_0_atexitHandlers__A               
20005874  ti_sysbios_family_arm_lm4_Timer_Module__state__V                  
20005880  ti_sysbios_knl_Task_Module__root__V                               
2000588c  ti_uia_runtime_QueueDescriptor_Module__state__V                   
20005898  xdc_runtime_SysMin_Module__state__V                               
200058a4  _lock                                                             
200058a8  _unlock                                                           
200058ac  ti_uia_runtime_QueueDescriptor_gPtrToFirstDescriptor              
200058b0  ti_uia_runtime_QueueDescriptor_gUpdateCount                       
200058b4  ti_sysbios_family_arm_lm4_TimestampProvider_Module__state__V      
200058bc  ti_sysbios_gates_GateHwi_Module__root__V                          
200058c4  ti_sysbios_gates_GateMutexPri_Module__root__V                     
200058cc  ti_sysbios_gates_GateMutex_Module__root__V                        
200058d4  ti_sysbios_heaps_HeapMem_Module__root__V                          
200058dc  ti_sysbios_knl_Clock_Module__root__V                              
200058e4  ti_sysbios_knl_Queue_Module__root__V                              
200058ec  ti_sysbios_knl_Semaphore_Module__root__V                          
200058f4  ti_uia_loggers_LoggerStopMode_Module__root__V                     
200058fc  xdc_runtime_LoggerBuf_Module__root__V                             
20005904  xdc_runtime_Registry_Module__state__V                             
2000590c  xdc_runtime_Startup_Module__state__V                              
20005914  xdc_runtime_System_Module__state__V                               
2000591c  xdc_runtime_LoggerBuf_Module__state__V                            
20005922  ti_sysbios_family_arm_m3_Hwi_Module_State_0_excActive__A          
20005924  main_func_sp                                                      
20005928  ti_sysbios_family_arm_m3_Hwi_Module_State_0_excContext__A         
2000592c  ti_sysbios_family_arm_m3_Hwi_Module_State_0_excStack__A           
20005930  ti_sysbios_gates_GateHwi_Object__table__V                         
20005934  ti_sysbios_knl_Task_Module_State_0_idleTask__A                    
20005938  ti_sysbios_utils_Load_Module_State_0_runningTask__A               
2000593c  ti_sysbios_utils_Load_Module_State_0_taskStartTime__A             
20005940  xdc_runtime_Memory_Module__state__V                               
20005944  xdc_runtime_Error_Module__state__V                                
20005946  xdc_runtime_Main_Module__root__V                                  
20005948  __stack                                                           
20005d48  __STACK_END                                                       
e000e000  ti_sysbios_family_arm_m3_Hwi_nvic                                 
ffffffff  __TI_pprof_out_hndl                                               
ffffffff  __TI_prof_data_size                                               
ffffffff  __TI_prof_data_start                                              
ffffffff  __binit__                                                         
ffffffff  __c_args__                                                        
ffffffff  binit                                                             
UNDEFED   SHT$$INIT_ARRAY$$Base                                             
UNDEFED   SHT$$INIT_ARRAY$$Limit                                            

[742 symbols]
