******************************************************************************
                  TI ARM Linker PC v18.12.3                    
******************************************************************************
>> Linked Tue Oct 13 12:39:19 2020

OUTPUT FILE NAME:   <PR2.out>
ENTRY POINT SYMBOL: "_c_int00"  address: 00005f0d


MEMORY CONFIGURATION

         name            origin    length      used     unused   attr    fill
----------------------  --------  ---------  --------  --------  ----  --------
  FLASH                 00000000   00040000  0000af6f  00035091  R  X
  SRAM                  20000000   00008000  00007649  000009b7  RW X


SEGMENT ALLOCATION MAP

run origin  load origin   length   init length attrs members
----------  ----------- ---------- ----------- ----- -------
00000000    00000000    0000af78   0000af78    r-x
  00000000    00000000    0000003c   0000003c    r-- .resetVecs
  00000040    00000040    00008032   00008032    r-x .text
  00008074    00008074    00002c81   00002c81    r-- .const
  0000acf8    0000acf8    00000280   00000280    r-- .cinit
20000380    20000380    000072e9   00000000    rw-
  20000380    20000380    00004cb0   00000000    rw- .bss
  20005030    20005030    00002000   00000000    rw- .stack
  20007030    20007030    00000639   00000000    rw- .data


SECTION ALLOCATION MAP

 output                                  attributes/
section   page    origin      length       input sections
--------  ----  ----------  ----------   ----------------
.text      0    00000040    00008032     
                  00000040    00000430     sysbios.aem4f : BIOS.obj (.text:ti_sysbios_family_arm_m3_Hwi_excDumpRegs__I)
                  00000470    0000032c     ti.targets.arm.rtsarm.aem4f : System.oem4f (.text:xdc_runtime_System_doPrint__I)
                  0000079c    00000004     rtsv7M4_T_le_v4SPD16_eabi.lib : exit.c.obj (.text:abort:abort)
                  000007a0    000002f0     sysbios.aem4f : BIOS.obj (.text:ti_sysbios_knl_Semaphore_pend__E)
                  00000a90    0000023c                   : BIOS.obj (.text:ti_sysbios_heaps_HeapMem_freeUnprotected__E)
                  00000ccc    00000004     app_pem4f.oem4f (.text:ti_sysbios_BIOS_RtsGateProxy_enter__E)
                  00000cd0    00000234     sysbios.aem4f : BIOS.obj (.text:ti_sysbios_knl_Task_Instance_finalize__E)
                  00000f04    00000220     comun.obj (.text:main)
                  00001124    00000004     app_pem4f.oem4f (.text:ti_sysbios_BIOS_RtsGateProxy_leave__E)
                  00001128    00000200     sysbios.aem4f : BIOS.obj (.text:ti_sysbios_heaps_HeapMem_allocUnprotected__E)
                  00001328    00000200                   : BIOS.obj (.text:ti_sysbios_knl_Task_sleep__E)
                  00001528    000001f4                   : BIOS.obj (.text:ti_sysbios_family_arm_m3_Hwi_excHandlerMax__I)
                  0000171c    00000004                   : BIOS.obj (.text:ti_sysbios_family_arm_lm4_Timer_masterEnable__I)
                  00001720    000001c8                   : BIOS.obj (.text:ti_sysbios_knl_Task_Instance_init__E)
                  000018e8    000001b0                   : BIOS.obj (.text:ti_sysbios_gates_GateMutexPri_enter__E)
                  00001a98    000001a0                   : BIOS.obj (.text:ti_sysbios_family_arm_m3_Hwi_excUsageFault__I)
                  00001c38    00000188                   : BIOS.obj (.text:ti_sysbios_knl_Task_setPri__E)
                  00001dc0    00000178                   : BIOS.obj (.text:ti_sysbios_family_arm_lm4_TimestampProvider_get64__E)
                  00001f38    00000174                   : BIOS.obj (.text:ti_sysbios_family_arm_m3_Hwi_excBusFault__I)
                  000020ac    00000004     app_pem4f.oem4f (.text:ti_sysbios_family_arm_m3_TaskSupport_Module__startupDone__S)
                  000020b0    00000170     sysbios.aem4f : BIOS.obj (.text:ti_sysbios_family_arm_lm4_Timer_start__E)
                  00002220    0000016c     driverlib.lib : gpio.obj (.text:GPIOPadConfigSet)
                  0000238c    00000004     app_pem4f.oem4f (.text:ti_sysbios_hal_Hwi_HwiProxy_create)
                  00002390    00000160     sysbios.aem4f : BIOS.obj (.text:ti_sysbios_knl_Mailbox_Instance_init__E)
                  000024f0    00000148                   : BIOS.obj (.text:ti_sysbios_family_arm_m3_Hwi_excMemFault__I)
                  00002638    00000144                   : BIOS.obj (.text:ti_sysbios_knl_Clock_workFunc__E)
                  0000277c    00000004     app_pem4f.oem4f (.text:ti_sysbios_hal_Hwi_HwiProxy_delete)
                  00002780    00000140     sysbios.aem4f : BIOS.obj (.text:ti_sysbios_family_arm_m3_Hwi_dispatchC__I)
                  000028c0    0000013c                   : BIOS.obj (.text:ti_sysbios_heaps_HeapMem_Instance_init__E)
                  000029fc    00000004     app_pem4f.oem4f (.text:ti_sysbios_heaps_HeapMem_Module_GateProxy_enter__E)
                  00002a00    0000013c     sysbios.aem4f : BIOS.obj (.text:ti_sysbios_knl_Semaphore_post__E)
                  00002b3c    0000013c     ti.targets.arm.rtsarm.aem4f : LoggerBuf.oem4f (.text:xdc_runtime_LoggerBuf_write8__E)
                  00002c78    00000138     app_pem4f.oem4f (.text:ti_uia_loggers_LoggerStopMode_writeMemoryRange__E)
                  00002db0    00000130     ti.targets.arm.rtsarm.aem4f : Error.oem4f (.text:xdc_runtime_Error_policyDefault__E)
                  00002ee0    00000120     sysbios.aem4f : BIOS.obj (.text:ti_sysbios_knl_Swi_run__I)
                  00003000    0000011c     comun.obj (.text:Sporadic_Server)
                  0000311c    00000004     app_pem4f.oem4f (.text:ti_sysbios_heaps_HeapMem_Module_GateProxy_leave__E)
                  00003120    0000011c     sysbios.aem4f : BIOS.obj (.text:ti_sysbios_knl_Clock_Instance_init__E)
                  0000323c    0000010c     app_pem4f.oem4f (.text:ti_uia_loggers_LoggerStopMode_write8__E)
                  00003348    00000106     app_pem4f.oem4f (.text:xdc_runtime_System_printfExtend__I)
                  0000344e    00000002     rtsv7M4_T_le_v4SPD16_eabi.lib : _lock.c.obj (.text:_nop)
                  00003450    00000100     Boot.aem4f : Boot_sysctl.oem4f (.text:ti_catalog_arm_cortexm4_tiva_ce_Boot_sysCtlClockSetI__I)
                  00003550    000000f8     ti.targets.arm.rtsarm.aem4f : Startup.oem4f (.text:xdc_runtime_Startup_startMods__I)
                  00003648    000000f4     sysbios.aem4f : m3_Hwi_asm.obj (.text:ti_sysbios_family_arm_m3_Hwi_dispatch__I)
                  0000373c    000000f4     app_pem4f.oem4f (.text:ti_uia_loggers_LoggerStopMode_write4__E)
                  00003830    000000e8     sysbios.aem4f : BIOS.obj (.text:ti_sysbios_family_arm_m3_TaskSupport_start__E)
                  00003918    000000e8     app_pem4f.oem4f (.text:ti_uia_loggers_LoggerStopMode_write1__E)
                  00003a00    000000e8     app_pem4f.oem4f (.text:ti_uia_loggers_LoggerStopMode_write2__E)
                  00003ae8    000000e8     ti.targets.arm.rtsarm.aem4f : Core-mem.oem4f (.text:xdc_runtime_Core_createObject__I)
                  00003bd0    000000dc                                 : LoggerBuf.oem4f (.text:xdc_runtime_LoggerBuf_write4__E)
                  00003cac    00000004     app_pem4f.oem4f (.text:ti_sysbios_knl_Clock_TimerProxy_getMaxTicks__E)
                  00003cb0    000000d8     sysbios.aem4f : BIOS.obj (.text:ti_sysbios_family_arm_lm4_TimestampProvider_get32__E)
                  00003d88    000000d8     app_pem4f.oem4f (.text:ti_uia_loggers_LoggerStopMode_write0__E)
                  00003e60    000000d4     servidores.obj (.text:S11)
                  00003f34    000000d4     servidores.obj (.text:S12)
                  00004008    000000d4     servidores.obj (.text:S21)
                  000040dc    000000d4     servidores.obj (.text:S22)
                  000041b0    000000d0     sysbios.aem4f : BIOS.obj (.text:ti_sysbios_knl_Task_schedule__I)
                  00004280    000000cc     ti.targets.arm.rtsarm.aem4f : Core-smem.oem4f (.text:xdc_runtime_Core_constructObject__I)
                  0000434c    000000c8     comun.obj (.text:swiSS)
                  00004414    00000004     app_pem4f.oem4f (.text:ti_sysbios_knl_Clock_TimerProxy_getPeriod__E)
                  00004418    000000c4     sysbios.aem4f : BIOS.obj (.text:ti_sysbios_knl_Swi_Instance_init__E)
                  000044dc    00000004     ti.uia.loggers.aem4f : LoggerStopMode.oem4f (.text:ti_uia_loggers_LoggerStopMode_getContents__E)
                  000044e0    000000bc     sysbios.aem4f : BIOS.obj (.text:ti_sysbios_family_arm_m3_Hwi_excDebugMon__I)
                  0000459c    00000004     app_pem4f.oem4f (.text:ti_uia_loggers_LoggerStopMode_getFilterLevel__E)
                  000045a0    000000bc     sysbios.aem4f : BIOS.obj (.text:ti_sysbios_family_arm_m3_Hwi_excHardFault__I)
                  0000465c    00000004     ti.uia.loggers.aem4f : LoggerStopMode.oem4f (.text:ti_uia_loggers_LoggerStopMode_getInstanceId__E)
                  00004660    000000bc     sysbios.aem4f : BIOS.obj (.text:ti_sysbios_knl_Task_startCore__E)
                  0000471c    00000004     ti.uia.loggers.aem4f : LoggerStopMode.oem4f (.text:ti_uia_loggers_LoggerStopMode_getMaxLength__E)
                  00004720    000000bc     sysbios.aem4f : BIOS.obj (.text:ti_sysbios_utils_Load_updateLoads__E)
                  000047dc    00000004     ti.uia.loggers.aem4f : LoggerStopMode.oem4f (.text:ti_uia_loggers_LoggerStopMode_getPriority__E)
                  000047e0    000000b4     sysbios.aem4f : BIOS.obj (.text:ti_sysbios_gates_GateMutex_enter__E)
                  00004894    00000004     ti.uia.loggers.aem4f : LoggerStopMode.oem4f (.text:ti_uia_loggers_LoggerStopMode_getTransferType__E)
                  00004898    000000b4     sysbios.aem4f : BIOS.obj (.text:ti_sysbios_knl_Task_checkStacks__E)
                  0000494c    00000004     ti.targets.arm.rtsarm.aem4f : Error.oem4f (.text:xdc_runtime_Error_getSite__E)
                  00004950    000000b0     sysbios.aem4f : BIOS.obj (.text:ti_sysbios_family_arm_lm4_Timer_enableTiva__I)
                  00004a00    000000b0                   : BIOS.obj (.text:ti_sysbios_knl_Task_postInit__I)
                  00004ab0    000000b0                   : BIOS.obj (.text:ti_sysbios_utils_Load_idleFxn__E)
                  00004b60    000000ac                   : BIOS.obj (.text:ti_sysbios_family_arm_m3_Hwi_Instance_init__E)
                  00004c0c    00000004     app_pem4f.oem4f (.text:xdc_runtime_LoggerBuf_Module_GateProxy_enter__E)
                  00004c10    000000ac     sysbios.aem4f : BIOS.obj (.text:ti_sysbios_knl_Swi_post__E)
                  00004cbc    00000004     app_pem4f.oem4f (.text:xdc_runtime_LoggerBuf_Module_GateProxy_leave__E)
                  00004cc0    000000a8     sysbios.aem4f : BIOS.obj (.text:ti_sysbios_family_arm_lm4_Timer_enableTimers__I)
                  00004d68    000000a8                   : BIOS.obj (.text:ti_sysbios_knl_Task_blockI__E)
                  00004e10    000000a2     ti.targets.arm.rtsarm.aem4f : Text.oem4f (.text:xdc_runtime_Text_putSite__E)
                  00004eb2    00000002     rtsv7M4_T_le_v4SPD16_eabi.lib : div0.asm.obj (.text)
                  00004eb4    000000a0     auto_init.aem4f : auto_init.oem4f (.text)
                  00004f54    0000009c     rtsv7M4_T_le_v4SPD16_eabi.lib : memcpy_t2.asm.obj (.text)
                  00004ff0    0000009c     sysbios.aem4f : BIOS.obj (.text:ti_sysbios_knl_Semaphore_Instance_init__E)
                  0000508c    0000009c     ti.targets.arm.rtsarm.aem4f : LoggerBuf.oem4f (.text:xdc_runtime_LoggerBuf_setFilterLevel__E)
                  00005128    00000098     Boot.aem4f : Boot.oem4f (.text:ti_catalog_arm_cortexm4_tiva_ce_Boot_sysCtlClockSet__E)
                  000051c0    00000098     sysbios.aem4f : BIOS.obj (.text:ti_sysbios_knl_Task_exit__E)
                  00005258    00000098     ti.targets.arm.rtsarm.aem4f : Text.oem4f (.text:xdc_runtime_Text_putMod__E)
                  000052f0    00000094     sysbios.aem4f : BIOS.obj (.text:ti_sysbios_family_arm_m3_Hwi_initNVIC__E)
                  00005384    00000004     app_pem4f.oem4f (.text:xdc_runtime_System_Module_GateProxy_enter__E)
                  00005388    00000094     sysbios.aem4f : BIOS.obj (.text:ti_sysbios_knl_Task_unblockI__E)
                  0000541c    00000090     ti.uia.loggers.aem4f : LoggerStopMode.oem4f (.text:ti_uia_loggers_LoggerStopMode_initQueueDescriptor__E)
                  000054ac    00000004     app_pem4f.oem4f (.text:xdc_runtime_System_Module_GateProxy_leave__E)
                  000054b0    00000088     sysbios.aem4f : BIOS.obj (.text:ti_sysbios_knl_Mailbox_Module_startup__E)
                  00005538    00000088                   : BIOS.obj (.text:ti_sysbios_knl_Mailbox_pend__E)
                  000055c0    00000084                   : BIOS.obj (.text:ti_sysbios_family_arm_m3_Hwi_postInit__I)
                  00005644    0000007a     rtsv7M4_T_le_v4SPD16_eabi.lib : memset_t2.asm.obj (.text)
                  000056be    00000002     app_pem4f.oem4f (.text:ti_sysbios_BIOS_nullFunc__I)
                  000056c0    00000074     sysbios.aem4f : BIOS.obj (.text:ti_sysbios_knl_Clock_start__E)
                  00005734    00000074     ti.uia.runtime.aem4f : QueueDescriptor.oem4f (.text:ti_uia_runtime_QueueDescriptor_addToList__E)
                  000057a8    00000074     ti.targets.arm.rtsarm.aem4f : LoggerBuf.oem4f (.text:xdc_runtime_LoggerBuf_getFilterLevel__E)
                  0000581c    00000004                                 : System.oem4f (.text:xdc_runtime_System_aprintf_va__F)
                  00005820    00000070     sysbios.aem4f : BIOS.obj (.text:ti_sysbios_knl_Mailbox_Instance_finalize__E)
                  00005890    00000070     ti.targets.arm.rtsarm.aem4f : Error.oem4f (.text:xdc_runtime_Error_print__E)
                  00005900    00000070                                 : Memory.oem4f (.text:xdc_runtime_Memory_alloc__E)
                  00005970    0000006d                                 : System.oem4f (.text:xdc_runtime_System_formatNum__I)
                  000059dd    00000001     --HOLE-- [fill = 0]
                  000059de    00000002     app_pem4f.oem4f (.text:ti_uia_loggers_LoggerStopMode_setFilterLevel__E)
                  000059e0    0000006c     sysbios.aem4f : BIOS.obj (.text:ti_sysbios_gates_GateMutexPri_leave__E)
                  00005a4c    00000004     ti.targets.arm.rtsarm.aem4f : System.oem4f (.text:xdc_runtime_System_printf_va__F)
                  00005a50    0000006c     sysbios.aem4f : BIOS.obj (.text:ti_sysbios_knl_Swi_restoreHwi__E)
                  00005abc    00000068     driverlib.lib : interrupt.obj (.text:IntEnable)
                  00005b24    00000068     rtsv7M4_T_le_v4SPD16_eabi.lib : copy_decompress_lzss.c.obj (.text:decompress:lzss:__TI_decompress_lzss)
                  00005b8c    00000066     ti.uia.loggers.aem4f : LoggerStopMode.oem4f (.text:ti_uia_loggers_LoggerStopMode_flush__E)
                  00005bf2    00000066     ti.targets.arm.rtsarm.aem4f : Core-mem.oem4f (.text:xdc_runtime_Core_deleteObject__I)
                  00005c58    00000064     sysbios.aem4f : BIOS.obj (.text:ti_sysbios_family_arm_lm4_Timer_Module_startup__E)
                  00005cbc    00000002     ti.uia.loggers.aem4f : LoggerStopMode.oem4f (.text:ti_uia_loggers_LoggerStopMode_setPriority__E)
                  00005cbe    00000002     app_pem4f.oem4f (.text:xdc_runtime_Startup_reset__I)
                  00005cc0    00000064     sysbios.aem4f : BIOS.obj (.text:ti_sysbios_knl_Clock_logTick__E)
                  00005d24    00000004     --HOLE-- [fill = 0]
                  00005d28    00000064                   : BIOS.obj (.text:ti_sysbios_utils_Load_logCPULoad__I)
                  00005d8c    00000004     --HOLE-- [fill = 0]
                  00005d90    00000060                   : BIOS.obj (.text:ti_sysbios_family_arm_lm4_Timer_isrStub__E)
                  00005df0    0000005f     ti.targets.arm.rtsarm.aem4f : Text.oem4f (.text:xdc_runtime_Text_putLab__E)
                  00005e4f    00000001     --HOLE-- [fill = 0]
                  00005e50    0000005c     sysbios.aem4f : BIOS.obj (.text:ti_sysbios_knl_Swi_schedule__I)
                  00005eac    00000004     --HOLE-- [fill = 0]
                  00005eb0    0000005c                   : BIOS.obj (.text:ti_sysbios_knl_Task_Module_startup__E)
                  00005f0c    00000058     boot.aem4f : boot.oem4f (.text)
                  00005f64    00000058     driverlib.lib : gpio.obj (.text:GPIOIntTypeSet)
                  00005fbc    00000058     rtsv7M4_T_le_v4SPD16_eabi.lib : hostwrite.c.obj (.text:HOSTwrite)
                  00006014    00000058     sysbios.aem4f : m3_Hwi_asm_switch.obj (.text:ti_sysbios_family_arm_m3_Hwi_initStacks__E)
                  0000606c    00000004     --HOLE-- [fill = 0]
                  00006070    00000058                   : BIOS.obj (.text:ti_sysbios_heaps_HeapMem_alloc__E)
                  000060c8    00000054     Event.obj (.text:Init_Events)
                  0000611c    00000054     app_pem4f.oem4f (.text:ti_sysbios_family_arm_m3_Hwi_create)
                  00006170    00000054     app_pem4f.oem4f (.text:ti_sysbios_hal_Hwi_create)
                  000061c4    00000054     app_pem4f.oem4f (.text:ti_sysbios_knl_Mailbox_create)
                  00006218    00000054     sysbios.aem4f : BIOS.obj (.text:ti_sysbios_knl_Swi_Instance_finalize__E)
                  0000626c    00000004     --HOLE-- [fill = 0]
                  00006270    00000050                   : BIOS.obj (.text:ti_sysbios_family_arm_m3_Hwi_Module_startup__E)
                  000062c0    00000050     app_pem4f.oem4f (.text:ti_sysbios_knl_Swi_create)
                  00006310    00000050     app_pem4f.oem4f (.text:ti_sysbios_knl_Task_create)
                  00006360    00000050     ti.targets.arm.rtsarm.aem4f : Startup.oem4f (.text:xdc_runtime_Startup_exec__E)
                  000063b0    00000050                                 : Text.oem4f (.text:xdc_runtime_Text_visitRope2__I)
                  00006400    0000004c     rtsv7M4_T_le_v4SPD16_eabi.lib : cpy_tbl.c.obj (.text:copy_in)
                  0000644c    00000004     --HOLE-- [fill = 0]
                  00006450    0000004c     sysbios.aem4f : BIOS.obj (.text:ti_sysbios_heaps_HeapMem_getStats__E)
                  0000649c    00000004     --HOLE-- [fill = 0]
                  000064a0    0000004c                   : BIOS.obj (.text:ti_sysbios_knl_Swi_runLoop__I)
                  000064ec    00000004     --HOLE-- [fill = 0]
                  000064f0    0000004c                   : BIOS.obj (.text:ti_sysbios_knl_Task_allBlockedFunction__I)
                  0000653c    0000004c     ti.uia.loggers.aem4f : LoggerStopMode.oem4f (.text:ti_uia_loggers_LoggerStopMode_Module_startup__E)
                  00006588    0000004c     ti.targets.arm.rtsarm.aem4f : Assert.oem4f (.text:xdc_runtime_Assert_raise__I)
                  000065d4    00000004     --HOLE-- [fill = 0]
                  000065d8    00000048     sysbios.aem4f : BIOS.obj (.text:ti_sysbios_family_arm_m3_Hwi_disableInterrupt__E)
                  00006620    00000048                   : BIOS.obj (.text:ti_sysbios_family_arm_m3_Hwi_enableInterrupt__E)
                  00006668    00000048                   : BIOS.obj (.text:ti_sysbios_family_arm_m3_Hwi_excReserved__I)
                  000066b0    00000048     ti.targets.arm.rtsarm.aem4f : Core-params.oem4f (.text:xdc_runtime_Core_assignParams__I)
                  000066f8    00000048     app_pem4f.oem4f (.text:xdc_runtime_LoggerBuf_Object__create__S)
                  00006740    00000044     sysbios.aem4f : BIOS.obj (.text:ti_sysbios_family_arm_lm4_Timer_stop__E)
                  00006784    00000004     --HOLE-- [fill = 0]
                  00006788    00000044                   : BIOS.obj (.text:ti_sysbios_family_arm_m3_Hwi_getStackInfo__E)
                  000067cc    00000004     --HOLE-- [fill = 0]
                  000067d0    00000044                   : BIOS.obj (.text:ti_sysbios_knl_Mailbox_postInit__I)
                  00006814    00000044     ti.uia.loggers.aem4f : LoggerStopMode.oem4f (.text:ti_uia_loggers_LoggerStopMode_initBuffer__I)
                  00006858    00000044     ti.targets.arm.rtsarm.aem4f : Error.oem4f (.text:xdc_runtime_Error_setX__E)
                  0000689c    00000044                                 : LoggerBuf.oem4f (.text:xdc_runtime_LoggerBuf_filterOutEvent__I)
                  000068e0    00000044                                 : SysMin.oem4f (.text:xdc_runtime_SysMin_flush__E)
                  00006924    00000044                                 : Text.oem4f (.text:xdc_runtime_Text_xprintf__I)
                  00006968    00000042     computos.obj (.text:CS)
                  000069aa    00000040     rtsv7M4_T_le_v4SPD16_eabi.lib : u_divt2.asm.obj (.text)
                  000069ea    00000006     driverlib.lib : gpio.obj (.text:GPIOIntClear)
                  000069f0    00000040     sysbios.aem4f : BIOS.obj (.text:ti_sysbios_family_arm_lm4_Timer_startup__E)
                  00006a30    0000003c                   : BIOS.obj (.text:ti_sysbios_family_arm_m3_Hwi_Instance_finalize__E)
                  00006a6c    00000004     --HOLE-- [fill = 0]
                  00006a70    0000003c                   : BIOS.obj (.text:ti_sysbios_family_arm_m3_Hwi_excSvCall__I)
                  00006aac    00000004     --HOLE-- [fill = 0]
                  00006ab0    0000003c                   : BIOS.obj (.text:ti_sysbios_heaps_HeapMem_init__I)
                  00006aec    0000003c     app_pem4f.oem4f (.text:ti_sysbios_knl_Clock_create)
                  00006b28    0000003c     sysbios.aem4f : BIOS.obj (.text:ti_sysbios_knl_Swi_restore__E)
                  00006b64    0000003a     ti.targets.arm.rtsarm.aem4f : LoggerBuf.oem4f (.text:xdc_runtime_LoggerBuf_Instance_init__E)
                  00006b9e    00000002     --HOLE-- [fill = 0]
                  00006ba0    00000038     Event.obj (.text:Ev)
                  00006bd8    00000038     rtsv7M4_T_le_v4SPD16_eabi.lib : trgmsg.c.obj (.text:__TI_writemsg)
                  00006c10    00000038     sysbios.aem4f : BIOS.obj (.text:ti_sysbios_family_arm_m3_Hwi_excNoIsr__I)
                  00006c48    00000038                   : BIOS.obj (.text:ti_sysbios_knl_Task_processVitalTaskFlag__I)
                  00006c80    00000038     ti.targets.arm.rtsarm.aem4f : System.oem4f (.text:xdc_runtime_System_atexit__E)
                  00006cb8    00000034     driverlib.lib : sysctl.obj (.text:SysCtlPeripheralEnable)
                  00006cec    00000034     rtsv7M4_T_le_v4SPD16_eabi.lib : trgmsg.c.obj (.text:__TI_readmsg)
                  00006d20    00000034     sysbios.aem4f : BIOS.obj (.text:ti_sysbios_family_arm_m3_Hwi_excNmi__I)
                  00006d54    00000004     --HOLE-- [fill = 0]
                  00006d58    00000034                   : BIOS.obj (.text:ti_sysbios_hal_Hwi_checkStack)
                  00006d8c    00000034     app_pem4f.oem4f (.text:ti_sysbios_knl_Semaphore_create)
                  00006dc0    00000034     ti.uia.loggers.aem4f : LoggerStopMode.oem4f (.text:ti_uia_loggers_LoggerStopMode_reset__E)
                  00006df4    00000034     ti.targets.arm.rtsarm.aem4f : SysMin.oem4f (.text:xdc_runtime_SysMin_abort__E)
                  00006e28    00000034                                 : SysMin.oem4f (.text:xdc_runtime_SysMin_putch__E)
                  00006e5c    00000004     --HOLE-- [fill = 0]
                  00006e60    00000032     sysbios.aem4f : BIOS.obj (.text:ti_sysbios_hal_Hwi_initStack)
                  00006e92    00000006     driverlib.lib : gpio.obj (.text:GPIOPinWrite)
                  00006e98    00000032     sysbios.aem4f : BIOS.obj (.text:ti_sysbios_knl_Semaphore_pendTimeout__I)
                  00006eca    00000002     --HOLE-- [fill = 0]
                  00006ecc    00000030     servidores.obj (.text:Crear_Servidores)
                  00006efc    00000030     app_pem4f.oem4f (.text:ti_sysbios_BIOS_atExitFunc__I)
                  00006f2c    00000030     app_pem4f.oem4f (.text:ti_sysbios_BIOS_startFunc__I)
                  00006f5c    00000030     app_pem4f.oem4f (.text:ti_sysbios_gates_GateHwi_Object__create__S)
                  00006f8c    00000030     app_pem4f.oem4f (.text:ti_sysbios_gates_GateMutexPri_Object__create__S)
                  00006fbc    00000030     app_pem4f.oem4f (.text:ti_sysbios_gates_GateMutexPri_create)
                  00006fec    00000030     app_pem4f.oem4f (.text:ti_sysbios_gates_GateMutex_Object__create__S)
                  0000701c    00000030     app_pem4f.oem4f (.text:ti_sysbios_heaps_HeapMem_Object__create__S)
                  0000704c    00000004     --HOLE-- [fill = 0]
                  00007050    00000030     sysbios.aem4f : BIOS.obj (.text:ti_sysbios_heaps_HeapMem_free__E)
                  00007080    00000030     app_pem4f.oem4f (.text:ti_sysbios_knl_Semaphore_construct)
                  000070b0    00000030     sysbios.aem4f : BIOS.obj (.text:ti_sysbios_knl_Task_restore__E)
                  000070e0    00000030                   : BIOS.obj (.text:ti_sysbios_utils_Load_updateCurrentThreadTime__E)
                  00007110    00000030     app_pem4f.oem4f (.text:ti_uia_loggers_LoggerStopMode_Object__create__S)
                  00007140    00000030     ti.targets.arm.rtsarm.aem4f : System.oem4f (.text:xdc_runtime_System_processAtExit__E)
                  00007170    0000002f                                 : Text.oem4f (.text:xdc_runtime_Text_printVisFxn__I)
                  0000719f    00000001     --HOLE-- [fill = 0]
                  000071a0    0000002c     driverlib.lib : gpio.obj (.text:GPIODirModeSet)
                  000071cc    0000002c     app_pem4f.oem4f (.text:ti_sysbios_family_arm_m3_Hwi_Handle__label__S)
                  000071f8    0000002c     app_pem4f.oem4f (.text:ti_sysbios_gates_GateHwi_Handle__label__S)
                  00007224    0000002c     app_pem4f.oem4f (.text:ti_sysbios_gates_GateMutexPri_Handle__label__S)
                  00007250    0000002c     app_pem4f.oem4f (.text:ti_sysbios_gates_GateMutex_Handle__label__S)
                  0000727c    0000002c     app_pem4f.oem4f (.text:ti_sysbios_heaps_HeapMem_Handle__label__S)
                  000072a8    0000002c     app_pem4f.oem4f (.text:ti_sysbios_knl_Clock_doTick__I)
                  000072d4    0000002c     app_pem4f.oem4f (.text:ti_sysbios_knl_Queue_construct)
                  00007300    0000002c     app_pem4f.oem4f (.text:ti_sysbios_knl_Swi_Handle__label__S)
                  0000732c    0000002c     app_pem4f.oem4f (.text:ti_sysbios_knl_Task_Handle__label__S)
                  00007358    0000002c     app_pem4f.oem4f (.text:ti_uia_loggers_LoggerStopMode_Handle__label__S)
                  00007384    0000002c     app_pem4f.oem4f (.text:xdc_runtime_LoggerBuf_Handle__label__S)
                  000073b0    0000002a     ti.targets.arm.rtsarm.aem4f : System.oem4f (.text:xdc_runtime_System_putchar__I)
                  000073da    00000002     --HOLE-- [fill = 0]
                  000073dc    00000028     comun.obj (.text:task3)
                  00007404    00000028     sysbios.aem4f : m3_Hwi_asm.obj (.text:ti_sysbios_family_arm_m3_Hwi_excHandlerAsm__I)
                  0000742c    00000004     --HOLE-- [fill = 0]
                  00007430    00000028                   : BIOS.obj (.text:ti_sysbios_knl_Swi_Module_startup__E)
                  00007458    00000028     ti.targets.arm.rtsarm.aem4f : LoggerBuf.oem4f (.text:xdc_runtime_LoggerBuf_Module_startup__E)
                  00007480    00000028                                 : System.oem4f (.text:xdc_runtime_System_avprintf__E)
                  000074a8    00000026     sysbios.aem4f : m3_Hwi_asm.obj (.text:ti_sysbios_family_arm_m3_Hwi_pendSV__I)
                  000074ce    00000026     ti.targets.arm.rtsarm.aem4f : System.oem4f (.text:xdc_runtime_System_vprintf__E)
                  000074f4    00000024     driverlib.lib : interrupt.obj (.text:IntPrioritySet)
                  00007518    00000024     comun.obj (.text:task1)
                  0000753c    00000024     comun.obj (.text:task2)
                  00007560    00000024     app_pem4f.oem4f (.text:ti_sysbios_BIOS_errorRaiseHook__I)
                  00007584    00000024     app_pem4f.oem4f (.text:ti_sysbios_BIOS_registerRTSLock__I)
                  000075a8    00000024     app_pem4f.oem4f (.text:ti_sysbios_BIOS_removeRTSLock__I)
                  000075cc    00000024     app_pem4f.oem4f (.text:ti_sysbios_gates_GateMutexPri_Object__delete__S)
                  000075f0    00000024     app_pem4f.oem4f (.text:ti_sysbios_gates_GateMutex_Object__delete__S)
                  00007614    00000004     --HOLE-- [fill = 0]
                  00007618    00000024     sysbios.aem4f : BIOS.obj (.text:ti_sysbios_knl_Clock_Module_startup__E)
                  0000763c    00000004     --HOLE-- [fill = 0]
                  00007640    00000024                   : BIOS.obj (.text:ti_sysbios_knl_Task_restoreHwi__E)
                  00007664    00000004     --HOLE-- [fill = 0]
                  00007668    00000022                   : BIOS.obj (.text:ti_sysbios_family_arm_lm4_Timer_write__I)
                  0000768a    00000022     app_pem4f.oem4f (.text:xdc_runtime_SysMin_output__I)
                  000076ac    00000020     comun.obj (.text:myIsr)
                  000076cc    00000020     app_pem4f.oem4f (.text:ti_sysbios_BIOS_rtsLock__I)
                  000076ec    00000020     app_pem4f.oem4f (.text:ti_sysbios_family_arm_m3_Hwi_Object__delete__S)
                  0000770c    00000020     app_pem4f.oem4f (.text:ti_sysbios_gates_GateHwi_Object__delete__S)
                  0000772c    00000004     --HOLE-- [fill = 0]
                  00007730    00000020     sysbios.aem4f : BIOS.obj (.text:ti_sysbios_hal_Hwi_Instance_init__E)
                  00007750    00000020     app_pem4f.oem4f (.text:ti_sysbios_heaps_HeapMem_Object__delete__S)
                  00007770    00000020     sysbios.aem4f : BIOS.obj (.text:ti_sysbios_knl_Idle_run__E)
                  00007790    00000020     app_pem4f.oem4f (.text:ti_sysbios_knl_Semaphore_destruct)
                  000077b0    00000020     app_pem4f.oem4f (.text:ti_uia_loggers_LoggerStopMode_Object__delete__S)
                  000077d0    00000020     app_pem4f.oem4f (.text:xdc_runtime_LoggerBuf_Object__delete__S)
                  000077f0    00000020     ti.targets.arm.rtsarm.aem4f : SysMin.oem4f (.text:xdc_runtime_SysMin_Module_startup__E)
                  00007810    0000001e     sysbios.aem4f : m3_Hwi_asm_switch.obj (.text:ti_sysbios_family_xxx_Hwi_switchAndRunFunc)
                  0000782e    0000001e     ti.targets.arm.rtsarm.aem4f : LoggerBuf.oem4f (.text:xdc_runtime_LoggerBuf_reset__E)
                  0000784c    00000004     --HOLE-- [fill = 0]
                  00007850    0000001c     sysbios.aem4f : BIOS.obj (.text:ti_sysbios_family_arm_m3_Hwi_excHandler__I)
                  0000786c    0000001c                   : m3_TaskSupport_asm.obj (.text:ti_sysbios_family_arm_m3_TaskSupport_swap__E)
                  00007888    0000001c                   : BIOS.obj (.text:ti_sysbios_gates_GateMutexPri_Instance_init__E)
                  000078a4    00000004     --HOLE-- [fill = 0]
                  000078a8    0000001c                   : BIOS.obj (.text:ti_sysbios_gates_GateMutex_Instance_init__E)
                  000078c4    0000001c     app_pem4f.oem4f (.text:ti_sysbios_knl_Queue_destruct)
                  000078e0    0000001c     sysbios.aem4f : BIOS.obj (.text:ti_sysbios_knl_Task_enter__I)
                  000078fc    0000001c     ti.uia.loggers.aem4f : LoggerStopMode.oem4f (.text:ti_uia_loggers_LoggerStopMode_Instance_init__E)
                  00007918    0000001c     ti.targets.arm.rtsarm.aem4f : Error.oem4f (.text:xdc_runtime_Error_check__E)
                  00007934    0000001c                                 : Error.oem4f (.text:xdc_runtime_Error_raiseX__E)
                  00007950    0000001c                                 : Memory.oem4f (.text:xdc_runtime_Memory_valloc__E)
                  0000796c    0000001c                                 : Registry.oem4f (.text:xdc_runtime_Registry_findById__E)
                  00007988    0000001c                                 : SysMin.oem4f (.text:xdc_runtime_SysMin_exit__E)
                  000079a4    0000001c                                 : System.oem4f (.text:xdc_runtime_System_abort__E)
                  000079c0    0000001c                                 : Text.oem4f (.text:xdc_runtime_Text_ropeText__E)
                  000079dc    0000001a     driverlib.lib : gpio.obj (.text:GPIOPinTypeGPIOOutput)
                  000079f6    00000002     --HOLE-- [fill = 0]
                  000079f8    0000001a     sysbios.aem4f : BIOS.obj (.text:ti_sysbios_knl_Task_sleepTimeout__I)
                  00007a12    0000001a     app_pem4f.oem4f (.text:xdc_runtime_System_aprintf__E)
                  00007a2c    0000001a     app_pem4f.oem4f (.text:xdc_runtime_System_printf__E)
                  00007a46    00000002     --HOLE-- [fill = 0]
                  00007a48    00000018     rtsv7M4_T_le_v4SPD16_eabi.lib : args_main.c.obj (.text:_args_main)
                  00007a60    00000018     app_pem4f.oem4f (.text:ti_sysbios_BIOS_rtsUnlock__I)
                  00007a78    00000018     app_pem4f.oem4f (.text:ti_sysbios_family_arm_lm4_Timer_Module__startupDone__F)
                  00007a90    00000018     app_pem4f.oem4f (.text:ti_sysbios_family_arm_m3_Hwi_Module__startupDone__F)
                  00007aa8    00000018     sysbios.aem4f : BIOS.obj (.text:ti_sysbios_gates_GateMutex_leave__E)
                  00007ac0    00000018     ti.targets.arm.rtsarm.aem4f : Error.oem4f (.text:xdc_runtime_Error_init__E)
                  00007ad8    00000018                                 : System.oem4f (.text:xdc_runtime_System_exit__E)
                  00007af0    00000016     driverlib.lib : gpio.obj (.text:GPIOPinTypeGPIOInput)
                  00007b06    00000016     app_pem4f.oem4f (.text:ti_sysbios_BIOS_exitFunc__I)
                  00007b1c    00000016     servidores.obj (.text:ti_sysbios_gates_GateMutexPri_Params_init)
                  00007b32    00000016     comun.obj (.text:ti_sysbios_hal_Hwi_Params_init)
                  00007b48    00000016     Event.obj (.text:ti_sysbios_knl_Clock_Params_init)
                  00007b5e    00000016     comun.obj (.text:ti_sysbios_knl_Clock_Params_init)
                  00007b74    00000016     comun.obj (.text:ti_sysbios_knl_Mailbox_Params_init)
                  00007b8a    00000016     comun.obj (.text:ti_sysbios_knl_Semaphore_Params_init)
                  00007ba0    00000016     comun.obj (.text:ti_sysbios_knl_Swi_Params_init)
                  00007bb6    00000016     comun.obj (.text:ti_sysbios_knl_Task_Params_init)
                  00007bcc    00000016     ti.uia.loggers.aem4f : LoggerStopMode.oem4f (.text:ti_uia_loggers_LoggerStopMode_disable__E)
                  00007be2    00000016                          : LoggerStopMode.oem4f (.text:ti_uia_loggers_LoggerStopMode_enable__E)
                  00007bf8    00000014     rtsv7M4_T_le_v4SPD16_eabi.lib : strlen.c.obj (.text:strlen)
                  00007c0c    00000014     app_pem4f.oem4f (.text:ti_sysbios_family_arm_m3_Hwi_Object__get__S)
                  00007c20    00000014     sysbios.aem4f : BIOS.obj (.text:ti_sysbios_family_arm_m3_Hwi_switchFromBootStack__E)
                  00007c34    00000014     app_pem4f.oem4f (.text:ti_sysbios_heaps_HeapMem_Object__get__S)
                  00007c48    00000014     app_pem4f.oem4f (.text:ti_sysbios_knl_Swi_Object__get__S)
                  00007c5c    00000014     app_pem4f.oem4f (.text:xdc_runtime_LoggerBuf_Object__get__S)
                  00007c70    00000012     sysbios.aem4f : BIOS.obj (.text:ti_sysbios_hal_Hwi_Module_startup__E)
                  00007c82    00000012     ti.targets.arm.rtsarm.aem4f : LoggerBuf.oem4f (.text:xdc_runtime_LoggerBuf_write1__E)
                  00007c94    00000012                                 : LoggerBuf.oem4f (.text:xdc_runtime_LoggerBuf_write2__E)
                  00007ca6    00000012     app_pem4f.oem4f (.text:xdc_runtime_Startup_exec__I)
                  00007cb8    00000010     comun.obj (.text:task1_release)
                  00007cc8    00000010     comun.obj (.text:task2_release)
                  00007cd8    00000010     comun.obj (.text:task3_release)
                  00007ce8    00000010     sysbios.aem4f : BIOS.obj (.text:ti_sysbios_BIOS_getCpuFreq__E)
                  00007cf8    00000010                   : BIOS.obj (.text:ti_sysbios_BIOS_setThreadType__E)
                  00007d08    00000010                   : BIOS.obj (.text:ti_sysbios_BIOS_start__E)
                  00007d18    00000010                   : BIOS.obj (.text:ti_sysbios_family_arm_lm4_TimestampProvider_rolloverFunc__E)
                  00007d28    00000010                   : m3_TaskSupport_asm.obj (.text:ti_sysbios_family_arm_m3_TaskSupport_glue)
                  00007d38    00000010                   : BIOS.obj (.text:ti_sysbios_gates_GateMutexPri_Instance_finalize__E)
                  00007d48    00000010                   : BIOS.obj (.text:ti_sysbios_gates_GateMutex_Instance_finalize__E)
                  00007d58    00000010     app_pem4f.oem4f (.text:ti_sysbios_knl_Mailbox_Object__get__S)
                  00007d68    00000010     sysbios.aem4f : BIOS.obj (.text:ti_sysbios_knl_Semaphore_Instance_finalize__E)
                  00007d78    00000010                   : BIOS.obj (.text:ti_sysbios_knl_Swi_disable__E)
                  00007d88    00000010     app_pem4f.oem4f (.text:ti_sysbios_knl_Task_Object__get__S)
                  00007d98    00000010     sysbios.aem4f : BIOS.obj (.text:ti_sysbios_knl_Task_disable__E)
                  00007da8    00000010     app_pem4f.oem4f (.text:ti_uia_loggers_LoggerStopMode_Object__get__S)
                  00007db8    00000010     ti.uia.loggers.aem4f : LoggerStopMode.oem4f (.text:ti_uia_loggers_LoggerStopMode_isEmpty__E)
                  00007dc8    00000010     ti.targets.arm.rtsarm.aem4f : Gate.oem4f (.text:xdc_runtime_Gate_leaveSystem__E)
                  00007dd8    00000010                                 : LoggerBuf.oem4f (.text:xdc_runtime_LoggerBuf_Instance_finalize__E)
                  00007de8    00000010                                 : LoggerBuf.oem4f (.text:xdc_runtime_LoggerBuf_write0__E)
                  00007df8    00000010                                 : Memory.oem4f (.text:xdc_runtime_Memory_free__E)
                  00007e08    00000010                                 : SysMin.oem4f (.text:xdc_runtime_SysMin_ready__E)
                  00007e18    00000010                                 : System.oem4f (.text:xdc_runtime_System_vsnprintf__E)
                  00007e28    00000010     app_pem4f.oem4f (.text:xdc_runtime_Text_visitRope__I)
                  00007e38    0000000e     rtsv7M4_T_le_v4SPD16_eabi.lib : copy_decompress_none.c.obj (.text:decompress:none:__TI_decompress_none)
                  00007e46    00000002     --HOLE-- [fill = 0]
                  00007e48    0000000e     sysbios.aem4f : BIOS.obj (.text:ti_sysbios_knl_Idle_loop__E)
                  00007e56    00000002     --HOLE-- [fill = 0]
                  00007e58    0000000e                   : BIOS.obj (.text:ti_sysbios_knl_Queue_empty__E)
                  00007e66    00000002     --HOLE-- [fill = 0]
                  00007e68    0000000c     app_pem4f.oem4f (.text:.bootCodeSection:ti_catalog_arm_cortexm4_tiva_ce_Boot_init__I)
                  00007e74    0000000c     driverlib.lib : gpio.obj (.text:GPIOIntEnable)
                  00007e80    0000000c     rtsv7M4_T_le_v4SPD16_eabi.lib : _lock.c.obj (.text:_register_lock)
                  00007e8c    0000000c                                   : _lock.c.obj (.text:_register_unlock)
                  00007e98    0000000c                                   : copy_zero_init.c.obj (.text:decompress:ZI:__TI_zero_init)
                  00007ea4    00000004     --HOLE-- [fill = 0]
                  00007ea8    0000000c     sysbios.aem4f : BIOS.obj (.text:ti_sysbios_family_arm_lm4_Timer_getMaxTicks__E)
                  00007eb4    00000004     --HOLE-- [fill = 0]
                  00007eb8    0000000c                   : BIOS.obj (.text:ti_sysbios_family_arm_lm4_TimestampProvider_startTimer__E)
                  00007ec4    00000004     --HOLE-- [fill = 0]
                  00007ec8    0000000c                   : BIOS.obj (.text:ti_sysbios_family_arm_m3_Hwi_disableFxn__E)
                  00007ed4    00000004     --HOLE-- [fill = 0]
                  00007ed8    0000000c                   : BIOS.obj (.text:ti_sysbios_family_arm_m3_Hwi_enableFxn__E)
                  00007ee4    00000004     --HOLE-- [fill = 0]
                  00007ee8    0000000c                   : BIOS.obj (.text:ti_sysbios_family_arm_m3_TaskSupport_checkStack__E)
                  00007ef4    00000004     --HOLE-- [fill = 0]
                  00007ef8    0000000c                   : BIOS.obj (.text:ti_sysbios_family_arm_m3_TaskSupport_getStackAlignment__E)
                  00007f04    00000004     --HOLE-- [fill = 0]
                  00007f08    0000000c                   : BIOS.obj (.text:ti_sysbios_gates_GateHwi_enter__E)
                  00007f14    0000000c     app_pem4f.oem4f (.text:ti_sysbios_gates_GateMutexPri_Params__init__S)
                  00007f20    0000000c     app_pem4f.oem4f (.text:ti_sysbios_hal_Hwi_Params__init__S)
                  00007f2c    0000000c     app_pem4f.oem4f (.text:ti_sysbios_knl_Clock_Params__init__S)
                  00007f38    0000000c     sysbios.aem4f : BIOS.obj (.text:ti_sysbios_knl_Clock_getTicks__E)
                  00007f44    0000000c     app_pem4f.oem4f (.text:ti_sysbios_knl_Mailbox_Params__init__S)
                  00007f50    0000000c     app_pem4f.oem4f (.text:ti_sysbios_knl_Queue_Object__get__S)
                  00007f5c    0000000c     app_pem4f.oem4f (.text:ti_sysbios_knl_Semaphore_Params__init__S)
                  00007f68    0000000c     app_pem4f.oem4f (.text:ti_sysbios_knl_Swi_Params__init__S)
                  00007f74    0000000c     app_pem4f.oem4f (.text:ti_sysbios_knl_Task_Params__init__S)
                  00007f80    0000000c     ti.targets.arm.rtsarm.aem4f : Gate.oem4f (.text:xdc_runtime_Gate_enterSystem__E)
                  00007f8c    0000000c                                 : Memory.oem4f (.text:xdc_runtime_Memory_calloc__E)
                  00007f98    0000000c                                 : Memory.oem4f (.text:xdc_runtime_Memory_getMaxDefaultTypeAlign__E)
                  00007fa4    0000000c                                 : Startup.oem4f (.text:xdc_runtime_Startup_rtsDone__E)
                  00007fb0    0000000a     sysbios.aem4f : BIOS.obj (.text:ti_sysbios_hal_Hwi_Instance_finalize__E)
                  00007fba    0000000a     app_pem4f.oem4f (.text:xdc_runtime_IHeap_alloc)
                  00007fc4    0000000a     app_pem4f.oem4f (.text:xdc_runtime_IHeap_free)
                  00007fce    0000000a     ti.targets.arm.rtsarm.aem4f : LoggerBuf.oem4f (.text:xdc_runtime_LoggerBuf_disable__E)
                  00007fd8    0000000a                                 : LoggerBuf.oem4f (.text:xdc_runtime_LoggerBuf_enable__E)
                  00007fe2    00000008     sysbios.aem4f : BIOS.obj (.text:ti_sysbios_family_arm_lm4_Timer_masterDisable__I)
                  00007fea    00000006     Boot.aem4f : Boot_sysctl.oem4f (.text:ti_catalog_arm_cortexm4_tiva_ce_Boot_sysCtlDelayI__I)
                  00007ff0    00000008     sysbios.aem4f : BIOS.obj (.text:ti_sysbios_family_arm_m3_Hwi_doSwiRestore__I)
                  00007ff8    00000008                   : BIOS.obj (.text:ti_sysbios_family_arm_m3_Hwi_startup__E)
                  00008000    00000006                   : BIOS.obj (.text:ti_sysbios_family_arm_lm4_TimestampProvider_Module_startup__E)
                  00008006    00000002     --HOLE-- [fill = 0]
                  00008008    00000006                   : BIOS.obj (.text:ti_sysbios_family_arm_m3_Hwi_doTaskRestore__I)
                  0000800e    00000002     --HOLE-- [fill = 0]
                  00008010    00000006                   : BIOS.obj (.text:ti_sysbios_family_arm_m3_Hwi_restoreFxn__E)
                  00008016    00000002     --HOLE-- [fill = 0]
                  00008018    00000006                   : BIOS.obj (.text:ti_sysbios_gates_GateHwi_leave__E)
                  0000801e    00000002     --HOLE-- [fill = 0]
                  00008020    00000006                   : BIOS.obj (.text:ti_sysbios_heaps_HeapMem_isBlocking__E)
                  00008026    00000002     --HOLE-- [fill = 0]
                  00008028    00000006                   : BIOS.obj (.text:ti_sysbios_knl_Queue_Instance_init__E)
                  0000802e    00000002     --HOLE-- [fill = 0]
                  00008030    00000006                   : BIOS.obj (.text:ti_sysbios_knl_Swi_startup__E)
                  00008036    00000006     ti.targets.arm.rtsarm.aem4f : System.oem4f (.text:xdc_runtime_System_Module_startup__E)
                  0000803c    00000004     --HOLE-- [fill = 0]
                  00008040    00000004     sysbios.aem4f : BIOS.obj (.text:ti_sysbios_family_arm_lm4_Timer_getPeriod__E)
                  00008044    00000004     --HOLE-- [fill = 0]
                  00008048    00000004                   : BIOS.obj (.text:ti_sysbios_gates_GateHwi_query__E)
                  0000804c    00000004     --HOLE-- [fill = 0]
                  00008050    00000004                   : BIOS.obj (.text:ti_sysbios_gates_GateMutexPri_query__E)
                  00008054    00000004     --HOLE-- [fill = 0]
                  00008058    00000004                   : BIOS.obj (.text:ti_sysbios_gates_GateMutex_query__E)
                  0000805c    00000004     --HOLE-- [fill = 0]
                  00008060    00000004                   : BIOS.obj (.text:ti_sysbios_knl_Task_startup__E)
                  00008064    00000004     --HOLE-- [fill = 0]
                  00008068    00000002                   : BIOS.obj (.text:ti_sysbios_BIOS_linkedWithIncorrectBootLibrary__E)
                  0000806a    00000006     --HOLE-- [fill = 0]
                  00008070    00000002                   : BIOS.obj (.text:ti_sysbios_gates_GateHwi_Instance_init__E)

.const     0    00008074    00002c81     
                  00008074    00002200     app_pem4f.oem4f (.const:xdc_runtime_Text_charTab__A)
                  0000a274    00000114     app_pem4f.oem4f (.const:xdc_runtime_Text_nodeTab__A)
                  0000a388    0000009c     driverlib.lib : interrupt.obj (.const:g_pui32Regs)
                  0000a424    00000060     app_pem4f.oem4f (.const:ti_uia_loggers_LoggerStopMode_Module__FXNS__C)
                  0000a484    00000044     app_pem4f.oem4f (.const:ti_sysbios_knl_Task_Object__PARAMS__C)
                  0000a4c8    0000003c     app_pem4f.oem4f (.const:xdc_runtime_LoggerBuf_Module__FXNS__C)
                  0000a504    00000034     app_pem4f.oem4f (.const:ti_sysbios_knl_Mailbox_Object__PARAMS__C)
                  0000a538    00000030     app_pem4f.oem4f (.const:ti_sysbios_family_arm_m3_Hwi_Object__PARAMS__C)
                  0000a568    00000030     app_pem4f.oem4f (.const:xdc_runtime_Startup_sfxnTab__A)
                  0000a598    0000002c     app_pem4f.oem4f (.const:ti_sysbios_hal_Hwi_Object__PARAMS__C)
                  0000a5c4    00000028     app_pem4f.oem4f (.const:ti_sysbios_heaps_HeapMem_Module__FXNS__C)
                  0000a5ec    00000028     app_pem4f.oem4f (.const:ti_sysbios_knl_Swi_Object__PARAMS__C)
                  0000a614    00000028     app_pem4f.oem4f (.const:ti_uia_loggers_LoggerStopMode_Object__PARAMS__C)
                  0000a63c    00000024     app_pem4f.oem4f (.const:ti_sysbios_gates_GateHwi_Module__FXNS__C)
                  0000a660    00000024     app_pem4f.oem4f (.const:ti_sysbios_gates_GateMutexPri_Module__FXNS__C)
                  0000a684    00000024     app_pem4f.oem4f (.const:ti_sysbios_gates_GateMutex_Module__FXNS__C)
                  0000a6a8    00000024     app_pem4f.oem4f (.const:ti_sysbios_heaps_HeapMem_Object__PARAMS__C)
                  0000a6cc    00000024     app_pem4f.oem4f (.const:ti_sysbios_knl_Clock_Object__PARAMS__C)
                  0000a6f0    00000024     app_pem4f.oem4f (.const:ti_sysbios_knl_Semaphore_Object__PARAMS__C)
                  0000a714    00000024     app_pem4f.oem4f (.const:xdc_runtime_LoggerBuf_Object__PARAMS__C)
                  0000a738    00000020     app_pem4f.oem4f (.const:ti_sysbios_family_arm_m3_Hwi_Object__DESC__C)
                  0000a758    00000020     app_pem4f.oem4f (.const:ti_sysbios_gates_GateHwi_Object__DESC__C)
                  0000a778    00000020     app_pem4f.oem4f (.const:ti_sysbios_gates_GateMutexPri_Object__DESC__C)
                  0000a798    00000020     app_pem4f.oem4f (.const:ti_sysbios_gates_GateMutex_Object__DESC__C)
                  0000a7b8    00000020     app_pem4f.oem4f (.const:ti_sysbios_hal_Hwi_Object__DESC__C)
                  0000a7d8    00000020     app_pem4f.oem4f (.const:ti_sysbios_heaps_HeapMem_Object__DESC__C)
                  0000a7f8    00000020     app_pem4f.oem4f (.const:ti_sysbios_knl_Clock_Object__DESC__C)
                  0000a818    00000020     app_pem4f.oem4f (.const:ti_sysbios_knl_Mailbox_Object__DESC__C)
                  0000a838    00000020     app_pem4f.oem4f (.const:ti_sysbios_knl_Queue_Object__DESC__C)
                  0000a858    00000020     app_pem4f.oem4f (.const:ti_sysbios_knl_Semaphore_Object__DESC__C)
                  0000a878    00000020     app_pem4f.oem4f (.const:ti_sysbios_knl_Swi_Object__DESC__C)
                  0000a898    00000020     app_pem4f.oem4f (.const:ti_sysbios_knl_Task_Object__DESC__C)
                  0000a8b8    00000020     app_pem4f.oem4f (.const:ti_uia_loggers_LoggerStopMode_Object__DESC__C)
                  0000a8d8    00000020     app_pem4f.oem4f (.const:xdc_runtime_LoggerBuf_Object__DESC__C)
                  0000a8f8    00000018     app_pem4f.oem4f (.const:ti_sysbios_gates_GateHwi_Object__PARAMS__C)
                  0000a910    00000018     app_pem4f.oem4f (.const:ti_sysbios_gates_GateMutexPri_Object__PARAMS__C)
                  0000a928    00000018     app_pem4f.oem4f (.const:ti_sysbios_gates_GateMutex_Object__PARAMS__C)
                  0000a940    00000018     app_pem4f.oem4f (.const:ti_sysbios_knl_Queue_Object__PARAMS__C)
                  0000a958    00000018     app_pem4f.oem4f (.const:xdc_runtime_Startup_sfxnRts__A)
                  0000a970    00000014     driverlib.lib : interrupt.obj (.const:g_pui32EnRegs)
                  0000a984    00000014     app_pem4f.oem4f (.const:xdc_runtime_Startup_firstFxns__A)
                  0000a998    00000008     app_pem4f.oem4f (.const:ti_sysbios_family_arm_m3_Hwi_excHookFuncs__A)
                  0000a9a0    00000008     app_pem4f.oem4f (.const:ti_sysbios_knl_Idle_funcList__A)
                  0000a9a8    00000008     app_pem4f.oem4f (.const:ti_sysbios_knl_Idle_funcList__C)
                  0000a9b0    00000008     app_pem4f.oem4f (.const:xdc_runtime_Startup_firstFxns__C)
                  0000a9b8    00000008     app_pem4f.oem4f (.const:xdc_runtime_Startup_lastFxns__C)
                  0000a9c0    00000004     app_pem4f.oem4f (.const:ti_catalog_arm_cortexm4_tiva_ce_Boot_A_mustUseEnhancedClockMode__C)
                  0000a9c4    00000004     app_pem4f.oem4f (.const:ti_catalog_arm_cortexm4_tiva_ce_Boot_Module__diagsEnabled__C)
                  0000a9c8    00000004     app_pem4f.oem4f (.const:ti_catalog_arm_cortexm4_tiva_ce_Boot_Module__diagsIncluded__C)
                  0000a9cc    00000004     app_pem4f.oem4f (.const:ti_catalog_arm_cortexm4_tiva_ce_Boot_Module__diagsMask__C)
                  0000a9d0    00000004     app_pem4f.oem4f (.const:ti_sysbios_family_arm_lm4_Timer_enableFunc__C)
                  0000a9d4    00000004     app_pem4f.oem4f (.const:ti_sysbios_family_arm_lm4_Timer_numTimerDevices__C)
                  0000a9d8    00000004     app_pem4f.oem4f (.const:ti_sysbios_family_arm_lm4_Timer_startupNeeded__C)
                  0000a9dc    00000004     app_pem4f.oem4f (.const:ti_sysbios_family_arm_m3_Hwi_E_NMI__C)
                  0000a9e0    00000004     app_pem4f.oem4f (.const:ti_sysbios_family_arm_m3_Hwi_E_alreadyDefined__C)
                  0000a9e4    00000004     app_pem4f.oem4f (.const:ti_sysbios_family_arm_m3_Hwi_E_badIntNum__C)
                  0000a9e8    00000004     app_pem4f.oem4f (.const:ti_sysbios_family_arm_m3_Hwi_E_busFault__C)
                  0000a9ec    00000004     app_pem4f.oem4f (.const:ti_sysbios_family_arm_m3_Hwi_E_debugMon__C)
                  0000a9f0    00000004     app_pem4f.oem4f (.const:ti_sysbios_family_arm_m3_Hwi_E_hardFault__C)
                  0000a9f4    00000004     app_pem4f.oem4f (.const:ti_sysbios_family_arm_m3_Hwi_E_memFault__C)
                  0000a9f8    00000004     app_pem4f.oem4f (.const:ti_sysbios_family_arm_m3_Hwi_E_noIsr__C)
                  0000a9fc    00000004     app_pem4f.oem4f (.const:ti_sysbios_family_arm_m3_Hwi_E_reserved__C)
                  0000aa00    00000004     app_pem4f.oem4f (.const:ti_sysbios_family_arm_m3_Hwi_E_svCall__C)
                  0000aa04    00000004     app_pem4f.oem4f (.const:ti_sysbios_family_arm_m3_Hwi_E_usageFault__C)
                  0000aa08    00000004     app_pem4f.oem4f (.const:ti_sysbios_family_arm_m3_Hwi_LD_end__C)
                  0000aa0c    00000004     app_pem4f.oem4f (.const:ti_sysbios_family_arm_m3_Hwi_LM_begin__C)
                  0000aa10    00000004     app_pem4f.oem4f (.const:ti_sysbios_family_arm_m3_Hwi_Module__diagsEnabled__C)
                  0000aa14    00000004     app_pem4f.oem4f (.const:ti_sysbios_family_arm_m3_Hwi_Module__diagsIncluded__C)
                  0000aa18    00000004     app_pem4f.oem4f (.const:ti_sysbios_family_arm_m3_Hwi_Module__diagsMask__C)
                  0000aa1c    00000004     app_pem4f.oem4f (.const:ti_sysbios_family_arm_m3_Hwi_Module__loggerFxn1__C)
                  0000aa20    00000004     app_pem4f.oem4f (.const:ti_sysbios_family_arm_m3_Hwi_Module__loggerFxn8__C)
                  0000aa24    00000004     app_pem4f.oem4f (.const:ti_sysbios_family_arm_m3_Hwi_Module__loggerObj__C)
                  0000aa28    00000004     app_pem4f.oem4f (.const:ti_sysbios_family_arm_m3_Hwi_NUM_INTERRUPTS__C)
                  0000aa2c    00000004     app_pem4f.oem4f (.const:ti_sysbios_family_arm_m3_Hwi_Object__count__C)
                  0000aa30    00000004     app_pem4f.oem4f (.const:ti_sysbios_family_arm_m3_Hwi_ccr__C)
                  0000aa34    00000004     app_pem4f.oem4f (.const:ti_sysbios_family_arm_m3_Hwi_excHandlerFunc__C)
                  0000aa38    00000004     app_pem4f.oem4f (.const:ti_sysbios_family_arm_m3_Hwi_excHookFuncs__C)
                  0000aa3c    00000004     app_pem4f.oem4f (.const:ti_sysbios_family_arm_m3_Hwi_nullIsrFunc__C)
                  0000aa40    00000004     app_pem4f.oem4f (.const:ti_sysbios_family_arm_m3_Hwi_priGroup__C)
                  0000aa44    00000004     app_pem4f.oem4f (.const:ti_sysbios_family_arm_m3_TaskSupport_stackAlignment__C)
                  0000aa48    00000004     app_pem4f.oem4f (.const:ti_sysbios_gates_GateMutexPri_A_badContext__C)
                  0000aa4c    00000004     app_pem4f.oem4f (.const:ti_sysbios_gates_GateMutexPri_A_enterTaskDisabled__C)
                  0000aa50    00000004     app_pem4f.oem4f (.const:ti_sysbios_gates_GateMutexPri_Instance_State_pendQ__O)
                  0000aa54    00000004     app_pem4f.oem4f (.const:ti_sysbios_gates_GateMutexPri_Module__diagsEnabled__C)
                  0000aa58    00000004     app_pem4f.oem4f (.const:ti_sysbios_gates_GateMutexPri_Module__diagsIncluded__C)
                  0000aa5c    00000004     app_pem4f.oem4f (.const:ti_sysbios_gates_GateMutexPri_Module__diagsMask__C)
                  0000aa60    00000004     app_pem4f.oem4f (.const:ti_sysbios_gates_GateMutex_A_badContext__C)
                  0000aa64    00000004     app_pem4f.oem4f (.const:ti_sysbios_gates_GateMutex_Instance_State_sem__O)
                  0000aa68    00000004     app_pem4f.oem4f (.const:ti_sysbios_gates_GateMutex_Module__diagsEnabled__C)
                  0000aa6c    00000004     app_pem4f.oem4f (.const:ti_sysbios_gates_GateMutex_Module__diagsIncluded__C)
                  0000aa70    00000004     app_pem4f.oem4f (.const:ti_sysbios_gates_GateMutex_Module__diagsMask__C)
                  0000aa74    00000004     app_pem4f.oem4f (.const:ti_sysbios_hal_Hwi_E_stackOverflow__C)
                  0000aa78    00000004     app_pem4f.oem4f (.const:ti_sysbios_heaps_HeapMem_A_align__C)
                  0000aa7c    00000004     app_pem4f.oem4f (.const:ti_sysbios_heaps_HeapMem_A_heapSize__C)
                  0000aa80    00000004     app_pem4f.oem4f (.const:ti_sysbios_heaps_HeapMem_A_invalidFree__C)
                  0000aa84    00000004     app_pem4f.oem4f (.const:ti_sysbios_heaps_HeapMem_A_zeroBlock__C)
                  0000aa88    00000004     app_pem4f.oem4f (.const:ti_sysbios_heaps_HeapMem_E_memory__C)
                  0000aa8c    00000004     app_pem4f.oem4f (.const:ti_sysbios_heaps_HeapMem_Module__diagsEnabled__C)
                  0000aa90    00000004     app_pem4f.oem4f (.const:ti_sysbios_heaps_HeapMem_Module__diagsIncluded__C)
                  0000aa94    00000004     app_pem4f.oem4f (.const:ti_sysbios_heaps_HeapMem_Module__diagsMask__C)
                  0000aa98    00000004     app_pem4f.oem4f (.const:ti_sysbios_heaps_HeapMem_Module__gateObj__C)
                  0000aa9c    00000004     app_pem4f.oem4f (.const:ti_sysbios_heaps_HeapMem_Object__count__C)
                  0000aaa0    00000004     app_pem4f.oem4f (.const:ti_sysbios_heaps_HeapMem_reqAlign__C)
                  0000aaa4    00000004     app_pem4f.oem4f (.const:ti_sysbios_knl_Clock_A_badThreadType__C)
                  0000aaa8    00000004     app_pem4f.oem4f (.const:ti_sysbios_knl_Clock_LM_begin__C)
                  0000aaac    00000004     app_pem4f.oem4f (.const:ti_sysbios_knl_Clock_LM_tick__C)
                  0000aab0    00000004     app_pem4f.oem4f (.const:ti_sysbios_knl_Clock_LW_delayed__C)
                  0000aab4    00000004     app_pem4f.oem4f (.const:ti_sysbios_knl_Clock_Module_State_clockQ__O)
                  0000aab8    00000004     app_pem4f.oem4f (.const:ti_sysbios_knl_Clock_Module__diagsEnabled__C)
                  0000aabc    00000004     app_pem4f.oem4f (.const:ti_sysbios_knl_Clock_Module__diagsIncluded__C)
                  0000aac0    00000004     app_pem4f.oem4f (.const:ti_sysbios_knl_Clock_Module__diagsMask__C)
                  0000aac4    00000004     app_pem4f.oem4f (.const:ti_sysbios_knl_Clock_Module__loggerFxn1__C)
                  0000aac8    00000004     app_pem4f.oem4f (.const:ti_sysbios_knl_Clock_Module__loggerFxn2__C)
                  0000aacc    00000004     app_pem4f.oem4f (.const:ti_sysbios_knl_Clock_Module__loggerObj__C)
                  0000aad0    00000004     app_pem4f.oem4f (.const:ti_sysbios_knl_Mailbox_A_invalidBufSize__C)
                  0000aad4    00000004     app_pem4f.oem4f (.const:ti_sysbios_knl_Mailbox_Instance_State_dataQue__O)
                  0000aad8    00000004     app_pem4f.oem4f (.const:ti_sysbios_knl_Mailbox_Instance_State_dataSem__O)
                  0000aadc    00000004     app_pem4f.oem4f (.const:ti_sysbios_knl_Mailbox_Instance_State_freeQue__O)
                  0000aae0    00000004     app_pem4f.oem4f (.const:ti_sysbios_knl_Mailbox_Instance_State_freeSem__O)
                  0000aae4    00000004     app_pem4f.oem4f (.const:ti_sysbios_knl_Mailbox_Module__diagsEnabled__C)
                  0000aae8    00000004     app_pem4f.oem4f (.const:ti_sysbios_knl_Mailbox_Module__diagsIncluded__C)
                  0000aaec    00000004     app_pem4f.oem4f (.const:ti_sysbios_knl_Mailbox_Module__diagsMask__C)
                  0000aaf0    00000004     app_pem4f.oem4f (.const:ti_sysbios_knl_Mailbox_Object__count__C)
                  0000aaf4    00000004     app_pem4f.oem4f (.const:ti_sysbios_knl_Mailbox_maxTypeAlign__C)
                  0000aaf8    00000004     app_pem4f.oem4f (.const:ti_sysbios_knl_Semaphore_A_badContext__C)
                  0000aafc    00000004     app_pem4f.oem4f (.const:ti_sysbios_knl_Semaphore_A_noEvents__C)
                  0000ab00    00000004     app_pem4f.oem4f (.const:ti_sysbios_knl_Semaphore_A_overflow__C)
                  0000ab04    00000004     app_pem4f.oem4f (.const:ti_sysbios_knl_Semaphore_A_pendTaskDisabled__C)
                  0000ab08    00000004     app_pem4f.oem4f (.const:ti_sysbios_knl_Semaphore_Instance_State_pendQ__O)
                  0000ab0c    00000004     app_pem4f.oem4f (.const:ti_sysbios_knl_Semaphore_LM_pend__C)
                  0000ab10    00000004     app_pem4f.oem4f (.const:ti_sysbios_knl_Semaphore_LM_post__C)
                  0000ab14    00000004     app_pem4f.oem4f (.const:ti_sysbios_knl_Semaphore_Module__diagsEnabled__C)
                  0000ab18    00000004     app_pem4f.oem4f (.const:ti_sysbios_knl_Semaphore_Module__diagsIncluded__C)
                  0000ab1c    00000004     app_pem4f.oem4f (.const:ti_sysbios_knl_Semaphore_Module__diagsMask__C)
                  0000ab20    00000004     app_pem4f.oem4f (.const:ti_sysbios_knl_Semaphore_Module__loggerFxn2__C)
                  0000ab24    00000004     app_pem4f.oem4f (.const:ti_sysbios_knl_Semaphore_Module__loggerFxn4__C)
                  0000ab28    00000004     app_pem4f.oem4f (.const:ti_sysbios_knl_Semaphore_Module__loggerObj__C)
                  0000ab2c    00000004     app_pem4f.oem4f (.const:ti_sysbios_knl_Swi_A_badPriority__C)
                  0000ab30    00000004     app_pem4f.oem4f (.const:ti_sysbios_knl_Swi_LD_end__C)
                  0000ab34    00000004     app_pem4f.oem4f (.const:ti_sysbios_knl_Swi_LM_begin__C)
                  0000ab38    00000004     app_pem4f.oem4f (.const:ti_sysbios_knl_Swi_LM_post__C)
                  0000ab3c    00000004     app_pem4f.oem4f (.const:ti_sysbios_knl_Swi_Module__diagsEnabled__C)
                  0000ab40    00000004     app_pem4f.oem4f (.const:ti_sysbios_knl_Swi_Module__diagsIncluded__C)
                  0000ab44    00000004     app_pem4f.oem4f (.const:ti_sysbios_knl_Swi_Module__diagsMask__C)
                  0000ab48    00000004     app_pem4f.oem4f (.const:ti_sysbios_knl_Swi_Module__loggerFxn1__C)
                  0000ab4c    00000004     app_pem4f.oem4f (.const:ti_sysbios_knl_Swi_Module__loggerFxn4__C)
                  0000ab50    00000004     app_pem4f.oem4f (.const:ti_sysbios_knl_Swi_Module__loggerObj__C)
                  0000ab54    00000004     app_pem4f.oem4f (.const:ti_sysbios_knl_Swi_Object__count__C)
                  0000ab58    00000004     app_pem4f.oem4f (.const:ti_sysbios_knl_Task_A_badPriority__C)
                  0000ab5c    00000004     app_pem4f.oem4f (.const:ti_sysbios_knl_Task_A_badTaskState__C)
                  0000ab60    00000004     app_pem4f.oem4f (.const:ti_sysbios_knl_Task_A_badThreadType__C)
                  0000ab64    00000004     app_pem4f.oem4f (.const:ti_sysbios_knl_Task_A_badTimeout__C)
                  0000ab68    00000004     app_pem4f.oem4f (.const:ti_sysbios_knl_Task_A_noPendElem__C)
                  0000ab6c    00000004     app_pem4f.oem4f (.const:ti_sysbios_knl_Task_A_sleepTaskDisabled__C)
                  0000ab70    00000004     app_pem4f.oem4f (.const:ti_sysbios_knl_Task_E_spOutOfBounds__C)
                  0000ab74    00000004     app_pem4f.oem4f (.const:ti_sysbios_knl_Task_E_stackOverflow__C)
                  0000ab78    00000004     app_pem4f.oem4f (.const:ti_sysbios_knl_Task_LD_block__C)
                  0000ab7c    00000004     app_pem4f.oem4f (.const:ti_sysbios_knl_Task_LD_exit__C)
                  0000ab80    00000004     app_pem4f.oem4f (.const:ti_sysbios_knl_Task_LD_ready__C)
                  0000ab84    00000004     app_pem4f.oem4f (.const:ti_sysbios_knl_Task_LM_setPri__C)
                  0000ab88    00000004     app_pem4f.oem4f (.const:ti_sysbios_knl_Task_LM_sleep__C)
                  0000ab8c    00000004     app_pem4f.oem4f (.const:ti_sysbios_knl_Task_LM_switch__C)
                  0000ab90    00000004     app_pem4f.oem4f (.const:ti_sysbios_knl_Task_Module_State_inactiveQ__O)
                  0000ab94    00000004     app_pem4f.oem4f (.const:ti_sysbios_knl_Task_Module__diagsEnabled__C)
                  0000ab98    00000004     app_pem4f.oem4f (.const:ti_sysbios_knl_Task_Module__diagsIncluded__C)
                  0000ab9c    00000004     app_pem4f.oem4f (.const:ti_sysbios_knl_Task_Module__diagsMask__C)
                  0000aba0    00000004     app_pem4f.oem4f (.const:ti_sysbios_knl_Task_Module__loggerFxn2__C)
                  0000aba4    00000004     app_pem4f.oem4f (.const:ti_sysbios_knl_Task_Module__loggerFxn4__C)
                  0000aba8    00000004     app_pem4f.oem4f (.const:ti_sysbios_knl_Task_Module__loggerObj__C)
                  0000abac    00000004     app_pem4f.oem4f (.const:ti_sysbios_knl_Task_Object__count__C)
                  0000abb0    00000004     app_pem4f.oem4f (.const:ti_sysbios_knl_Task_allBlockedFunc__C)
                  0000abb4    00000004     app_pem4f.oem4f (.const:ti_sysbios_knl_Task_defaultStackHeap__C)
                  0000abb8    00000004     app_pem4f.oem4f (.const:ti_sysbios_knl_Task_defaultStackSize__C)
                  0000abbc    00000004     app_pem4f.oem4f (.const:ti_sysbios_knl_Task_numConstructedTasks__C)
                  0000abc0    00000004     app_pem4f.oem4f (.const:ti_sysbios_utils_Load_LS_cpuLoad__C)
                  0000abc4    00000004     app_pem4f.oem4f (.const:ti_sysbios_utils_Load_Module__diagsEnabled__C)
                  0000abc8    00000004     app_pem4f.oem4f (.const:ti_sysbios_utils_Load_Module__diagsIncluded__C)
                  0000abcc    00000004     app_pem4f.oem4f (.const:ti_sysbios_utils_Load_Module__diagsMask__C)
                  0000abd0    00000004     app_pem4f.oem4f (.const:ti_sysbios_utils_Load_Module__loggerFxn1__C)
                  0000abd4    00000004     app_pem4f.oem4f (.const:ti_sysbios_utils_Load_Module__loggerObj__C)
                  0000abd8    00000004     app_pem4f.oem4f (.const:ti_sysbios_utils_Load_postUpdate__C)
                  0000abdc    00000004     app_pem4f.oem4f (.const:ti_sysbios_utils_Load_windowInMs__C)
                  0000abe0    00000004     app_pem4f.oem4f (.const:ti_uia_events_UIABenchmark_start__C)
                  0000abe4    00000004     app_pem4f.oem4f (.const:ti_uia_events_UIABenchmark_stop__C)
                  0000abe8    00000004     app_pem4f.oem4f (.const:ti_uia_loggers_LoggerStopMode_Module__diagsEnabled__C)
                  0000abec    00000004     app_pem4f.oem4f (.const:ti_uia_loggers_LoggerStopMode_Module__diagsIncluded__C)
                  0000abf0    00000004     app_pem4f.oem4f (.const:ti_uia_loggers_LoggerStopMode_Module__diagsMask__C)
                  0000abf4    00000004     app_pem4f.oem4f (.const:ti_uia_loggers_LoggerStopMode_Object__count__C)
                  0000abf8    00000004     app_pem4f.oem4f (.const:ti_uia_runtime_ILoggerSnapshot_Interface__BASE__C)
                  0000abfc    00000004     app_pem4f.oem4f (.const:ti_uia_runtime_IUIATransfer_Interface__BASE__C)
                  0000ac00    00000004     app_pem4f.oem4f (.const:xdc_runtime_Assert_E_assertFailed__C)
                  0000ac04    00000004     app_pem4f.oem4f (.const:xdc_runtime_Core_A_initializedParams__C)
                  0000ac08    00000004     app_pem4f.oem4f (.const:xdc_runtime_Core_Module__diagsEnabled__C)
                  0000ac0c    00000004     app_pem4f.oem4f (.const:xdc_runtime_Core_Module__diagsIncluded__C)
                  0000ac10    00000004     app_pem4f.oem4f (.const:xdc_runtime_Core_Module__diagsMask__C)
                  0000ac14    00000004     app_pem4f.oem4f (.const:xdc_runtime_Error_E_memory__C)
                  0000ac18    00000004     app_pem4f.oem4f (.const:xdc_runtime_Error_Module__diagsEnabled__C)
                  0000ac1c    00000004     app_pem4f.oem4f (.const:xdc_runtime_Error_Module__diagsIncluded__C)
                  0000ac20    00000004     app_pem4f.oem4f (.const:xdc_runtime_Error_Module__diagsMask__C)
                  0000ac24    00000004     app_pem4f.oem4f (.const:xdc_runtime_Error_Module__loggerFxn8__C)
                  0000ac28    00000004     app_pem4f.oem4f (.const:xdc_runtime_Error_Module__loggerObj__C)
                  0000ac2c    00000004     app_pem4f.oem4f (.const:xdc_runtime_Error_policyFxn__C)
                  0000ac30    00000004     app_pem4f.oem4f (.const:xdc_runtime_Error_raiseHook__C)
                  0000ac34    00000004     app_pem4f.oem4f (.const:xdc_runtime_IFilterLogger_Interface__BASE__C)
                  0000ac38    00000004     app_pem4f.oem4f (.const:xdc_runtime_IGateProvider_Interface__BASE__C)
                  0000ac3c    00000004     app_pem4f.oem4f (.const:xdc_runtime_IHeap_Interface__BASE__C)
                  0000ac40    00000004     app_pem4f.oem4f (.const:xdc_runtime_ILogger_Interface__BASE__C)
                  0000ac44    00000004     app_pem4f.oem4f (.const:xdc_runtime_IModule_Interface__BASE__C)
                  0000ac48    00000004     app_pem4f.oem4f (.const:xdc_runtime_Log_L_error__C)
                  0000ac4c    00000004     app_pem4f.oem4f (.const:xdc_runtime_LoggerBuf_E_badLevel__C)
                  0000ac50    00000004     app_pem4f.oem4f (.const:xdc_runtime_LoggerBuf_Module__gateObj__C)
                  0000ac54    00000004     app_pem4f.oem4f (.const:xdc_runtime_LoggerBuf_Object__count__C)
                  0000ac58    00000004     app_pem4f.oem4f (.const:xdc_runtime_LoggerBuf_statusLogger__C)
                  0000ac5c    00000004     app_pem4f.oem4f (.const:xdc_runtime_Main_Module__diagsEnabled__C)
                  0000ac60    00000004     app_pem4f.oem4f (.const:xdc_runtime_Main_Module__diagsIncluded__C)
                  0000ac64    00000004     app_pem4f.oem4f (.const:xdc_runtime_Main_Module__diagsMask__C)
                  0000ac68    00000004     app_pem4f.oem4f (.const:xdc_runtime_Main_Module__loggerFxn1__C)
                  0000ac6c    00000004     app_pem4f.oem4f (.const:xdc_runtime_Main_Module__loggerObj__C)
                  0000ac70    00000004     app_pem4f.oem4f (.const:xdc_runtime_Memory_defaultHeapInstance__C)
                  0000ac74    00000004     app_pem4f.oem4f (.const:xdc_runtime_Startup_execImpl__C)
                  0000ac78    00000004     app_pem4f.oem4f (.const:xdc_runtime_Startup_lastFxns__A)
                  0000ac7c    00000004     app_pem4f.oem4f (.const:xdc_runtime_Startup_maxPasses__C)
                  0000ac80    00000004     app_pem4f.oem4f (.const:xdc_runtime_Startup_sfxnRts__C)
                  0000ac84    00000004     app_pem4f.oem4f (.const:xdc_runtime_Startup_sfxnTab__C)
                  0000ac88    00000004     app_pem4f.oem4f (.const:xdc_runtime_SysMin_bufSize__C)
                  0000ac8c    00000004     app_pem4f.oem4f (.const:xdc_runtime_SysMin_outputFunc__C)
                  0000ac90    00000004     app_pem4f.oem4f (.const:xdc_runtime_System_Module__gateObj__C)
                  0000ac94    00000004     app_pem4f.oem4f (.const:xdc_runtime_System_abortFxn__C)
                  0000ac98    00000004     app_pem4f.oem4f (.const:xdc_runtime_System_exitFxn__C)
                  0000ac9c    00000004     app_pem4f.oem4f (.const:xdc_runtime_System_extendFxn__C)
                  0000aca0    00000004     app_pem4f.oem4f (.const:xdc_runtime_System_maxAtexitHandlers__C)
                  0000aca4    00000004     app_pem4f.oem4f (.const:xdc_runtime_Text_charTab__C)
                  0000aca8    00000004     app_pem4f.oem4f (.const:xdc_runtime_Text_nodeTab__C)
                  0000acac    00000004     app_pem4f.oem4f (.const:xdc_runtime_Text_visitRopeFxn__C)
                  0000acb0    00000002     app_pem4f.oem4f (.const:ti_catalog_arm_cortexm4_tiva_ce_Boot_Module__id__C)
                  0000acb2    00000002     app_pem4f.oem4f (.const:ti_sysbios_family_arm_lm4_TimestampProvider_useClockTimer__C)
                  0000acb4    00000002     app_pem4f.oem4f (.const:ti_sysbios_family_arm_m3_Hwi_Module__id__C)
                  0000acb6    00000002     app_pem4f.oem4f (.const:ti_sysbios_family_arm_m3_Hwi_Module__loggerDefined__C)
                  0000acb8    00000002     app_pem4f.oem4f (.const:ti_sysbios_gates_GateMutexPri_Module__id__C)
                  0000acba    00000002     app_pem4f.oem4f (.const:ti_sysbios_gates_GateMutex_Module__id__C)
                  0000acbc    00000002     app_pem4f.oem4f (.const:ti_sysbios_hal_Hwi_Module__id__C)
                  0000acbe    00000002     app_pem4f.oem4f (.const:ti_sysbios_heaps_HeapMem_Module__id__C)
                  0000acc0    00000002     app_pem4f.oem4f (.const:ti_sysbios_knl_Clock_Module__id__C)
                  0000acc2    00000002     app_pem4f.oem4f (.const:ti_sysbios_knl_Clock_Module__loggerDefined__C)
                  0000acc4    00000002     app_pem4f.oem4f (.const:ti_sysbios_knl_Mailbox_Module__id__C)
                  0000acc6    00000002     app_pem4f.oem4f (.const:ti_sysbios_knl_Semaphore_Module__id__C)
                  0000acc8    00000002     app_pem4f.oem4f (.const:ti_sysbios_knl_Semaphore_Module__loggerDefined__C)
                  0000acca    00000002     app_pem4f.oem4f (.const:ti_sysbios_knl_Swi_Module__id__C)
                  0000accc    00000002     app_pem4f.oem4f (.const:ti_sysbios_knl_Swi_Module__loggerDefined__C)
                  0000acce    00000002     app_pem4f.oem4f (.const:ti_sysbios_knl_Task_Module__id__C)
                  0000acd0    00000002     app_pem4f.oem4f (.const:ti_sysbios_knl_Task_Module__loggerDefined__C)
                  0000acd2    00000002     app_pem4f.oem4f (.const:ti_sysbios_utils_Load_Module__id__C)
                  0000acd4    00000002     app_pem4f.oem4f (.const:ti_sysbios_utils_Load_Module__loggerDefined__C)
                  0000acd6    00000002     app_pem4f.oem4f (.const:ti_sysbios_utils_Load_updateInIdle__C)
                  0000acd8    00000002     app_pem4f.oem4f (.const:ti_uia_loggers_LoggerStopMode_Module__id__C)
                  0000acda    00000002     app_pem4f.oem4f (.const:ti_uia_loggers_LoggerStopMode_isTimestampEnabled__C)
                  0000acdc    00000002     app_pem4f.oem4f (.const:xdc_runtime_Core_Module__id__C)
                  0000acde    00000002     app_pem4f.oem4f (.const:xdc_runtime_Error_Module__loggerDefined__C)
                  0000ace0    00000002     app_pem4f.oem4f (.const:xdc_runtime_Error_maxDepth__C)
                  0000ace2    00000002     app_pem4f.oem4f (.const:xdc_runtime_LoggerBuf_Module__id__C)
                  0000ace4    00000002     app_pem4f.oem4f (.const:xdc_runtime_LoggerBuf_filterByLevel__C)
                  0000ace6    00000002     app_pem4f.oem4f (.const:xdc_runtime_Main_Module__id__C)
                  0000ace8    00000002     app_pem4f.oem4f (.const:xdc_runtime_Main_Module__loggerDefined__C)
                  0000acea    00000002     app_pem4f.oem4f (.const:xdc_runtime_Memory_Module__id__C)
                  0000acec    00000002     app_pem4f.oem4f (.const:xdc_runtime_SysMin_flushAtExit__C)
                  0000acee    00000002     app_pem4f.oem4f (.const:xdc_runtime_Text_isLoaded__C)
                  0000acf0    00000002     app_pem4f.oem4f (.const:xdc_runtime_Text_registryModsLastId__C)
                  0000acf2    00000002     app_pem4f.oem4f (.const:xdc_runtime_Text_unnamedModsLastId__C)
                  0000acf4    00000001     app_pem4f.oem4f (.const:xdc_runtime_Error_policy__C)

.cinit     0    0000acf8    00000280     
                  0000acf8    0000025c     (.cinit..data.load) [load image, compression = lzss]
                  0000af54    0000000c     (__TI_handler_table)
                  0000af60    00000008     (.cinit..bss.load) [load image, compression = zero_init]
                  0000af68    00000010     (__TI_cinit_table)

.init_array 
*          0    00000000    00000000     UNINITIALIZED

.bss       0    20000380    00004cb0     UNINITIALIZED
                  20000380    00003000     (.common:ti_sysbios_heaps_HeapMem_Instance_State_0_buf__A)
                  20003380    00000800     app_pem4f.oem4f (.bss:taskStackSection)
                  20003b80    00000400     (.common:ti_uia_loggers_LoggerStopMode_Instance_State_1_packetArray__A)
                  20003f80    00000400     (.common:ti_uia_loggers_LoggerStopMode_Instance_State_2_packetArray__A)
                  20004380    00000360     (.common:ti_sysbios_family_arm_m3_Hwi_dispatchTable)
                  200046e0    00000018     (.common:prms)
                  200046f8    00000008     (.common:parmbuf)
                  20004700    00000200     (.common:ti_uia_loggers_LoggerStopMode_Instance_State_0_packetArray__A)
                  20004900    00000200     (.common:xdc_runtime_LoggerBuf_Instance_State_0_entryArr__A)
                  20004b00    00000200     (.common:xdc_runtime_SysMin_Module_State_0_outbuf__A)
                  20004d00    00000120     rtsv7M4_T_le_v4SPD16_eabi.lib : trgmsg.c.obj (.bss:_CIOBUF_)
                  20004e20    00000044     (.common:taskParams)
                  20004e64    00000034     (.common:MbxParams)
                  20004e98    0000002c     (.common:hwiParams)
                  20004ec4    00000028     (.common:swiParams)
                  20004eec    00000004     (.common:EvClock)
                  20004ef0    00000004     (.common:Event_Queue)
                  20004ef4    00000004     (.common:S1)
                  20004ef8    00000004     (.common:S2)
                  20004efc    00000004     (.common:myHwi)
                  20004f00    00000030     (.common:ti_uia_loggers_LoggerStopMode_Instance_State_0_hdr__A)
                  20004f30    00000024     (.common:Ev_clockParams)
                  20004f54    00000024     (.common:clockParams)
                  20004f78    00000004     (.common:mySwi)
                  20004f7c    00000004     (.common:task1_sem)
                  20004f80    00000030     (.common:ti_uia_loggers_LoggerStopMode_Instance_State_1_hdr__A)
                  20004fb0    00000024     (.common:semaphoreParams)
                  20004fd4    00000004     (.common:task2_sem)
                  20004fd8    00000004     (.common:task3_sem)
                  20004fdc    00000004     (.common:tsk1)
                  20004fe0    00000004     (.common:tsk1Clock)
                  20004fe4    00000004     (.common:tsk2)
                  20004fe8    00000004     (.common:tsk2Clock)
                  20004fec    00000004     (.common:tsk3)
                  20004ff0    00000004     (.common:tsk3Clock)
                  20004ff4    00000004     (.common:tskSS)
                  20004ff8    00000008     --HOLE--
                  20005000    00000030     (.common:ti_uia_loggers_LoggerStopMode_Instance_State_2_hdr__A)

.data      0    20007030    00000639     UNINITIALIZED
                  20007030    0000009c     app_pem4f.oem4f (.data:ti_uia_loggers_LoggerStopMode_Object__table__V)
                  200070cc    00000098     app_pem4f.oem4f (.data:ti_sysbios_utils_Load_Module__state__V)
                  20007164    00000080     app_pem4f.oem4f (.data:ti_sysbios_family_arm_lm4_Timer_Object__table__V)
[...]
0000aaec  ti_sysbios_knl_Mailbox_Module__diagsMask__C                       
0000aaf0  ti_sysbios_knl_Mailbox_Object__count__C                           
0000aaf4  ti_sysbios_knl_Mailbox_maxTypeAlign__C                            
0000aaf8  ti_sysbios_knl_Semaphore_A_badContext__C                          
0000aafc  ti_sysbios_knl_Semaphore_A_noEvents__C                            
0000ab00  ti_sysbios_knl_Semaphore_A_overflow__C                            
0000ab04  ti_sysbios_knl_Semaphore_A_pendTaskDisabled__C                    
0000ab08  ti_sysbios_knl_Semaphore_Instance_State_pendQ__O                  
0000ab0c  ti_sysbios_knl_Semaphore_LM_pend__C                               
0000ab10  ti_sysbios_knl_Semaphore_LM_post__C                               
0000ab14  ti_sysbios_knl_Semaphore_Module__diagsEnabled__C                  
0000ab18  ti_sysbios_knl_Semaphore_Module__diagsIncluded__C                 
0000ab1c  ti_sysbios_knl_Semaphore_Module__diagsMask__C                     
0000ab20  ti_sysbios_knl_Semaphore_Module__loggerFxn2__C                    
0000ab24  ti_sysbios_knl_Semaphore_Module__loggerFxn4__C                    
0000ab28  ti_sysbios_knl_Semaphore_Module__loggerObj__C                     
0000ab2c  ti_sysbios_knl_Swi_A_badPriority__C                               
0000ab30  ti_sysbios_knl_Swi_LD_end__C                                      
0000ab34  ti_sysbios_knl_Swi_LM_begin__C                                    
0000ab38  ti_sysbios_knl_Swi_LM_post__C                                     
0000ab3c  ti_sysbios_knl_Swi_Module__diagsEnabled__C                        
0000ab40  ti_sysbios_knl_Swi_Module__diagsIncluded__C                       
0000ab44  ti_sysbios_knl_Swi_Module__diagsMask__C                           
0000ab48  ti_sysbios_knl_Swi_Module__loggerFxn1__C                          
0000ab4c  ti_sysbios_knl_Swi_Module__loggerFxn4__C                          
0000ab50  ti_sysbios_knl_Swi_Module__loggerObj__C                           
0000ab54  ti_sysbios_knl_Swi_Object__count__C                               
0000ab58  ti_sysbios_knl_Task_A_badPriority__C                              
0000ab5c  ti_sysbios_knl_Task_A_badTaskState__C                             
0000ab60  ti_sysbios_knl_Task_A_badThreadType__C                            
0000ab64  ti_sysbios_knl_Task_A_badTimeout__C                               
0000ab68  ti_sysbios_knl_Task_A_noPendElem__C                               
0000ab6c  ti_sysbios_knl_Task_A_sleepTaskDisabled__C                        
0000ab70  ti_sysbios_knl_Task_E_spOutOfBounds__C                            
0000ab74  ti_sysbios_knl_Task_E_stackOverflow__C                            
0000ab78  ti_sysbios_knl_Task_LD_block__C                                   
0000ab7c  ti_sysbios_knl_Task_LD_exit__C                                    
0000ab80  ti_sysbios_knl_Task_LD_ready__C                                   
0000ab84  ti_sysbios_knl_Task_LM_setPri__C                                  
0000ab88  ti_sysbios_knl_Task_LM_sleep__C                                   
0000ab8c  ti_sysbios_knl_Task_LM_switch__C                                  
0000ab90  ti_sysbios_knl_Task_Module_State_inactiveQ__O                     
0000ab94  ti_sysbios_knl_Task_Module__diagsEnabled__C                       
0000ab98  ti_sysbios_knl_Task_Module__diagsIncluded__C                      
0000ab9c  ti_sysbios_knl_Task_Module__diagsMask__C                          
0000aba0  ti_sysbios_knl_Task_Module__loggerFxn2__C                         
0000aba4  ti_sysbios_knl_Task_Module__loggerFxn4__C                         
0000aba8  ti_sysbios_knl_Task_Module__loggerObj__C                          
0000abac  ti_sysbios_knl_Task_Object__count__C                              
0000abb0  ti_sysbios_knl_Task_allBlockedFunc__C                             
0000abb4  ti_sysbios_knl_Task_defaultStackHeap__C                           
0000abb8  ti_sysbios_knl_Task_defaultStackSize__C                           
0000abbc  ti_sysbios_knl_Task_numConstructedTasks__C                        
0000abc0  ti_sysbios_utils_Load_LS_cpuLoad__C                               
0000abc4  ti_sysbios_utils_Load_Module__diagsEnabled__C                     
0000abc8  ti_sysbios_utils_Load_Module__diagsIncluded__C                    
0000abcc  ti_sysbios_utils_Load_Module__diagsMask__C                        
0000abd0  ti_sysbios_utils_Load_Module__loggerFxn1__C                       
0000abd4  ti_sysbios_utils_Load_Module__loggerObj__C                        
0000abd8  ti_sysbios_utils_Load_postUpdate__C                               
0000abdc  ti_sysbios_utils_Load_windowInMs__C                               
0000abe0  ti_uia_events_UIABenchmark_start__C                               
0000abe4  ti_uia_events_UIABenchmark_stop__C                                
0000abe8  ti_uia_loggers_LoggerStopMode_Module__diagsEnabled__C             
0000abec  ti_uia_loggers_LoggerStopMode_Module__diagsIncluded__C            
0000abf0  ti_uia_loggers_LoggerStopMode_Module__diagsMask__C                
0000abf4  ti_uia_loggers_LoggerStopMode_Object__count__C                    
0000abf8  ti_uia_runtime_ILoggerSnapshot_Interface__BASE__C                 
0000abfc  ti_uia_runtime_IUIATransfer_Interface__BASE__C                    
0000ac00  xdc_runtime_Assert_E_assertFailed__C                              
0000ac04  xdc_runtime_Core_A_initializedParams__C                           
0000ac08  xdc_runtime_Core_Module__diagsEnabled__C                          
0000ac0c  xdc_runtime_Core_Module__diagsIncluded__C                         
0000ac10  xdc_runtime_Core_Module__diagsMask__C                             
0000ac14  xdc_runtime_Error_E_memory__C                                     
0000ac18  xdc_runtime_Error_Module__diagsEnabled__C                         
0000ac1c  xdc_runtime_Error_Module__diagsIncluded__C                        
0000ac20  xdc_runtime_Error_Module__diagsMask__C                            
0000ac24  xdc_runtime_Error_Module__loggerFxn8__C                           
0000ac28  xdc_runtime_Error_Module__loggerObj__C                            
0000ac2c  xdc_runtime_Error_policyFxn__C                                    
0000ac30  xdc_runtime_Error_raiseHook__C                                    
0000ac34  xdc_runtime_IFilterLogger_Interface__BASE__C                      
0000ac38  xdc_runtime_IGateProvider_Interface__BASE__C                      
0000ac3c  xdc_runtime_IHeap_Interface__BASE__C                              
0000ac40  xdc_runtime_ILogger_Interface__BASE__C                            
0000ac44  xdc_runtime_IModule_Interface__BASE__C                            
0000ac48  xdc_runtime_Log_L_error__C                                        
0000ac4c  xdc_runtime_LoggerBuf_E_badLevel__C                               
0000ac50  xdc_runtime_LoggerBuf_Module__gateObj__C                          
0000ac54  xdc_runtime_LoggerBuf_Object__count__C                            
0000ac58  xdc_runtime_LoggerBuf_statusLogger__C                             
0000ac5c  xdc_runtime_Main_Module__diagsEnabled__C                          
0000ac60  xdc_runtime_Main_Module__diagsIncluded__C                         
0000ac64  xdc_runtime_Main_Module__diagsMask__C                             
0000ac68  xdc_runtime_Main_Module__loggerFxn1__C                            
0000ac6c  xdc_runtime_Main_Module__loggerObj__C                             
0000ac70  xdc_runtime_Memory_defaultHeapInstance__C                         
0000ac74  xdc_runtime_Startup_execImpl__C                                   
0000ac78  xdc_runtime_Startup_lastFxns__A                                   
0000ac7c  xdc_runtime_Startup_maxPasses__C                                  
0000ac80  xdc_runtime_Startup_sfxnRts__C                                    
0000ac84  xdc_runtime_Startup_sfxnTab__C                                    
0000ac88  xdc_runtime_SysMin_bufSize__C                                     
0000ac8c  xdc_runtime_SysMin_outputFunc__C                                  
0000ac90  xdc_runtime_System_Module__gateObj__C                             
0000ac94  xdc_runtime_System_abortFxn__C                                    
0000ac98  xdc_runtime_System_exitFxn__C                                     
0000ac9c  xdc_runtime_System_extendFxn__C                                   
0000aca0  xdc_runtime_System_maxAtexitHandlers__C                           
0000aca4  xdc_runtime_Text_charTab__C                                       
0000aca8  xdc_runtime_Text_nodeTab__C                                       
0000acac  xdc_runtime_Text_visitRopeFxn__C                                  
0000acb0  ti_catalog_arm_cortexm4_tiva_ce_Boot_Module__id__C                
0000acb2  ti_sysbios_family_arm_lm4_TimestampProvider_useClockTimer__C      
0000acb4  ti_sysbios_family_arm_m3_Hwi_Module__id__C                        
0000acb6  ti_sysbios_family_arm_m3_Hwi_Module__loggerDefined__C             
0000acb8  ti_sysbios_gates_GateMutexPri_Module__id__C                       
0000acba  ti_sysbios_gates_GateMutex_Module__id__C                          
0000acbc  ti_sysbios_hal_Hwi_Module__id__C                                  
0000acbe  ti_sysbios_heaps_HeapMem_Module__id__C                            
0000acc0  ti_sysbios_knl_Clock_Module__id__C                                
0000acc2  ti_sysbios_knl_Clock_Module__loggerDefined__C                     
0000acc4  ti_sysbios_knl_Mailbox_Module__id__C                              
0000acc6  ti_sysbios_knl_Semaphore_Module__id__C                            
0000acc8  ti_sysbios_knl_Semaphore_Module__loggerDefined__C                 
0000acca  ti_sysbios_knl_Swi_Module__id__C                                  
0000accc  ti_sysbios_knl_Swi_Module__loggerDefined__C                       
0000acce  ti_sysbios_knl_Task_Module__id__C                                 
0000acd0  ti_sysbios_knl_Task_Module__loggerDefined__C                      
0000acd2  ti_sysbios_utils_Load_Module__id__C                               
0000acd4  ti_sysbios_utils_Load_Module__loggerDefined__C                    
0000acd6  ti_sysbios_utils_Load_updateInIdle__C                             
0000acd8  ti_uia_loggers_LoggerStopMode_Module__id__C                       
0000acda  ti_uia_loggers_LoggerStopMode_isTimestampEnabled__C               
0000acdc  xdc_runtime_Core_Module__id__C                                    
0000acde  xdc_runtime_Error_Module__loggerDefined__C                        
0000ace0  xdc_runtime_Error_maxDepth__C                                     
0000ace2  xdc_runtime_LoggerBuf_Module__id__C                               
0000ace4  xdc_runtime_LoggerBuf_filterByLevel__C                            
0000ace6  xdc_runtime_Main_Module__id__C                                    
0000ace8  xdc_runtime_Main_Module__loggerDefined__C                         
0000acea  xdc_runtime_Memory_Module__id__C                                  
0000acec  xdc_runtime_SysMin_flushAtExit__C                                 
0000acee  xdc_runtime_Text_isLoaded__C                                      
0000acf0  xdc_runtime_Text_registryModsLastId__C                            
0000acf2  xdc_runtime_Text_unnamedModsLastId__C                             
0000acf4  xdc_runtime_Error_policy__C                                       
0000acf8  __TI_static_base__                                                
0000af54  __TI_Handler_Table_Base                                           
0000af60  __TI_Handler_Table_Limit                                          
0000af68  __TI_CINIT_Base                                                   
0000af78  __TI_CINIT_Limit                                                  
20000000  ti_sysbios_family_arm_m3_Hwi_ramVectors                           
20000380  ti_sysbios_heaps_HeapMem_Instance_State_0_buf__A                  
20003380  ti_sysbios_knl_Task_Instance_State_0_stack__A                     
20003b80  ti_uia_loggers_LoggerStopMode_Instance_State_1_packetArray__A     
20003f80  ti_uia_loggers_LoggerStopMode_Instance_State_2_packetArray__A     
20004380  ti_sysbios_family_arm_m3_Hwi_dispatchTable                        
200046e0  prms                                                              
200046f8  parmbuf                                                           
20004700  ti_uia_loggers_LoggerStopMode_Instance_State_0_packetArray__A     
20004900  xdc_runtime_LoggerBuf_Instance_State_0_entryArr__A                
20004b00  xdc_runtime_SysMin_Module_State_0_outbuf__A                       
20004d00  __CIOBUF_                                                         
20004e20  taskParams                                                        
20004e64  MbxParams                                                         
20004e98  hwiParams                                                         
20004ec4  swiParams                                                         
20004eec  EvClock                                                           
20004ef0  Event_Queue                                                       
20004ef4  S1                                                                
20004ef8  S2                                                                
20004efc  myHwi                                                             
20004f00  ti_uia_loggers_LoggerStopMode_Instance_State_0_hdr__A             
20004f30  Ev_clockParams                                                    
20004f54  clockParams                                                       
20004f78  mySwi                                                             
20004f7c  task1_sem                                                         
20004f80  ti_uia_loggers_LoggerStopMode_Instance_State_1_hdr__A             
20004fb0  semaphoreParams                                                   
20004fd4  task2_sem                                                         
20004fd8  task3_sem                                                         
20004fdc  tsk1                                                              
20004fe0  tsk1Clock                                                         
20004fe4  tsk2                                                              
20004fe8  tsk2Clock                                                         
20004fec  tsk3                                                              
20004ff0  tsk3Clock                                                         
20004ff4  tskSS                                                             
20005000  ti_uia_loggers_LoggerStopMode_Instance_State_2_hdr__A             
20005030  __stack                                                           
20007030  __STACK_END                                                       
20007030  ti_uia_loggers_LoggerStopMode_Object__table__V                    
200070cc  ti_sysbios_utils_Load_Module__state__V                            
20007164  ti_sysbios_family_arm_lm4_Timer_Object__table__V                  
200071e4  ti_sysbios_knl_Swi_Module_State_0_readyQ__A                       
20007264  ti_sysbios_knl_Task_Module_State_0_readyQ__A                      
200072e4  ti_sysbios_knl_Task_Object__table__V                              
20007340  ti_sysbios_knl_Task_Module__state__V                              
20007388  ti_sysbios_gates_GateMutex_Object__table__V                       
200073c0  ti_sysbios_family_arm_m3_Hwi_Module__state__V                     
200073f4  ti_sysbios_family_arm_lm4_Timer_Module_State_0_device__A          
20007424  ti_sysbios_family_arm_m3_Hwi_Object__table__V                     
20007454  ti_sysbios_knl_Swi_Object__table__V                               
20007484  ti_sysbios_knl_Clock_Module__state__V                             
200074b0  ti_sysbios_BIOS_Module__state__V                                  
200074d4  xdc_runtime_LoggerBuf_Object__table__V                            
200074f8  xdc_runtime_Error_IgnoreBlock                                     
20007518  ti_sysbios_knl_Swi_Module__state__V                               
20007534  ti_sysbios_family_arm_lm4_Timer_Module_State_0_handles__A         
2000754c  ti_sysbios_heaps_HeapMem_Object__table__V                         
20007564  xdc_runtime_System_Module_State_0_atexitHandlers__A               
20007574  ti_sysbios_family_arm_lm4_Timer_Module__state__V                  
20007580  ti_sysbios_knl_Task_Module__root__V                               
2000758c  ti_uia_runtime_QueueDescriptor_Module__state__V                   
20007598  xdc_runtime_SysMin_Module__state__V                               
200075a4  _lock                                                             
200075a8  _unlock                                                           
200075ac  ti_uia_runtime_QueueDescriptor_gPtrToFirstDescriptor              
200075b0  ti_uia_runtime_QueueDescriptor_gUpdateCount                       
200075b4  ti_sysbios_family_arm_lm4_TimestampProvider_Module__state__V      
200075bc  ti_sysbios_family_arm_m3_Hwi_Module__root__V                      
200075c4  ti_sysbios_gates_GateHwi_Module__root__V                          
200075cc  ti_sysbios_gates_GateMutexPri_Module__root__V                     
200075d4  ti_sysbios_gates_GateMutex_Module__root__V                        
200075dc  ti_sysbios_hal_Hwi_Module__root__V                                
200075e4  ti_sysbios_heaps_HeapMem_Module__root__V                          
200075ec  ti_sysbios_knl_Clock_Module__root__V                              
200075f4  ti_sysbios_knl_Mailbox_Module__root__V                            
200075fc  ti_sysbios_knl_Queue_Module__root__V                              
20007604  ti_sysbios_knl_Semaphore_Module__root__V                          
2000760c  ti_sysbios_knl_Swi_Module__root__V                                
20007614  ti_uia_loggers_LoggerStopMode_Module__root__V                     
2000761c  xdc_runtime_LoggerBuf_Module__root__V                             
20007624  xdc_runtime_Registry_Module__state__V                             
2000762c  xdc_runtime_Startup_Module__state__V                              
20007634  xdc_runtime_System_Module__state__V                               
2000763c  xdc_runtime_LoggerBuf_Module__state__V                            
20007642  ti_sysbios_family_arm_m3_Hwi_Module_State_0_excActive__A          
20007644  main_func_sp                                                      
20007648  ti_sysbios_family_arm_m3_Hwi_Module_State_0_excContext__A         
2000764c  ti_sysbios_family_arm_m3_Hwi_Module_State_0_excStack__A           
20007650  ti_sysbios_gates_GateHwi_Object__table__V                         
20007654  ti_sysbios_knl_Task_Module_State_0_idleTask__A                    
20007658  ti_sysbios_utils_Load_Module_State_0_runningTask__A               
2000765c  ti_sysbios_utils_Load_Module_State_0_taskStartTime__A             
20007660  xdc_runtime_Memory_Module__state__V                               
20007664  xdc_runtime_Error_Module__state__V                                
20007666  xdc_runtime_Main_Module__root__V                                  
e000e000  ti_sysbios_family_arm_m3_Hwi_nvic                                 
ffffffff  __TI_pprof_out_hndl                                               
ffffffff  __TI_prof_data_size                                               
ffffffff  __TI_prof_data_start                                              
ffffffff  __binit__                                                         
ffffffff  __c_args__                                                        
ffffffff  binit                                                             
UNDEFED   SHT$$INIT_ARRAY$$Base                                             
UNDEFED   SHT$$INIT_ARRAY$$Limit                                            

[822 symbols]
